Archive member included to satisfy reference by file (symbol)

d:/avr/avr8-gnu-toolchain/bin/../lib/gcc/avr/4.9.2/avr5\libgcc.a(_exit.o)
                              d:/avr/avr8-gnu-toolchain/bin/../lib/gcc/avr/4.9.2/../../../../avr/lib/avr5/crtatmega32u4.o (exit)
d:/avr/avr8-gnu-toolchain/bin/../lib/gcc/avr/4.9.2/avr5\libgcc.a(_copy_data.o)
                              MIDI.o (__do_copy_data)
d:/avr/avr8-gnu-toolchain/bin/../lib/gcc/avr/4.9.2/avr5\libgcc.a(_clear_bss.o)
                              lufa/LUFA/Drivers/USB/Core/DeviceStandardReq.o (__do_clear_bss)
d:/avr/avr8-gnu-toolchain/bin/../lib/gcc/avr/4.9.2/../../../../avr/lib/avr5\libc.a(memcpy_P.o)
                              lufa/LUFA/Drivers/USB/Class/Device/RNDISClassDevice.o (memcpy_P)
d:/avr/avr8-gnu-toolchain/bin/../lib/gcc/avr/4.9.2/../../../../avr/lib/avr5\libc.a(strlen_P.o)
                              lufa/LUFA/Drivers/USB/Class/Device/CDCClassDevice.o (__strlen_P)
d:/avr/avr8-gnu-toolchain/bin/../lib/gcc/avr/4.9.2/../../../../avr/lib/avr5\libc.a(memcmp.o)
                              lufa/LUFA/Drivers/USB/Class/Device/HIDClassDevice.o (memcmp)
d:/avr/avr8-gnu-toolchain/bin/../lib/gcc/avr/4.9.2/../../../../avr/lib/avr5\libc.a(memcpy.o)
                              lufa/LUFA/Drivers/USB/Class/Device/HIDClassDevice.o (memcpy)
d:/avr/avr8-gnu-toolchain/bin/../lib/gcc/avr/4.9.2/../../../../avr/lib/avr5\libc.a(memset.o)
                              lufa/LUFA/Drivers/USB/Class/Device/HIDClassDevice.o (memset)
d:/avr/avr8-gnu-toolchain/bin/../lib/gcc/avr/4.9.2/../../../../avr/lib/avr5\libatmega32u4.a(eerd_byte.o)
                              lufa/LUFA/Drivers/USB/Core/AVR8/EndpointStream_AVR8.o (eeprom_read_byte)
d:/avr/avr8-gnu-toolchain/bin/../lib/gcc/avr/4.9.2/../../../../avr/lib/avr5\libatmega32u4.a(eeupd_byte.o)
                              lufa/LUFA/Drivers/USB/Core/AVR8/EndpointStream_AVR8.o (eeprom_update_byte)

Allocating common symbols
Common symbol       size              file

USB_IsInitialized   0x1               lufa/LUFA/Drivers/USB/Core/USBTask.o
USB_DeviceState     0x1               lufa/LUFA/Drivers/USB/Core/USBTask.o
USB_Device_ConfigurationNumber
                    0x1               lufa/LUFA/Drivers/USB/Core/DeviceStandardReq.o
USB_Device_CurrentlySelfPowered
                    0x1               lufa/LUFA/Drivers/USB/Core/DeviceStandardReq.o
USB_ControlRequest  0x8               lufa/LUFA/Drivers/USB/Core/USBTask.o
USB_Device_RemoteWakeupEnabled
                    0x1               lufa/LUFA/Drivers/USB/Core/DeviceStandardReq.o

Discarded input sections

 .data          0x00000000        0x0 d:/avr/avr8-gnu-toolchain/bin/../lib/gcc/avr/4.9.2/../../../../avr/lib/avr5/crtatmega32u4.o
 .bss           0x00000000        0x0 d:/avr/avr8-gnu-toolchain/bin/../lib/gcc/avr/4.9.2/../../../../avr/lib/avr5/crtatmega32u4.o
 .text          0x00000000        0x0 MIDI.o
 .bss           0x00000000        0x0 MIDI.o
 .text          0x00000000        0x0 Descriptors.o
 .data          0x00000000        0x0 Descriptors.o
 .bss           0x00000000        0x0 Descriptors.o
 .text          0x00000000        0x0 lufa/LUFA/Drivers/USB/Class/Common/HIDParser.o
 .data          0x00000000        0x0 lufa/LUFA/Drivers/USB/Class/Common/HIDParser.o
 .bss           0x00000000        0x0 lufa/LUFA/Drivers/USB/Class/Common/HIDParser.o
 .text.USB_ProcessHIDReport
                0x00000000      0x6d2 lufa/LUFA/Drivers/USB/Class/Common/HIDParser.o
 .text.USB_GetHIDReportItemInfo
                0x00000000       0xbc lufa/LUFA/Drivers/USB/Class/Common/HIDParser.o
 .text.USB_SetHIDReportItemInfo
                0x00000000       0xce lufa/LUFA/Drivers/USB/Class/Common/HIDParser.o
 .text.USB_GetHIDReportSize
                0x00000000       0x54 lufa/LUFA/Drivers/USB/Class/Common/HIDParser.o
 .debug_info    0x00000000      0x738 lufa/LUFA/Drivers/USB/Class/Common/HIDParser.o
 .debug_abbrev  0x00000000      0x21e lufa/LUFA/Drivers/USB/Class/Common/HIDParser.o
 .debug_loc     0x00000000      0xb5e lufa/LUFA/Drivers/USB/Class/Common/HIDParser.o
 .debug_aranges
                0x00000000       0x38 lufa/LUFA/Drivers/USB/Class/Common/HIDParser.o
 .debug_ranges  0x00000000       0xd0 lufa/LUFA/Drivers/USB/Class/Common/HIDParser.o
 .debug_line    0x00000000      0x582 lufa/LUFA/Drivers/USB/Class/Common/HIDParser.o
 .debug_str     0x00000000      0x6c1 lufa/LUFA/Drivers/USB/Class/Common/HIDParser.o
 .comment       0x00000000       0x31 lufa/LUFA/Drivers/USB/Class/Common/HIDParser.o
 .debug_frame   0x00000000      0x128 lufa/LUFA/Drivers/USB/Class/Common/HIDParser.o
 .text          0x00000000        0x0 lufa/LUFA/Drivers/USB/Core/AVR8/Device_AVR8.o
 .data          0x00000000        0x0 lufa/LUFA/Drivers/USB/Core/AVR8/Device_AVR8.o
 .bss           0x00000000        0x0 lufa/LUFA/Drivers/USB/Core/AVR8/Device_AVR8.o
 .text.USB_Device_SendRemoteWakeup
                0x00000000       0x2c lufa/LUFA/Drivers/USB/Core/AVR8/Device_AVR8.o
[...]
Memory Configuration

Name             Origin             Length             Attributes
text             0x00000000         0x00020000         xr
data             0x00800060         0x0000ffa0         rw !x
eeprom           0x00810000         0x00010000         rw !x
fuse             0x00820000         0x00000400         rw !x
lock             0x00830000         0x00000400         rw !x
signature        0x00840000         0x00000400         rw !x
user_signatures  0x00850000         0x00000400         rw !x
*default*        0x00000000         0xffffffff

Linker script and memory map

Address of section .data set to 0x800100
LOAD d:/avr/avr8-gnu-toolchain/bin/../lib/gcc/avr/4.9.2/../../../../avr/lib/avr5/crtatmega32u4.o
LOAD MIDI.o
LOAD Descriptors.o
LOAD lufa/LUFA/Drivers/USB/Class/Common/HIDParser.o
LOAD lufa/LUFA/Drivers/USB/Core/AVR8/Device_AVR8.o
LOAD lufa/LUFA/Drivers/USB/Core/AVR8/EndpointStream_AVR8.o
LOAD lufa/LUFA/Drivers/USB/Core/AVR8/Endpoint_AVR8.o
LOAD lufa/LUFA/Drivers/USB/Core/AVR8/Host_AVR8.o
LOAD lufa/LUFA/Drivers/USB/Core/AVR8/PipeStream_AVR8.o
LOAD lufa/LUFA/Drivers/USB/Core/AVR8/Pipe_AVR8.o
LOAD lufa/LUFA/Drivers/USB/Core/AVR8/USBController_AVR8.o
LOAD lufa/LUFA/Drivers/USB/Core/AVR8/USBInterrupt_AVR8.o
LOAD lufa/LUFA/Drivers/USB/Core/ConfigDescriptors.o
LOAD lufa/LUFA/Drivers/USB/Core/DeviceStandardReq.o
LOAD lufa/LUFA/Drivers/USB/Core/Events.o
LOAD lufa/LUFA/Drivers/USB/Core/HostStandardReq.o
LOAD lufa/LUFA/Drivers/USB/Core/USBTask.o
LOAD lufa/LUFA/Drivers/USB/Class/Device/AudioClassDevice.o
LOAD lufa/LUFA/Drivers/USB/Class/Device/CDCClassDevice.o
LOAD lufa/LUFA/Drivers/USB/Class/Device/HIDClassDevice.o
LOAD lufa/LUFA/Drivers/USB/Class/Device/MassStorageClassDevice.o
LOAD lufa/LUFA/Drivers/USB/Class/Device/MIDIClassDevice.o
LOAD lufa/LUFA/Drivers/USB/Class/Device/PrinterClassDevice.o
LOAD lufa/LUFA/Drivers/USB/Class/Device/RNDISClassDevice.o
LOAD lufa/LUFA/Drivers/USB/Class/Host/AndroidAccessoryClassHost.o
LOAD lufa/LUFA/Drivers/USB/Class/Host/AudioClassHost.o
LOAD lufa/LUFA/Drivers/USB/Class/Host/CDCClassHost.o
LOAD lufa/LUFA/Drivers/USB/Class/Host/HIDClassHost.o
LOAD lufa/LUFA/Drivers/USB/Class/Host/MassStorageClassHost.o
LOAD lufa/LUFA/Drivers/USB/Class/Host/MIDIClassHost.o
LOAD lufa/LUFA/Drivers/USB/Class/Host/PrinterClassHost.o
LOAD lufa/LUFA/Drivers/USB/Class/Host/RNDISClassHost.o
LOAD lufa/LUFA/Drivers/USB/Class/Host/StillImageClassHost.o
LOAD d:/avr/avr8-gnu-toolchain/bin/../lib/gcc/avr/4.9.2/../../../../avr/lib/avr5\libm.a
START GROUP
LOAD d:/avr/avr8-gnu-toolchain/bin/../lib/gcc/avr/4.9.2/avr5\libgcc.a
LOAD d:/avr/avr8-gnu-toolchain/bin/../lib/gcc/avr/4.9.2/../../../../avr/lib/avr5\libm.a
LOAD d:/avr/avr8-gnu-toolchain/bin/../lib/gcc/avr/4.9.2/../../../../avr/lib/avr5\libc.a
LOAD d:/avr/avr8-gnu-toolchain/bin/../lib/gcc/avr/4.9.2/../../../../avr/lib/avr5\libatmega32u4.a
END GROUP

.hash
 *(.hash)

.dynsym
 *(.dynsym)

.dynstr
 *(.dynstr)

.gnu.version
 *(.gnu.version)

.gnu.version_d
 *(.gnu.version_d)

.gnu.version_r
 *(.gnu.version_r)

.rel.init
 *(.rel.init)

.rela.init
 *(.rela.init)

.rel.text
 *(.rel.text)
 *(.rel.text.*)
 *(.rel.gnu.linkonce.t*)

.rela.text
 *(.rela.text)
 *(.rela.text.*)
 *(.rela.gnu.linkonce.t*)

.rel.fini
 *(.rel.fini)

.rela.fini
 *(.rela.fini)

.rel.rodata
 *(.rel.rodata)
 *(.rel.rodata.*)
 *(.rel.gnu.linkonce.r*)

.rela.rodata
 *(.rela.rodata)
 *(.rela.rodata.*)
 *(.rela.gnu.linkonce.r*)

.rel.data
 *(.rel.data)
 *(.rel.data.*)
 *(.rel.gnu.linkonce.d*)

.rela.data
 *(.rela.data)
 *(.rela.data.*)
 *(.rela.gnu.linkonce.d*)

.rel.ctors
 *(.rel.ctors)

.rela.ctors
 *(.rela.ctors)

.rel.dtors
 *(.rel.dtors)

.rela.dtors
 *(.rela.dtors)

.rel.got
 *(.rel.got)

.rela.got
 *(.rela.got)

.rel.bss
 *(.rel.bss)

.rela.bss
 *(.rela.bss)

.rel.plt
 *(.rel.plt)

.rela.plt
 *(.rela.plt)

.text           0x00000000      0xd22
 *(.vectors)
 .vectors       0x00000000       0xac d:/avr/avr8-gnu-toolchain/bin/../lib/gcc/avr/4.9.2/../../../../avr/lib/avr5/crtatmega32u4.o
                0x00000000                __vector_default
                0x00000000                __vectors
 *(.vectors)
 *(.progmem.gcc*)
                0x000000ac                . = ALIGN (0x2)
                0x000000ac                __trampolines_start = .
 *(.trampolines)
 .trampolines   0x000000ac        0x0 linker stubs
 *(.trampolines*)
                0x000000ac                __trampolines_end = .
 *(.progmem*)
 .progmem.data  0x000000ac       0xb5 Descriptors.o
                0x000000ac                ProductString
                0x000000cc                ManufacturerString
                0x000000e6                LanguageString
                0x000000ea                ConfigurationDescriptor
                0x0000014f                DeviceDescriptor
                0x00000162                . = ALIGN (0x2)
 *fill*         0x00000161        0x1 
 *(.jumptables)
 *(.jumptables*)
 *(.lowtext)
 *(.lowtext*)
                0x00000162                __ctors_start = .
 *(.ctors)
                0x00000162                __ctors_end = .
                0x00000162                __dtors_start = .
 *(.dtors)
                0x00000162                __dtors_end = .
 SORT(*)(.ctors)
 SORT(*)(.dtors)
 *(.init0)
 .init0         0x00000162        0x0 d:/avr/avr8-gnu-toolchain/bin/../lib/gcc/avr/4.9.2/../../../../avr/lib/avr5/crtatmega32u4.o
                0x00000162                __init
 *(.init0)
 *(.init1)
 *(.init1)
 *(.init2)
 .init2         0x00000162        0xc d:/avr/avr8-gnu-toolchain/bin/../lib/gcc/avr/4.9.2/../../../../avr/lib/avr5/crtatmega32u4.o
 *(.init2)
 *(.init3)
 *(.init3)
 *(.init4)
 .init4         0x0000016e       0x16 d:/avr/avr8-gnu-toolchain/bin/../lib/gcc/avr/4.9.2/avr5\libgcc.a(_copy_data.o)
                0x0000016e                __do_copy_data
 .init4         0x00000184       0x10 d:/avr/avr8-gnu-toolchain/bin/../lib/gcc/avr/4.9.2/avr5\libgcc.a(_clear_bss.o)
                0x00000184                __do_clear_bss
 *(.init4)
 *(.init5)
 *(.init5)
 *(.init6)
 *(.init6)
 *(.init7)
 *(.init7)
 *(.init8)
 *(.init8)
 *(.init9)
 .init9         0x00000194        0x4 d:/avr/avr8-gnu-toolchain/bin/../lib/gcc/avr/4.9.2/../../../../avr/lib/avr5/crtatmega32u4.o
 *(.init9)
 *(.text)
 .text          0x00000198        0x2 d:/avr/avr8-gnu-toolchain/bin/../lib/gcc/avr/4.9.2/../../../../avr/lib/avr5/crtatmega32u4.o
                0x00000198                __vector_38
                0x00000198                __vector_22
                0x00000198                __vector_28
                0x00000198                __vector_1
                0x00000198                __vector_32
                0x00000198                __vector_34
                0x00000198                __vector_24
                0x00000198                __vector_12
                0x00000198                __bad_interrupt
                0x00000198                __vector_6
                0x00000198                __vector_31
                0x00000198                __vector_35
                0x00000198                __vector_39
                0x00000198                __vector_3
                0x00000198                __vector_23
                0x00000198                __vector_30
                0x00000198                __vector_25
                0x00000198                __vector_11
                0x00000198                __vector_13
                0x00000198                __vector_17
                0x00000198                __vector_19
                0x00000198                __vector_7
                0x00000198                __vector_41
                0x00000198                __vector_27
                0x00000198                __vector_5
                0x00000198                __vector_33
                0x00000198                __vector_37
                0x00000198                __vector_4
                0x00000198                __vector_9
                0x00000198                __vector_2
                0x00000198                __vector_21
                0x00000198                __vector_15
                0x00000198                __vector_36
                0x00000198                __vector_29
                0x00000198                __vector_40
                0x00000198                __vector_8
                0x00000198                __vector_26
                0x00000198                __vector_14
                0x00000198                __vector_16
                0x00000198                __vector_18
                0x00000198                __vector_20
                0x00000198                __vector_42
                0x0000019a                . = ALIGN (0x2)
 *(.text.*)
 .text.cc_send  0x0000019a       0x38 MIDI.o
                0x0000019a                cc_send
 .text.MUX_address
                0x000001d2       0x2a MIDI.o
                0x000001d2                MUX_address
 .text.SetupHardware
                0x000001fc       0x6c MIDI.o
                0x000001fc                SetupHardware
 .text.raw_ADC  0x00000268       0x1c MIDI.o
                0x00000268                raw_ADC
 .text.startup.main
                0x00000284       0x8a MIDI.o
                0x00000284                main
 .text.EVENT_USB_Device_Connect
                0x0000030e        0x2 MIDI.o
                0x0000030e                EVENT_USB_Device_Connect
 .text.EVENT_USB_Device_Disconnect
                0x00000310        0x2 MIDI.o
                0x00000310                EVENT_USB_Device_Disconnect
 .text.EVENT_USB_Device_ConfigurationChanged
                0x00000312        0x6 MIDI.o
                0x00000312                EVENT_USB_Device_ConfigurationChanged
 .text.EVENT_USB_Device_ControlRequest
                0x00000318        0x2 MIDI.o
                0x00000318                EVENT_USB_Device_ControlRequest
 .text.CALLBACK_USB_GetDescriptor
                0x0000031a       0x64 Descriptors.o
                0x0000031a                CALLBACK_USB_GetDescriptor
 .text.Endpoint_Write_Stream_LE
                0x0000037e       0x94 lufa/LUFA/Drivers/USB/Core/AVR8/EndpointStream_AVR8.o
                0x0000037e                Endpoint_Write_Stream_LE
 .text.Endpoint_Write_Control_Stream_LE
                0x00000412       0xc6 lufa/LUFA/Drivers/USB/Core/AVR8/EndpointStream_AVR8.o
                0x00000412                Endpoint_Write_Control_Stream_LE
 .text.Endpoint_Write_Control_PStream_LE
                0x000004d8       0xc2 lufa/LUFA/Drivers/USB/Core/AVR8/EndpointStream_AVR8.o
                0x000004d8                Endpoint_Write_Control_PStream_LE
 .text.Endpoint_ConfigureEndpoint_Prv
                0x0000059a       0x6a lufa/LUFA/Drivers/USB/Core/AVR8/Endpoint_AVR8.o
                0x0000059a                Endpoint_ConfigureEndpoint_Prv
 .text.Endpoint_ConfigureEndpointTable
                0x00000604       0x90 lufa/LUFA/Drivers/USB/Core/AVR8/Endpoint_AVR8.o
                0x00000604                Endpoint_ConfigureEndpointTable
 .text.Endpoint_ClearStatusStage
                0x00000694       0x3e lufa/LUFA/Drivers/USB/Core/AVR8/Endpoint_AVR8.o
                0x00000694                Endpoint_ClearStatusStage
 .text.Endpoint_WaitUntilReady
                0x000006d2       0x64 lufa/LUFA/Drivers/USB/Core/AVR8/Endpoint_AVR8.o
                0x000006d2                Endpoint_WaitUntilReady
 .text.USB_ResetInterface
                0x00000736       0x80 lufa/LUFA/Drivers/USB/Core/AVR8/USBController_AVR8.o
                0x00000736                USB_ResetInterface
 .text.USB_Init
                0x000007b6       0x20 lufa/LUFA/Drivers/USB/Core/AVR8/USBController_AVR8.o
                0x000007b6                USB_Init
 .text.USB_INT_DisableAllInterrupts
                0x000007d6       0x10 lufa/LUFA/Drivers/USB/Core/AVR8/USBInterrupt_AVR8.o
                0x000007d6                USB_INT_DisableAllInterrupts
 .text.USB_INT_ClearAllInterrupts
                0x000007e6        0xa lufa/LUFA/Drivers/USB/Core/AVR8/USBInterrupt_AVR8.o
                0x000007e6                USB_INT_ClearAllInterrupts
 .text.__vector_10
                0x000007f0      0x18c lufa/LUFA/Drivers/USB/Core/AVR8/USBInterrupt_AVR8.o
                0x000007f0                __vector_10
 .text.USB_Device_ProcessControlRequest
                0x0000097c      0x2a4 lufa/LUFA/Drivers/USB/Core/DeviceStandardReq.o
                0x0000097c                USB_Device_ProcessControlRequest
 .text.USB_Event_Stub
                0x00000c20        0x2 lufa/LUFA/Drivers/USB/Core/Events.o
                0x00000c20                USB_Event_Stub
                0x00000c20                EVENT_USB_Device_Suspend
                0x00000c20                EVENT_USB_Device_StartOfFrame
                0x00000c20                EVENT_USB_Device_Reset
                0x00000c20                EVENT_USB_Device_WakeUp
 .text.USB_USBTask
                0x00000c22       0x34 lufa/LUFA/Drivers/USB/Core/USBTask.o
                0x00000c22                USB_USBTask
 .text.MIDI_Device_ConfigureEndpoints
                0x00000c56       0x2e lufa/LUFA/Drivers/USB/Class/Device/MIDIClassDevice.o
                0x00000c56                MIDI_Device_ConfigureEndpoints
 .text.MIDI_Device_SendEventPacket
                0x00000c84       0x44 lufa/LUFA/Drivers/USB/Class/Device/MIDIClassDevice.o
                0x00000c84                MIDI_Device_SendEventPacket
 .text.MIDI_Device_Flush
                0x00000cc8       0x36 lufa/LUFA/Drivers/USB/Class/Device/MIDIClassDevice.o
                0x00000cc8                MIDI_Device_Flush
 .text.MIDI_Device_USBTask
                0x00000cfe       0x20 lufa/LUFA/Drivers/USB/Class/Device/MIDIClassDevice.o
                0x00000cfe                MIDI_Device_USBTask
                0x00000d1e                . = ALIGN (0x2)
 *(.fini9)
 .fini9         0x00000d1e        0x0 d:/avr/avr8-gnu-toolchain/bin/../lib/gcc/avr/4.9.2/avr5\libgcc.a(_exit.o)
                0x00000d1e                _exit
                0x00000d1e                exit
 *(.fini9)
 *(.fini8)
 *(.fini8)
 *(.fini7)
 *(.fini7)
 *(.fini6)
 *(.fini6)
 *(.fini5)
 *(.fini5)
 *(.fini4)
 *(.fini4)
 *(.fini3)
 *(.fini3)
 *(.fini2)
 *(.fini2)
 *(.fini1)
 *(.fini1)
 *(.fini0)
 .fini0         0x00000d1e        0x4 d:/avr/avr8-gnu-toolchain/bin/../lib/gcc/avr/4.9.2/avr5\libgcc.a(_exit.o)
 *(.fini0)
                0x00000d22                _etext = .

.data           0x00800100        0xc load address 0x00000d22
                0x00800100                PROVIDE (__data_start, .)
 *(.data)
 .data          0x00800100        0xc MIDI.o
                0x00800100                Keyboard_MIDI_Interface
 *(.data*)
 *(.rodata)
 *(.rodata*)
 *(.gnu.linkonce.d*)
                0x0080010c                . = ALIGN (0x2)
                0x0080010c                _edata = .
                0x0080010c                PROVIDE (__data_end, .)

.bss            0x0080010c        0xd
                0x0080010c                PROVIDE (__bss_start, .)
 *(.bss)
 *(.bss*)
 *(COMMON)
 COMMON         0x0080010c        0x3 lufa/LUFA/Drivers/USB/Core/DeviceStandardReq.o
                0x0080010c                USB_Device_ConfigurationNumber
                0x0080010d                USB_Device_CurrentlySelfPowered
                0x0080010e                USB_Device_RemoteWakeupEnabled
 COMMON         0x0080010f        0xa lufa/LUFA/Drivers/USB/Core/USBTask.o
                0x0080010f                USB_IsInitialized
                0x00800110                USB_DeviceState
                0x00800111                USB_ControlRequest
                0x00800119                PROVIDE (__bss_end, .)
                0x00000d22                __data_load_start = LOADADDR (.data)
                0x00000d2e                __data_load_end = (__data_load_start + SIZEOF (.data))

.noinit         0x00800119        0x0
                0x00800119                PROVIDE (__noinit_start, .)
 *(.noinit*)
                0x00800119                PROVIDE (__noinit_end, .)
                0x00800119                _end = .
                0x00800119                PROVIDE (__heap_start, .)

.eeprom         0x00810000        0x0
 *(.eeprom*)
                0x00810000                __eeprom_end = .

.fuse
 *(.fuse)
 *(.lfuse)
 *(.hfuse)
 *(.efuse)

.lock
 *(.lock*)

.signature
 *(.signature*)

.user_signatures
 *(.user_signatures*)

.stab
 *(.stab)

.stabstr
 *(.stabstr)

.stab.excl
 *(.stab.excl)

.stab.exclstr
 *(.stab.exclstr)

.stab.index
 *(.stab.index)

.stab.indexstr
 *(.stab.indexstr)

.comment        0x00000000       0x30
 *(.comment)
 .comment       0x00000000       0x30 MIDI.o
                                 0x31 (size before relaxing)
 .comment       0x00000030       0x31 Descriptors.o
 .comment       0x00000030       0x31 lufa/LUFA/Drivers/USB/Core/AVR8/EndpointStream_AVR8.o
 .comment       0x00000030       0x31 lufa/LUFA/Drivers/USB/Core/AVR8/Endpoint_AVR8.o
 .comment       0x00000030       0x31 lufa/LUFA/Drivers/USB/Core/AVR8/USBController_AVR8.o
 .comment       0x00000030       0x31 lufa/LUFA/Drivers/USB/Core/AVR8/USBInterrupt_AVR8.o
 .comment       0x00000030       0x31 lufa/LUFA/Drivers/USB/Core/DeviceStandardReq.o
 .comment       0x00000030       0x31 lufa/LUFA/Drivers/USB/Core/Events.o
 .comment       0x00000030       0x31 lufa/LUFA/Drivers/USB/Core/USBTask.o
 .comment       0x00000030       0x31 lufa/LUFA/Drivers/USB/Class/Device/MIDIClassDevice.o

.note.gnu.avr.deviceinfo
                0x00000000       0x40
 .note.gnu.avr.deviceinfo
                0x00000000       0x40 d:/avr/avr8-gnu-toolchain/bin/../lib/gcc/avr/4.9.2/../../../../avr/lib/avr5/crtatmega32u4.o

.note.gnu.build-id
 *(.note.gnu.build-id)

.debug
 *(.debug)

.line
 *(.line)

.debug_srcinfo
 *(.debug_srcinfo)

.debug_sfnames
 *(.debug_sfnames)

.debug_aranges  0x00000000      0x288
 *(.debug_aranges)
 .debug_aranges
                0x00000000       0x60 MIDI.o
 .debug_aranges
                0x00000060       0x20 Descriptors.o
 .debug_aranges
                0x00000080       0xc8 lufa/LUFA/Drivers/USB/Core/AVR8/EndpointStream_AVR8.o
 .debug_aranges
                0x00000148       0x40 lufa/LUFA/Drivers/USB/Core/AVR8/Endpoint_AVR8.o
 .debug_aranges
                0x00000188       0x30 lufa/LUFA/Drivers/USB/Core/AVR8/USBController_AVR8.o
 .debug_aranges
                0x000001b8       0x30 lufa/LUFA/Drivers/USB/Core/AVR8/USBInterrupt_AVR8.o
 .debug_aranges
                0x000001e8       0x20 lufa/LUFA/Drivers/USB/Core/DeviceStandardReq.o
 .debug_aranges
                0x00000208       0x20 lufa/LUFA/Drivers/USB/Core/Events.o
 .debug_aranges
                0x00000228       0x20 lufa/LUFA/Drivers/USB/Core/USBTask.o
 .debug_aranges
                0x00000248       0x40 lufa/LUFA/Drivers/USB/Class/Device/MIDIClassDevice.o

.debug_pubnames
 *(.debug_pubnames)

.debug_info     0x00000000     0x4ce4
 *(.debug_info .gnu.linkonce.wi.*)
 .debug_info    0x00000000      0x656 MIDI.o
 .debug_info    0x00000656      0x98d Descriptors.o
 .debug_info    0x00000fe3     0x183a lufa/LUFA/Drivers/USB/Core/AVR8/EndpointStream_AVR8.o
 .debug_info    0x0000281d      0x614 lufa/LUFA/Drivers/USB/Core/AVR8/Endpoint_AVR8.o
 .debug_info    0x00002e31      0x4cb lufa/LUFA/Drivers/USB/Core/AVR8/USBController_AVR8.o
 .debug_info    0x000032fc      0x673 lufa/LUFA/Drivers/USB/Core/AVR8/USBInterrupt_AVR8.o
 .debug_info    0x0000396f      0xa57 lufa/LUFA/Drivers/USB/Core/DeviceStandardReq.o
 .debug_info    0x000043c6       0x78 lufa/LUFA/Drivers/USB/Core/Events.o
 .debug_info    0x0000443e      0x26b lufa/LUFA/Drivers/USB/Core/USBTask.o
 .debug_info    0x000046a9      0x63b lufa/LUFA/Drivers/USB/Class/Device/MIDIClassDevice.o

.debug_abbrev   0x00000000     0x130b
 *(.debug_abbrev)
 .debug_abbrev  0x00000000      0x349 MIDI.o
 .debug_abbrev  0x00000349      0x177 Descriptors.o
 .debug_abbrev  0x000004c0      0x215 lufa/LUFA/Drivers/USB/Core/AVR8/EndpointStream_AVR8.o
 .debug_abbrev  0x000006d5      0x213 lufa/LUFA/Drivers/USB/Core/AVR8/Endpoint_AVR8.o
 .debug_abbrev  0x000008e8      0x196 lufa/LUFA/Drivers/USB/Core/AVR8/USBController_AVR8.o
 .debug_abbrev  0x00000a7e      0x1d5 lufa/LUFA/Drivers/USB/Core/AVR8/USBInterrupt_AVR8.o
 .debug_abbrev  0x00000c53      0x2c9 lufa/LUFA/Drivers/USB/Core/DeviceStandardReq.o
 .debug_abbrev  0x00000f1c       0x44 lufa/LUFA/Drivers/USB/Core/Events.o
 .debug_abbrev  0x00000f60      0x168 lufa/LUFA/Drivers/USB/Core/USBTask.o
 .debug_abbrev  0x000010c8      0x243 lufa/LUFA/Drivers/USB/Class/Device/MIDIClassDevice.o

.debug_line     0x00000000     0x2f6a
 *(.debug_line .debug_line.* .debug_line_end)
 .debug_line    0x00000000      0x432 MIDI.o
 .debug_line    0x00000432      0x1fa Descriptors.o
 .debug_line    0x0000062c     0x1415 lufa/LUFA/Drivers/USB/Core/AVR8/EndpointStream_AVR8.o
 .debug_line    0x00001a41      0x47e lufa/LUFA/Drivers/USB/Core/AVR8/Endpoint_AVR8.o
 .debug_line    0x00001ebf      0x2d7 lufa/LUFA/Drivers/USB/Core/AVR8/USBController_AVR8.o
 .debug_line    0x00002196      0x448 lufa/LUFA/Drivers/USB/Core/AVR8/USBInterrupt_AVR8.o
 .debug_line    0x000025de      0x45f lufa/LUFA/Drivers/USB/Core/DeviceStandardReq.o
 .debug_line    0x00002a3d       0x51 lufa/LUFA/Drivers/USB/Core/Events.o
 .debug_line    0x00002a8e      0x162 lufa/LUFA/Drivers/USB/Core/USBTask.o
 .debug_line    0x00002bf0      0x37a lufa/LUFA/Drivers/USB/Class/Device/MIDIClassDevice.o

.debug_frame    0x00000000      0x708
 *(.debug_frame)
 .debug_frame   0x00000000       0xc4 MIDI.o
 .debug_frame   0x000000c4       0x24 Descriptors.o
 .debug_frame   0x000000e8      0x3bc lufa/LUFA/Drivers/USB/Core/AVR8/EndpointStream_AVR8.o
 .debug_frame   0x000004a4       0x84 lufa/LUFA/Drivers/USB/Core/AVR8/Endpoint_AVR8.o
 .debug_frame   0x00000528       0x58 lufa/LUFA/Drivers/USB/Core/AVR8/USBController_AVR8.o
 .debug_frame   0x00000580       0x8c lufa/LUFA/Drivers/USB/Core/AVR8/USBInterrupt_AVR8.o
 .debug_frame   0x0000060c       0x3c lufa/LUFA/Drivers/USB/Core/DeviceStandardReq.o
 .debug_frame   0x00000648       0x24 lufa/LUFA/Drivers/USB/Core/Events.o
 .debug_frame   0x0000066c       0x2c lufa/LUFA/Drivers/USB/Core/USBTask.o
 .debug_frame   0x00000698       0x70 lufa/LUFA/Drivers/USB/Class/Device/MIDIClassDevice.o

.debug_str      0x00000000     0x2230
 *(.debug_str)
 .debug_str     0x00000000      0x4dd MIDI.o
                                0x53c (size before relaxing)
 .debug_str     0x000004dd      0xb1c Descriptors.o
                                0xd79 (size before relaxing)
 .debug_str     0x00000ff9      0x683 lufa/LUFA/Drivers/USB/Core/AVR8/EndpointStream_AVR8.o
                                0x86b (size before relaxing)
 .debug_str     0x0000167c      0x2d5 lufa/LUFA/Drivers/USB/Core/AVR8/Endpoint_AVR8.o
                                0x61f (size before relaxing)
 .debug_str     0x00001951      0x28c lufa/LUFA/Drivers/USB/Core/AVR8/USBController_AVR8.o
                                0x55e (size before relaxing)
 .debug_str     0x00001bdd      0x131 lufa/LUFA/Drivers/USB/Core/AVR8/USBInterrupt_AVR8.o
                                0x533 (size before relaxing)
 .debug_str     0x00001d0e      0x43e lufa/LUFA/Drivers/USB/Core/DeviceStandardReq.o
                                0x9d1 (size before relaxing)
 .debug_str     0x0000214c       0x33 lufa/LUFA/Drivers/USB/Core/Events.o
                                0x1a3 (size before relaxing)
 .debug_str     0x0000217f       0x5d lufa/LUFA/Drivers/USB/Core/USBTask.o
                                0x384 (size before relaxing)
 .debug_str     0x000021dc       0x54 lufa/LUFA/Drivers/USB/Class/Device/MIDIClassDevice.o
                                0x67a (size before relaxing)

.debug_loc      0x00000000     0x2e0f
 *(.debug_loc)
 .debug_loc     0x00000000      0x126 MIDI.o
 .debug_loc     0x00000126      0x186 Descriptors.o
 .debug_loc     0x000002ac     0x1eb0 lufa/LUFA/Drivers/USB/Core/AVR8/EndpointStream_AVR8.o
 .debug_loc     0x0000215c      0x3df lufa/LUFA/Drivers/USB/Core/AVR8/Endpoint_AVR8.o
 .debug_loc     0x0000253b       0x49 lufa/LUFA/Drivers/USB/Core/AVR8/USBController_AVR8.o
 .debug_loc     0x00002584      0x247 lufa/LUFA/Drivers/USB/Core/AVR8/USBInterrupt_AVR8.o
 .debug_loc     0x000027cb      0x2e7 lufa/LUFA/Drivers/USB/Core/DeviceStandardReq.o
 .debug_loc     0x00002ab2       0x49 lufa/LUFA/Drivers/USB/Core/USBTask.o
 .debug_loc     0x00002afb      0x314 lufa/LUFA/Drivers/USB/Class/Device/MIDIClassDevice.o

.debug_macinfo
 *(.debug_macinfo)

.debug_weaknames
 *(.debug_weaknames)

.debug_funcnames
 *(.debug_funcnames)

.debug_typenames
 *(.debug_typenames)

.debug_varnames
 *(.debug_varnames)

.debug_pubtypes
 *(.debug_pubtypes)

.debug_ranges   0x00000000      0x3a0
 *(.debug_ranges)
 .debug_ranges  0x00000000       0x68 MIDI.o
 .debug_ranges  0x00000068       0x10 Descriptors.o
 .debug_ranges  0x00000078      0x1f8 lufa/LUFA/Drivers/USB/Core/AVR8/EndpointStream_AVR8.o
 .debug_ranges  0x00000270       0x78 lufa/LUFA/Drivers/USB/Core/AVR8/Endpoint_AVR8.o
 .debug_ranges  0x000002e8       0x20 lufa/LUFA/Drivers/USB/Core/AVR8/USBController_AVR8.o
 .debug_ranges  0x00000308       0x20 lufa/LUFA/Drivers/USB/Core/AVR8/USBInterrupt_AVR8.o
 .debug_ranges  0x00000328       0x28 lufa/LUFA/Drivers/USB/Core/DeviceStandardReq.o
 .debug_ranges  0x00000350       0x10 lufa/LUFA/Drivers/USB/Core/Events.o
 .debug_ranges  0x00000360       0x10 lufa/LUFA/Drivers/USB/Core/USBTask.o
 .debug_ranges  0x00000370       0x30 lufa/LUFA/Drivers/USB/Class/Device/MIDIClassDevice.o

.debug_macro
 *(.debug_macro)
OUTPUT(MIDI.elf elf32-avr)
LOAD linker stubs

Cross Reference Table

Symbol                                            File
Audio_Device_ConfigureEndpoints                   lufa/LUFA/Drivers/USB/Class/Device/AudioClassDevice.o
Audio_Device_Event_Stub                           lufa/LUFA/Drivers/USB/Class/Device/AudioClassDevice.o
Audio_Device_ProcessControlRequest                lufa/LUFA/Drivers/USB/Class/Device/AudioClassDevice.o
CALLBACK_Audio_Device_GetSetEndpointProperty      lufa/LUFA/Drivers/USB/Class/Device/AudioClassDevice.o
CALLBACK_Audio_Device_GetSetInterfaceProperty     lufa/LUFA/Drivers/USB/Class/Device/AudioClassDevice.o
CALLBACK_HIDParser_FilterHIDReportItem            lufa/LUFA/Drivers/USB/Class/Common/HIDParser.o
CALLBACK_HID_Device_CreateHIDReport               lufa/LUFA/Drivers/USB/Class/Device/HIDClassDevice.o
CALLBACK_HID_Device_ProcessHIDReport              lufa/LUFA/Drivers/USB/Class/Device/HIDClassDevice.o
CALLBACK_MS_Device_SCSICommandReceived            lufa/LUFA/Drivers/USB/Class/Device/MassStorageClassDevice.o
CALLBACK_USB_GetDescriptor                        Descriptors.o
                                                  lufa/LUFA/Drivers/USB/Core/DeviceStandardReq.o
CDC_Device_BytesReceived                          lufa/LUFA/Drivers/USB/Class/Device/CDCClassDevice.o
CDC_Device_ConfigureEndpoints                     lufa/LUFA/Drivers/USB/Class/Device/CDCClassDevice.o
CDC_Device_CreateBlockingStream                   lufa/LUFA/Drivers/USB/Class/Device/CDCClassDevice.o
CDC_Device_CreateStream                           lufa/LUFA/Drivers/USB/Class/Device/CDCClassDevice.o
CDC_Device_Event_Stub                             lufa/LUFA/Drivers/USB/Class/Device/CDCClassDevice.o
CDC_Device_Flush                                  lufa/LUFA/Drivers/USB/Class/Device/CDCClassDevice.o
CDC_Device_ProcessControlRequest                  lufa/LUFA/Drivers/USB/Class/Device/CDCClassDevice.o
CDC_Device_ReceiveByte                            lufa/LUFA/Drivers/USB/Class/Device/CDCClassDevice.o
CDC_Device_SendByte                               lufa/LUFA/Drivers/USB/Class/Device/CDCClassDevice.o
CDC_Device_SendControlLineStateChange             lufa/LUFA/Drivers/USB/Class/Device/CDCClassDevice.o
CDC_Device_SendData                               lufa/LUFA/Drivers/USB/Class/Device/CDCClassDevice.o
CDC_Device_SendData_P                             lufa/LUFA/Drivers/USB/Class/Device/CDCClassDevice.o
CDC_Device_SendString                             lufa/LUFA/Drivers/USB/Class/Device/CDCClassDevice.o
CDC_Device_SendString_P                           lufa/LUFA/Drivers/USB/Class/Device/CDCClassDevice.o
CDC_Device_USBTask                                lufa/LUFA/Drivers/USB/Class/Device/CDCClassDevice.o
ConfigurationDescriptor                           Descriptors.o
DeviceDescriptor                                  Descriptors.o
EVENT_Audio_Device_StreamStartStop                lufa/LUFA/Drivers/USB/Class/Device/AudioClassDevice.o
EVENT_CDC_Device_BreakSent                        lufa/LUFA/Drivers/USB/Class/Device/CDCClassDevice.o
EVENT_CDC_Device_ControLineStateChanged           lufa/LUFA/Drivers/USB/Class/Device/CDCClassDevice.o
EVENT_CDC_Device_LineEncodingChanged              lufa/LUFA/Drivers/USB/Class/Device/CDCClassDevice.o
EVENT_PRNT_Device_SoftReset                       lufa/LUFA/Drivers/USB/Class/Device/PrinterClassDevice.o
EVENT_USB_Device_ConfigurationChanged             MIDI.o
                                                  lufa/LUFA/Drivers/USB/Core/DeviceStandardReq.o
EVENT_USB_Device_Connect                          MIDI.o
                                                  lufa/LUFA/Drivers/USB/Core/AVR8/USBInterrupt_AVR8.o
EVENT_USB_Device_ControlRequest                   MIDI.o
                                                  lufa/LUFA/Drivers/USB/Core/DeviceStandardReq.o
EVENT_USB_Device_Disconnect                       MIDI.o
                                                  lufa/LUFA/Drivers/USB/Core/AVR8/USBInterrupt_AVR8.o
EVENT_USB_Device_Reset                            lufa/LUFA/Drivers/USB/Core/Events.o
                                                  lufa/LUFA/Drivers/USB/Core/AVR8/USBInterrupt_AVR8.o
EVENT_USB_Device_StartOfFrame                     lufa/LUFA/Drivers/USB/Core/Events.o
                                                  lufa/LUFA/Drivers/USB/Core/AVR8/USBInterrupt_AVR8.o
EVENT_USB_Device_Suspend                          lufa/LUFA/Drivers/USB/Core/Events.o
                                                  lufa/LUFA/Drivers/USB/Core/AVR8/USBInterrupt_AVR8.o
EVENT_USB_Device_WakeUp                           lufa/LUFA/Drivers/USB/Core/Events.o
                                                  lufa/LUFA/Drivers/USB/Core/AVR8/USBInterrupt_AVR8.o
Endpoint_ClearEndpoints                           lufa/LUFA/Drivers/USB/Core/AVR8/Endpoint_AVR8.o
Endpoint_ClearStatusStage                         lufa/LUFA/Drivers/USB/Core/AVR8/Endpoint_AVR8.o
                                                  lufa/LUFA/Drivers/USB/Class/Device/PrinterClassDevice.o
                                                  lufa/LUFA/Drivers/USB/Class/Device/MassStorageClassDevice.o
                                                  lufa/LUFA/Drivers/USB/Class/Device/HIDClassDevice.o
                                                  lufa/LUFA/Drivers/USB/Class/Device/CDCClassDevice.o
                                                  lufa/LUFA/Drivers/USB/Class/Device/AudioClassDevice.o
                                                  lufa/LUFA/Drivers/USB/Core/DeviceStandardReq.o
Endpoint_ConfigureEndpointTable                   lufa/LUFA/Drivers/USB/Core/AVR8/Endpoint_AVR8.o
                                                  lufa/LUFA/Drivers/USB/Class/Device/RNDISClassDevice.o
                                                  lufa/LUFA/Drivers/USB/Class/Device/PrinterClassDevice.o
                                                  lufa/LUFA/Drivers/USB/Class/Device/MIDIClassDevice.o
                                                  lufa/LUFA/Drivers/USB/Class/Device/MassStorageClassDevice.o
                                                  lufa/LUFA/Drivers/USB/Class/Device/HIDClassDevice.o
                                                  lufa/LUFA/Drivers/USB/Class/Device/CDCClassDevice.o
                                                  lufa/LUFA/Drivers/USB/Class/Device/AudioClassDevice.o
Endpoint_ConfigureEndpoint_Prv                    lufa/LUFA/Drivers/USB/Core/AVR8/Endpoint_AVR8.o
                                                  lufa/LUFA/Drivers/USB/Core/AVR8/USBInterrupt_AVR8.o
                                                  lufa/LUFA/Drivers/USB/Core/AVR8/USBController_AVR8.o
Endpoint_Discard_Stream                           lufa/LUFA/Drivers/USB/Core/AVR8/EndpointStream_AVR8.o
Endpoint_Null_Stream                              lufa/LUFA/Drivers/USB/Core/AVR8/EndpointStream_AVR8.o
Endpoint_Read_Control_EStream_BE                  lufa/LUFA/Drivers/USB/Core/AVR8/EndpointStream_AVR8.o
Endpoint_Read_Control_EStream_LE                  lufa/LUFA/Drivers/USB/Core/AVR8/EndpointStream_AVR8.o
Endpoint_Read_Control_Stream_BE                   lufa/LUFA/Drivers/USB/Core/AVR8/EndpointStream_AVR8.o
Endpoint_Read_Control_Stream_LE                   lufa/LUFA/Drivers/USB/Core/AVR8/EndpointStream_AVR8.o
                                                  lufa/LUFA/Drivers/USB/Class/Device/RNDISClassDevice.o
                                                  lufa/LUFA/Drivers/USB/Class/Device/HIDClassDevice.o
                                                  lufa/LUFA/Drivers/USB/Class/Device/AudioClassDevice.o
Endpoint_Read_EStream_BE                          lufa/LUFA/Drivers/USB/Core/AVR8/EndpointStream_AVR8.o
Endpoint_Read_EStream_LE                          lufa/LUFA/Drivers/USB/Core/AVR8/EndpointStream_AVR8.o
Endpoint_Read_Stream_BE                           lufa/LUFA/Drivers/USB/Core/AVR8/EndpointStream_AVR8.o
Endpoint_Read_Stream_LE                           lufa/LUFA/Drivers/USB/Core/AVR8/EndpointStream_AVR8.o
                                                  lufa/LUFA/Drivers/USB/Class/Device/RNDISClassDevice.o
                                                  lufa/LUFA/Drivers/USB/Class/Device/MIDIClassDevice.o
                                                  lufa/LUFA/Drivers/USB/Class/Device/MassStorageClassDevice.o
Endpoint_WaitUntilReady                           lufa/LUFA/Drivers/USB/Core/AVR8/Endpoint_AVR8.o
                                                  lufa/LUFA/Drivers/USB/Class/Device/RNDISClassDevice.o
                                                  lufa/LUFA/Drivers/USB/Class/Device/PrinterClassDevice.o
                                                  lufa/LUFA/Drivers/USB/Class/Device/MIDIClassDevice.o
                                                  lufa/LUFA/Drivers/USB/Class/Device/CDCClassDevice.o
                                                  lufa/LUFA/Drivers/USB/Core/AVR8/EndpointStream_AVR8.o
Endpoint_Write_Control_EStream_BE                 lufa/LUFA/Drivers/USB/Core/AVR8/EndpointStream_AVR8.o
Endpoint_Write_Control_EStream_LE                 lufa/LUFA/Drivers/USB/Core/AVR8/EndpointStream_AVR8.o
Endpoint_Write_Control_PStream_BE                 lufa/LUFA/Drivers/USB/Core/AVR8/EndpointStream_AVR8.o
Endpoint_Write_Control_PStream_LE                 lufa/LUFA/Drivers/USB/Core/AVR8/EndpointStream_AVR8.o
                                                  lufa/LUFA/Drivers/USB/Core/DeviceStandardReq.o
Endpoint_Write_Control_Stream_BE                  lufa/LUFA/Drivers/USB/Core/AVR8/EndpointStream_AVR8.o
Endpoint_Write_Control_Stream_LE                  lufa/LUFA/Drivers/USB/Core/AVR8/EndpointStream_AVR8.o
                                                  lufa/LUFA/Drivers/USB/Class/Device/RNDISClassDevice.o
                                                  lufa/LUFA/Drivers/USB/Class/Device/PrinterClassDevice.o
                                                  lufa/LUFA/Drivers/USB/Class/Device/HIDClassDevice.o
                                                  lufa/LUFA/Drivers/USB/Class/Device/AudioClassDevice.o
                                                  lufa/LUFA/Drivers/USB/Core/DeviceStandardReq.o
Endpoint_Write_EStream_BE                         lufa/LUFA/Drivers/USB/Core/AVR8/EndpointStream_AVR8.o
Endpoint_Write_EStream_LE                         lufa/LUFA/Drivers/USB/Core/AVR8/EndpointStream_AVR8.o
Endpoint_Write_PStream_BE                         lufa/LUFA/Drivers/USB/Core/AVR8/EndpointStream_AVR8.o
Endpoint_Write_PStream_LE                         lufa/LUFA/Drivers/USB/Core/AVR8/EndpointStream_AVR8.o
                                                  lufa/LUFA/Drivers/USB/Class/Device/CDCClassDevice.o
Endpoint_Write_Stream_BE                          lufa/LUFA/Drivers/USB/Core/AVR8/EndpointStream_AVR8.o
Endpoint_Write_Stream_LE                          lufa/LUFA/Drivers/USB/Core/AVR8/EndpointStream_AVR8.o
                                                  lufa/LUFA/Drivers/USB/Class/Device/RNDISClassDevice.o
                                                  lufa/LUFA/Drivers/USB/Class/Device/PrinterClassDevice.o
                                                  lufa/LUFA/Drivers/USB/Class/Device/MIDIClassDevice.o
                                                  lufa/LUFA/Drivers/USB/Class/Device/MassStorageClassDevice.o
                                                  lufa/LUFA/Drivers/USB/Class/Device/HIDClassDevice.o
                                                  lufa/LUFA/Drivers/USB/Class/Device/CDCClassDevice.o
HID_Device_ConfigureEndpoints                     lufa/LUFA/Drivers/USB/Class/Device/HIDClassDevice.o
HID_Device_ProcessControlRequest                  lufa/LUFA/Drivers/USB/Class/Device/HIDClassDevice.o
HID_Device_USBTask                                lufa/LUFA/Drivers/USB/Class/Device/HIDClassDevice.o
Keyboard_MIDI_Interface                           MIDI.o
LanguageString                                    Descriptors.o
MIDI_Device_ConfigureEndpoints                    lufa/LUFA/Drivers/USB/Class/Device/MIDIClassDevice.o
                                                  MIDI.o
MIDI_Device_Flush                                 lufa/LUFA/Drivers/USB/Class/Device/MIDIClassDevice.o
                                                  MIDI.o
MIDI_Device_ReceiveEventPacket                    lufa/LUFA/Drivers/USB/Class/Device/MIDIClassDevice.o
MIDI_Device_SendEventPacket                       lufa/LUFA/Drivers/USB/Class/Device/MIDIClassDevice.o
                                                  MIDI.o
MIDI_Device_USBTask                               lufa/LUFA/Drivers/USB/Class/Device/MIDIClassDevice.o
                                                  MIDI.o
MS_Device_ConfigureEndpoints                      lufa/LUFA/Drivers/USB/Class/Device/MassStorageClassDevice.o
MS_Device_ProcessControlRequest                   lufa/LUFA/Drivers/USB/Class/Device/MassStorageClassDevice.o
MS_Device_USBTask                                 lufa/LUFA/Drivers/USB/Class/Device/MassStorageClassDevice.o
MUX_address                                       MIDI.o
ManufacturerString                                Descriptors.o
PRNT_Device_BytesReceived                         lufa/LUFA/Drivers/USB/Class/Device/PrinterClassDevice.o
PRNT_Device_ConfigureEndpoints                    lufa/LUFA/Drivers/USB/Class/Device/PrinterClassDevice.o
PRNT_Device_CreateBlockingStream                  lufa/LUFA/Drivers/USB/Class/Device/PrinterClassDevice.o
PRNT_Device_CreateStream                          lufa/LUFA/Drivers/USB/Class/Device/PrinterClassDevice.o
PRNT_Device_Event_Stub                            lufa/LUFA/Drivers/USB/Class/Device/PrinterClassDevice.o
PRNT_Device_Flush                                 lufa/LUFA/Drivers/USB/Class/Device/PrinterClassDevice.o
PRNT_Device_ProcessControlRequest                 lufa/LUFA/Drivers/USB/Class/Device/PrinterClassDevice.o
PRNT_Device_ReceiveByte                           lufa/LUFA/Drivers/USB/Class/Device/PrinterClassDevice.o
PRNT_Device_SendByte                              lufa/LUFA/Drivers/USB/Class/Device/PrinterClassDevice.o
PRNT_Device_SendData                              lufa/LUFA/Drivers/USB/Class/Device/PrinterClassDevice.o
PRNT_Device_SendString                            lufa/LUFA/Drivers/USB/Class/Device/PrinterClassDevice.o
PRNT_Device_USBTask                               lufa/LUFA/Drivers/USB/Class/Device/PrinterClassDevice.o
ProductString                                     Descriptors.o
RNDIS_Device_ConfigureEndpoints                   lufa/LUFA/Drivers/USB/Class/Device/RNDISClassDevice.o
RNDIS_Device_IsPacketReceived                     lufa/LUFA/Drivers/USB/Class/Device/RNDISClassDevice.o
RNDIS_Device_ProcessControlRequest                lufa/LUFA/Drivers/USB/Class/Device/RNDISClassDevice.o
RNDIS_Device_ReadPacket                           lufa/LUFA/Drivers/USB/Class/Device/RNDISClassDevice.o
RNDIS_Device_SendPacket                           lufa/LUFA/Drivers/USB/Class/Device/RNDISClassDevice.o
RNDIS_Device_USBTask                              lufa/LUFA/Drivers/USB/Class/Device/RNDISClassDevice.o
SetupHardware                                     MIDI.o
USB_ControlRequest                                lufa/LUFA/Drivers/USB/Core/USBTask.o
                                                  lufa/LUFA/Drivers/USB/Class/Device/RNDISClassDevice.o
                                                  lufa/LUFA/Drivers/USB/Class/Device/PrinterClassDevice.o
                                                  lufa/LUFA/Drivers/USB/Class/Device/MassStorageClassDevice.o
                                                  lufa/LUFA/Drivers/USB/Class/Device/HIDClassDevice.o
                                                  lufa/LUFA/Drivers/USB/Class/Device/CDCClassDevice.o
                                                  lufa/LUFA/Drivers/USB/Class/Device/AudioClassDevice.o
                                                  lufa/LUFA/Drivers/USB/Core/DeviceStandardReq.o
                                                  lufa/LUFA/Drivers/USB/Core/AVR8/Endpoint_AVR8.o
                                                  lufa/LUFA/Drivers/USB/Core/AVR8/EndpointStream_AVR8.o
USB_DeviceState                                   lufa/LUFA/Drivers/USB/Core/USBTask.o
                                                  lufa/LUFA/Drivers/USB/Class/Device/RNDISClassDevice.o
                                                  lufa/LUFA/Drivers/USB/Class/Device/PrinterClassDevice.o
                                                  lufa/LUFA/Drivers/USB/Class/Device/MIDIClassDevice.o
                                                  lufa/LUFA/Drivers/USB/Class/Device/MassStorageClassDevice.o
                                                  lufa/LUFA/Drivers/USB/Class/Device/HIDClassDevice.o
                                                  lufa/LUFA/Drivers/USB/Class/Device/CDCClassDevice.o
                                                  lufa/LUFA/Drivers/USB/Core/DeviceStandardReq.o
                                                  lufa/LUFA/Drivers/USB/Core/AVR8/USBInterrupt_AVR8.o
                                                  lufa/LUFA/Drivers/USB/Core/AVR8/USBController_AVR8.o
                                                  lufa/LUFA/Drivers/USB/Core/AVR8/Endpoint_AVR8.o
                                                  lufa/LUFA/Drivers/USB/Core/AVR8/EndpointStream_AVR8.o
USB_Device_ConfigurationNumber                    lufa/LUFA/Drivers/USB/Core/DeviceStandardReq.o
                                                  lufa/LUFA/Drivers/USB/Core/AVR8/USBInterrupt_AVR8.o
                                                  lufa/LUFA/Drivers/USB/Core/AVR8/USBController_AVR8.o
USB_Device_CurrentlySelfPowered                   lufa/LUFA/Drivers/USB/Core/DeviceStandardReq.o
                                                  lufa/LUFA/Drivers/USB/Core/AVR8/USBController_AVR8.o
USB_Device_ProcessControlRequest                  lufa/LUFA/Drivers/USB/Core/DeviceStandardReq.o
                                                  lufa/LUFA/Drivers/USB/Core/USBTask.o
USB_Device_RemoteWakeupEnabled                    lufa/LUFA/Drivers/USB/Core/DeviceStandardReq.o
                                                  lufa/LUFA/Drivers/USB/Core/AVR8/USBController_AVR8.o
USB_Device_SendRemoteWakeup                       lufa/LUFA/Drivers/USB/Core/AVR8/Device_AVR8.o
USB_Disable                                       lufa/LUFA/Drivers/USB/Core/AVR8/USBController_AVR8.o
USB_Event_Stub                                    lufa/LUFA/Drivers/USB/Core/Events.o
USB_GetHIDReportItemInfo                          lufa/LUFA/Drivers/USB/Class/Common/HIDParser.o
USB_GetHIDReportSize                              lufa/LUFA/Drivers/USB/Class/Common/HIDParser.o
USB_GetNextDescriptorComp                         lufa/LUFA/Drivers/USB/Core/ConfigDescriptors.o
USB_GetNextDescriptorOfType                       lufa/LUFA/Drivers/USB/Core/ConfigDescriptors.o
USB_GetNextDescriptorOfTypeAfter                  lufa/LUFA/Drivers/USB/Core/ConfigDescriptors.o
USB_GetNextDescriptorOfTypeBefore                 lufa/LUFA/Drivers/USB/Core/ConfigDescriptors.o
USB_INT_ClearAllInterrupts                        lufa/LUFA/Drivers/USB/Core/AVR8/USBInterrupt_AVR8.o
                                                  lufa/LUFA/Drivers/USB/Core/AVR8/USBController_AVR8.o
USB_INT_DisableAllInterrupts                      lufa/LUFA/Drivers/USB/Core/AVR8/USBInterrupt_AVR8.o
                                                  lufa/LUFA/Drivers/USB/Core/AVR8/USBController_AVR8.o
USB_Init                                          lufa/LUFA/Drivers/USB/Core/AVR8/USBController_AVR8.o
                                                  MIDI.o
USB_IsInitialized                                 lufa/LUFA/Drivers/USB/Core/USBTask.o
                                                  lufa/LUFA/Drivers/USB/Core/AVR8/USBController_AVR8.o
USB_ProcessHIDReport                              lufa/LUFA/Drivers/USB/Class/Common/HIDParser.o
USB_ResetInterface                                lufa/LUFA/Drivers/USB/Core/AVR8/USBController_AVR8.o
USB_SetHIDReportItemInfo                          lufa/LUFA/Drivers/USB/Class/Common/HIDParser.o
USB_USBTask                                       lufa/LUFA/Drivers/USB/Core/USBTask.o
                                                  lufa/LUFA/Drivers/USB/Class/Device/PrinterClassDevice.o
                                                  lufa/LUFA/Drivers/USB/Class/Device/MassStorageClassDevice.o
                                                  lufa/LUFA/Drivers/USB/Class/Device/CDCClassDevice.o
                                                  lufa/LUFA/Drivers/USB/Core/AVR8/EndpointStream_AVR8.o
                                                  MIDI.o
__bad_interrupt                                   d:/avr/avr8-gnu-toolchain/bin/../lib/gcc/avr/4.9.2/../../../../avr/lib/avr5/crtatmega32u4.o
__bss_end                                         d:/avr/avr8-gnu-toolchain/bin/../lib/gcc/avr/4.9.2/avr5\libgcc.a(_clear_bss.o)
__bss_start                                       d:/avr/avr8-gnu-toolchain/bin/../lib/gcc/avr/4.9.2/avr5\libgcc.a(_clear_bss.o)
__data_end                                        d:/avr/avr8-gnu-toolchain/bin/../lib/gcc/avr/4.9.2/avr5\libgcc.a(_copy_data.o)
__data_load_start                                 d:/avr/avr8-gnu-toolchain/bin/../lib/gcc/avr/4.9.2/avr5\libgcc.a(_copy_data.o)
__data_start                                      d:/avr/avr8-gnu-toolchain/bin/../lib/gcc/avr/4.9.2/avr5\libgcc.a(_copy_data.o)
__do_clear_bss                                    d:/avr/avr8-gnu-toolchain/bin/../lib/gcc/avr/4.9.2/avr5\libgcc.a(_clear_bss.o)
                                                  lufa/LUFA/Drivers/USB/Core/USBTask.o
                                                  lufa/LUFA/Drivers/USB/Core/DeviceStandardReq.o
__do_copy_data                                    d:/avr/avr8-gnu-toolchain/bin/../lib/gcc/avr/4.9.2/avr5\libgcc.a(_copy_data.o)
                                                  lufa/LUFA/Drivers/USB/Class/Device/RNDISClassDevice.o
                                                  lufa/LUFA/Drivers/USB/Class/Device/CDCClassDevice.o
                                                  MIDI.o
__heap_end                                        d:/avr/avr8-gnu-toolchain/bin/../lib/gcc/avr/4.9.2/../../../../avr/lib/avr5/crtatmega32u4.o
__init                                            d:/avr/avr8-gnu-toolchain/bin/../lib/gcc/avr/4.9.2/../../../../avr/lib/avr5/crtatmega32u4.o
__stack                                           d:/avr/avr8-gnu-toolchain/bin/../lib/gcc/avr/4.9.2/../../../../avr/lib/avr5/crtatmega32u4.o
__strlen_P                                        d:/avr/avr8-gnu-toolchain/bin/../lib/gcc/avr/4.9.2/../../../../avr/lib/avr5\libc.a(strlen_P.o)
                                                  lufa/LUFA/Drivers/USB/Class/Device/CDCClassDevice.o
__vector_1                                        d:/avr/avr8-gnu-toolchain/bin/../lib/gcc/avr/4.9.2/../../../../avr/lib/avr5/crtatmega32u4.o
__vector_10                                       lufa/LUFA/Drivers/USB/Core/AVR8/USBInterrupt_AVR8.o
                                                  d:/avr/avr8-gnu-toolchain/bin/../lib/gcc/avr/4.9.2/../../../../avr/lib/avr5/crtatmega32u4.o
__vector_11                                       d:/avr/avr8-gnu-toolchain/bin/../lib/gcc/avr/4.9.2/../../../../avr/lib/avr5/crtatmega32u4.o
__vector_12                                       d:/avr/avr8-gnu-toolchain/bin/../lib/gcc/avr/4.9.2/../../../../avr/lib/avr5/crtatmega32u4.o
__vector_13                                       d:/avr/avr8-gnu-toolchain/bin/../lib/gcc/avr/4.9.2/../../../../avr/lib/avr5/crtatmega32u4.o
__vector_14                                       d:/avr/avr8-gnu-toolchain/bin/../lib/gcc/avr/4.9.2/../../../../avr/lib/avr5/crtatmega32u4.o
__vector_15                                       d:/avr/avr8-gnu-toolchain/bin/../lib/gcc/avr/4.9.2/../../../../avr/lib/avr5/crtatmega32u4.o
__vector_16                                       d:/avr/avr8-gnu-toolchain/bin/../lib/gcc/avr/4.9.2/../../../../avr/lib/avr5/crtatmega32u4.o
__vector_17                                       d:/avr/avr8-gnu-toolchain/bin/../lib/gcc/avr/4.9.2/../../../../avr/lib/avr5/crtatmega32u4.o
__vector_18                                       d:/avr/avr8-gnu-toolchain/bin/../lib/gcc/avr/4.9.2/../../../../avr/lib/avr5/crtatmega32u4.o
__vector_19                                       d:/avr/avr8-gnu-toolchain/bin/../lib/gcc/avr/4.9.2/../../../../avr/lib/avr5/crtatmega32u4.o
__vector_2                                        d:/avr/avr8-gnu-toolchain/bin/../lib/gcc/avr/4.9.2/../../../../avr/lib/avr5/crtatmega32u4.o
__vector_20                                       d:/avr/avr8-gnu-toolchain/bin/../lib/gcc/avr/4.9.2/../../../../avr/lib/avr5/crtatmega32u4.o
__vector_21                                       d:/avr/avr8-gnu-toolchain/bin/../lib/gcc/avr/4.9.2/../../../../avr/lib/avr5/crtatmega32u4.o
__vector_22                                       d:/avr/avr8-gnu-toolchain/bin/../lib/gcc/avr/4.9.2/../../../../avr/lib/avr5/crtatmega32u4.o
__vector_23                                       d:/avr/avr8-gnu-toolchain/bin/../lib/gcc/avr/4.9.2/../../../../avr/lib/avr5/crtatmega32u4.o
__vector_24                                       d:/avr/avr8-gnu-toolchain/bin/../lib/gcc/avr/4.9.2/../../../../avr/lib/avr5/crtatmega32u4.o
__vector_25                                       d:/avr/avr8-gnu-toolchain/bin/../lib/gcc/avr/4.9.2/../../../../avr/lib/avr5/crtatmega32u4.o
__vector_26                                       d:/avr/avr8-gnu-toolchain/bin/../lib/gcc/avr/4.9.2/../../../../avr/lib/avr5/crtatmega32u4.o
__vector_27                                       d:/avr/avr8-gnu-toolchain/bin/../lib/gcc/avr/4.9.2/../../../../avr/lib/avr5/crtatmega32u4.o
__vector_28                                       d:/avr/avr8-gnu-toolchain/bin/../lib/gcc/avr/4.9.2/../../../../avr/lib/avr5/crtatmega32u4.o
__vector_29                                       d:/avr/avr8-gnu-toolchain/bin/../lib/gcc/avr/4.9.2/../../../../avr/lib/avr5/crtatmega32u4.o
__vector_3                                        d:/avr/avr8-gnu-toolchain/bin/../lib/gcc/avr/4.9.2/../../../../avr/lib/avr5/crtatmega32u4.o
__vector_30                                       d:/avr/avr8-gnu-toolchain/bin/../lib/gcc/avr/4.9.2/../../../../avr/lib/avr5/crtatmega32u4.o
__vector_31                                       d:/avr/avr8-gnu-toolchain/bin/../lib/gcc/avr/4.9.2/../../../../avr/lib/avr5/crtatmega32u4.o
__vector_32                                       d:/avr/avr8-gnu-toolchain/bin/../lib/gcc/avr/4.9.2/../../../../avr/lib/avr5/crtatmega32u4.o
__vector_33                                       d:/avr/avr8-gnu-toolchain/bin/../lib/gcc/avr/4.9.2/../../../../avr/lib/avr5/crtatmega32u4.o
__vector_34                                       d:/avr/avr8-gnu-toolchain/bin/../lib/gcc/avr/4.9.2/../../../../avr/lib/avr5/crtatmega32u4.o
__vector_35                                       d:/avr/avr8-gnu-toolchain/bin/../lib/gcc/avr/4.9.2/../../../../avr/lib/avr5/crtatmega32u4.o
__vector_36                                       d:/avr/avr8-gnu-toolchain/bin/../lib/gcc/avr/4.9.2/../../../../avr/lib/avr5/crtatmega32u4.o
__vector_37                                       d:/avr/avr8-gnu-toolchain/bin/../lib/gcc/avr/4.9.2/../../../../avr/lib/avr5/crtatmega32u4.o
__vector_38                                       d:/avr/avr8-gnu-toolchain/bin/../lib/gcc/avr/4.9.2/../../../../avr/lib/avr5/crtatmega32u4.o
__vector_39                                       d:/avr/avr8-gnu-toolchain/bin/../lib/gcc/avr/4.9.2/../../../../avr/lib/avr5/crtatmega32u4.o
__vector_4                                        d:/avr/avr8-gnu-toolchain/bin/../lib/gcc/avr/4.9.2/../../../../avr/lib/avr5/crtatmega32u4.o
__vector_40                                       d:/avr/avr8-gnu-toolchain/bin/../lib/gcc/avr/4.9.2/../../../../avr/lib/avr5/crtatmega32u4.o
__vector_41                                       d:/avr/avr8-gnu-toolchain/bin/../lib/gcc/avr/4.9.2/../../../../avr/lib/avr5/crtatmega32u4.o
__vector_42                                       d:/avr/avr8-gnu-toolchain/bin/../lib/gcc/avr/4.9.2/../../../../avr/lib/avr5/crtatmega32u4.o
__vector_5                                        d:/avr/avr8-gnu-toolchain/bin/../lib/gcc/avr/4.9.2/../../../../avr/lib/avr5/crtatmega32u4.o
__vector_6                                        d:/avr/avr8-gnu-toolchain/bin/../lib/gcc/avr/4.9.2/../../../../avr/lib/avr5/crtatmega32u4.o
__vector_7                                        d:/avr/avr8-gnu-toolchain/bin/../lib/gcc/avr/4.9.2/../../../../avr/lib/avr5/crtatmega32u4.o
__vector_8                                        d:/avr/avr8-gnu-toolchain/bin/../lib/gcc/avr/4.9.2/../../../../avr/lib/avr5/crtatmega32u4.o
__vector_9                                        d:/avr/avr8-gnu-toolchain/bin/../lib/gcc/avr/4.9.2/../../../../avr/lib/avr5/crtatmega32u4.o
__vector_default                                  d:/avr/avr8-gnu-toolchain/bin/../lib/gcc/avr/4.9.2/../../../../avr/lib/avr5/crtatmega32u4.o
__vectors                                         d:/avr/avr8-gnu-toolchain/bin/../lib/gcc/avr/4.9.2/../../../../avr/lib/avr5/crtatmega32u4.o
_exit                                             d:/avr/avr8-gnu-toolchain/bin/../lib/gcc/avr/4.9.2/avr5\libgcc.a(_exit.o)
cc_send                                           MIDI.o
eeprom_read_byte                                  d:/avr/avr8-gnu-toolchain/bin/../lib/gcc/avr/4.9.2/../../../../avr/lib/avr5\libatmega32u4.a(eerd_byte.o)
                                                  lufa/LUFA/Drivers/USB/Core/AVR8/EndpointStream_AVR8.o
eeprom_update_byte                                d:/avr/avr8-gnu-toolchain/bin/../lib/gcc/avr/4.9.2/../../../../avr/lib/avr5\libatmega32u4.a(eeupd_byte.o)
                                                  lufa/LUFA/Drivers/USB/Core/AVR8/EndpointStream_AVR8.o
eeprom_update_r18                                 d:/avr/avr8-gnu-toolchain/bin/../lib/gcc/avr/4.9.2/../../../../avr/lib/avr5\libatmega32u4.a(eeupd_byte.o)
exit                                              d:/avr/avr8-gnu-toolchain/bin/../lib/gcc/avr/4.9.2/avr5\libgcc.a(_exit.o)
                                                  d:/avr/avr8-gnu-toolchain/bin/../lib/gcc/avr/4.9.2/../../../../avr/lib/avr5/crtatmega32u4.o
main                                              MIDI.o
                                                  d:/avr/avr8-gnu-toolchain/bin/../lib/gcc/avr/4.9.2/../../../../avr/lib/avr5/crtatmega32u4.o
memcmp                                            d:/avr/avr8-gnu-toolchain/bin/../lib/gcc/avr/4.9.2/../../../../avr/lib/avr5\libc.a(memcmp.o)
                                                  lufa/LUFA/Drivers/USB/Class/Device/HIDClassDevice.o
memcpy                                            d:/avr/avr8-gnu-toolchain/bin/../lib/gcc/avr/4.9.2/../../../../avr/lib/avr5\libc.a(memcpy.o)
                                                  lufa/LUFA/Drivers/USB/Class/Device/RNDISClassDevice.o
                                                  lufa/LUFA/Drivers/USB/Class/Device/HIDClassDevice.o
memcpy_P                                          d:/avr/avr8-gnu-toolchain/bin/../lib/gcc/avr/4.9.2/../../../../avr/lib/avr5\libc.a(memcpy_P.o)
                                                  lufa/LUFA/Drivers/USB/Class/Device/RNDISClassDevice.o
memset                                            d:/avr/avr8-gnu-toolchain/bin/../lib/gcc/avr/4.9.2/../../../../avr/lib/avr5\libc.a(memset.o)
                                                  lufa/LUFA/Drivers/USB/Class/Device/HIDClassDevice.o
raw_ADC                                           MIDI.o
