Archive member included because of file (symbol)

c:/avr8tc/bin/../lib/gcc/avr/4.8.1/avr4\libgcc.a(_exit.o)
                              c:/avr8tc/bin/../lib/gcc/avr/4.8.1/../../../../avr/lib/avr4/crtm8.o (exit)
c:/avr8tc/bin/../lib/gcc/avr/4.8.1/avr4\libgcc.a(_copy_data.o)
                              ./usbdrv/usbdrv.o (__do_copy_data)
c:/avr8tc/bin/../lib/gcc/avr/4.8.1/avr4\libgcc.a(_clear_bss.o)
                              ./usbdrv/usbdrv.o (__do_clear_bss)
c:/avr8tc/bin/../lib/gcc/avr/4.8.1/../../../../avr/lib/avr4\libm.a(cmpsf2.o)
                              ./Src/main.o (__ltsf2)
c:/avr8tc/bin/../lib/gcc/avr/4.8.1/../../../../avr/lib/avr4\libm.a(divsf3.o)
                              ./Src/main.o (__divsf3)
c:/avr8tc/bin/../lib/gcc/avr/4.8.1/../../../../avr/lib/avr4\libm.a(divsf3x.o)
                              c:/avr8tc/bin/../lib/gcc/avr/4.8.1/../../../../avr/lib/avr4\libm.a(divsf3.o) (__divsf3x)
c:/avr8tc/bin/../lib/gcc/avr/4.8.1/../../../../avr/lib/avr4\libm.a(fixunssfsi.o)
                              ./Src/main.o (__fixunssfsi)
c:/avr8tc/bin/../lib/gcc/avr/4.8.1/../../../../avr/lib/avr4\libm.a(fp_cmp.o)
                              c:/avr8tc/bin/../lib/gcc/avr/4.8.1/../../../../avr/lib/avr4\libm.a(cmpsf2.o) (__fp_cmp)
c:/avr8tc/bin/../lib/gcc/avr/4.8.1/../../../../avr/lib/avr4\libm.a(fp_inf.o)
                              c:/avr8tc/bin/../lib/gcc/avr/4.8.1/../../../../avr/lib/avr4\libm.a(divsf3x.o) (__fp_inf)
c:/avr8tc/bin/../lib/gcc/avr/4.8.1/../../../../avr/lib/avr4\libm.a(fp_nan.o)
                              c:/avr8tc/bin/../lib/gcc/avr/4.8.1/../../../../avr/lib/avr4\libm.a(divsf3x.o) (__fp_nan)
c:/avr8tc/bin/../lib/gcc/avr/4.8.1/../../../../avr/lib/avr4\libm.a(fp_pscA.o)
                              c:/avr8tc/bin/../lib/gcc/avr/4.8.1/../../../../avr/lib/avr4\libm.a(divsf3x.o) (__fp_pscA)
c:/avr8tc/bin/../lib/gcc/avr/4.8.1/../../../../avr/lib/avr4\libm.a(fp_pscB.o)
                              c:/avr8tc/bin/../lib/gcc/avr/4.8.1/../../../../avr/lib/avr4\libm.a(divsf3x.o) (__fp_pscB)
c:/avr8tc/bin/../lib/gcc/avr/4.8.1/../../../../avr/lib/avr4\libm.a(fp_round.o)
                              c:/avr8tc/bin/../lib/gcc/avr/4.8.1/../../../../avr/lib/avr4\libm.a(divsf3.o) (__fp_round)
c:/avr8tc/bin/../lib/gcc/avr/4.8.1/../../../../avr/lib/avr4\libm.a(fp_split3.o)
                              c:/avr8tc/bin/../lib/gcc/avr/4.8.1/../../../../avr/lib/avr4\libm.a(divsf3x.o) (__fp_split3)
c:/avr8tc/bin/../lib/gcc/avr/4.8.1/../../../../avr/lib/avr4\libm.a(fp_zero.o)
                              c:/avr8tc/bin/../lib/gcc/avr/4.8.1/../../../../avr/lib/avr4\libm.a(fixunssfsi.o) (__fp_zero)
c:/avr8tc/bin/../lib/gcc/avr/4.8.1/../../../../avr/lib/avr4\libm.a(gesf2.o)
                              ./Src/main.o (__gtsf2)
c:/avr8tc/bin/../lib/gcc/avr/4.8.1/../../../../avr/lib/avr4\libm.a(mulsf3.o)
                              ./Src/main.o (__mulsf3)
c:/avr8tc/bin/../lib/gcc/avr/4.8.1/../../../../avr/lib/avr4\libm.a(mulsf3x.o)
                              c:/avr8tc/bin/../lib/gcc/avr/4.8.1/../../../../avr/lib/avr4\libm.a(mulsf3.o) (__mulsf3x)

Allocating common symbols
Common symbol       size              file

usbTxBuf            0xb               ./usbdrv/usbdrv.o
usbTxStatus1        0xc               ./usbdrv/usbdrv.o
leds                0x14              ./Src/main.o
usbDeviceAddr       0x1               ./usbdrv/usbdrv.o
usbRxToken          0x1               ./usbdrv/usbdrv.o
usbInputBufOffset   0x1               ./usbdrv/usbdrv.o
usbMsgPtr           0x2               ./usbdrv/usbdrv.o
usbRxLen            0x1               ./usbdrv/usbdrv.o
usbNewDeviceAddr    0x1               ./usbdrv/usbdrv.o
usbCurrentTok       0x1               ./usbdrv/usbdrv.o
usbConfiguration    0x1               ./usbdrv/usbdrv.o
usbRxBuf            0x16              ./usbdrv/usbdrv.o

Memory Configuration

Name             Origin             Length             Attributes
text             0x00000000         0x00002000         xr
data             0x00800060         0x0000ffa0         rw !x
eeprom           0x00810000         0x00010000         rw !x
fuse             0x00820000         0x00000400         rw !x
lock             0x00830000         0x00000400         rw !x
signature        0x00840000         0x00000400         rw !x
user_signatures  0x00850000         0x00000400         rw !x
*default*        0x00000000         0xffffffff

Linker script and memory map

LOAD c:/avr8tc/bin/../lib/gcc/avr/4.8.1/../../../../avr/lib/avr4/crtm8.o
LOAD ./usbdrv/oddebug.o
LOAD ./usbdrv/usbdrv.o
LOAD ./usbdrv/usbdrvasm.o
LOAD ./Src/main.o
START GROUP
LOAD c:/avr8tc/bin/../lib/gcc/avr/4.8.1/avr4\libgcc.a
LOAD c:/avr8tc/bin/../lib/gcc/avr/4.8.1/../../../../avr/lib/avr4\libm.a
LOAD c:/avr8tc/bin/../lib/gcc/avr/4.8.1/../../../../avr/lib/avr4\libc.a
END GROUP

.hash
 *(.hash)

.dynsym
 *(.dynsym)

.dynstr
 *(.dynstr)

.gnu.version
 *(.gnu.version)

.gnu.version_d
 *(.gnu.version_d)

.gnu.version_r
 *(.gnu.version_r)

.rel.init
 *(.rel.init)

.rela.init
 *(.rela.init)

.rel.text
 *(.rel.text)
 *(.rel.text.*)
 *(.rel.gnu.linkonce.t*)

.rela.text
 *(.rela.text)
 *(.rela.text.*)
 *(.rela.gnu.linkonce.t*)

.rel.fini
 *(.rel.fini)

.rela.fini
 *(.rela.fini)

.rel.rodata
 *(.rel.rodata)
 *(.rel.rodata.*)
 *(.rel.gnu.linkonce.r*)

.rela.rodata
 *(.rela.rodata)
 *(.rela.rodata.*)
 *(.rela.gnu.linkonce.r*)

.rel.data
 *(.rel.data)
 *(.rel.data.*)
 *(.rel.gnu.linkonce.d*)

.rela.data
 *(.rela.data)
 *(.rela.data.*)
 *(.rela.gnu.linkonce.d*)

.rel.ctors
 *(.rel.ctors)

.rela.ctors
 *(.rela.ctors)

.rel.dtors
 *(.rel.dtors)

.rela.dtors
 *(.rela.dtors)

.rel.got
 *(.rel.got)

.rela.got
 *(.rela.got)

.rel.bss
 *(.rel.bss)

.rela.bss
 *(.rela.bss)

.rel.plt
 *(.rel.plt)

.rela.plt
 *(.rela.plt)

.text           0x00000000     0x1bc8
 *(.vectors)
 .vectors       0x00000000       0x26 c:/avr8tc/bin/../lib/gcc/avr/4.8.1/../../../../avr/lib/avr4/crtm8.o
                0x00000000                __vector_default
                0x00000000                __vectors
 *(.vectors)
 *(.progmem.gcc*)
                0x00000026                . = ALIGN (0x2)
                0x00000026                __trampolines_start = .
 *(.trampolines)
 .trampolines   0x00000026        0x0 linker stubs
 *(.trampolines*)
                0x00000026                __trampolines_end = .
 *(.progmem*)
 .progmem.data.usbDescriptorString0
                0x00000026        0x4 ./usbdrv/usbdrv.o
                0x00000026                usbDescriptorString0
 .progmem.data.usbDescriptorStringVendor
                0x0000002a       0x24 ./usbdrv/usbdrv.o
                0x0000002a                usbDescriptorStringVendor
 .progmem.data.usbDescriptorStringDevice
                0x0000004e       0x12 ./usbdrv/usbdrv.o
                0x0000004e                usbDescriptorStringDevice
 .progmem.data.deviceDescrMIDI
                0x00000060       0x12 ./Src/main.o
 .progmem.data.configDescrMIDI
                0x00000072       0x65 ./Src/main.o
                0x000000d8                . = ALIGN (0x2)
 *fill*         0x000000d7        0x1 
 *(.jumptables)
 *(.jumptables*)
 *(.lowtext)
 *(.lowtext*)
                0x000000d8                __ctors_start = .
 *(.ctors)
                0x000000d8                __ctors_end = .
                0x000000d8                __dtors_start = .
 *(.dtors)
                0x000000d8                __dtors_end = .
 SORT(*)(.ctors)
 SORT(*)(.dtors)
 *(.init0)
 .init0         0x000000d8        0x0 c:/avr8tc/bin/../lib/gcc/avr/4.8.1/../../../../avr/lib/avr4/crtm8.o
                0x000000d8                __init
 *(.init0)
 *(.init1)
 *(.init1)
 *(.init2)
 .init2         0x000000d8        0xc c:/avr8tc/bin/../lib/gcc/avr/4.8.1/../../../../avr/lib/avr4/crtm8.o
 *(.init2)
 *(.init3)
 *(.init3)
 *(.init4)
 .init4         0x000000e4       0x16 c:/avr8tc/bin/../lib/gcc/avr/4.8.1/avr4\libgcc.a(_copy_data.o)
                0x000000e4                __do_copy_data
 .init4         0x000000fa       0x10 c:/avr8tc/bin/../lib/gcc/avr/4.8.1/avr4\libgcc.a(_clear_bss.o)
                0x000000fa                __do_clear_bss
 *(.init4)
 *(.init5)
 *(.init5)
 *(.init6)
 *(.init6)
 *(.init7)
 *(.init7)
 *(.init8)
 *(.init8)
 *(.init9)
 .init9         0x0000010a        0x4 c:/avr8tc/bin/../lib/gcc/avr/4.8.1/../../../../avr/lib/avr4/crtm8.o
 *(.init9)
 *(.text)
 .text          0x0000010e        0x2 c:/avr8tc/bin/../lib/gcc/avr/4.8.1/../../../../avr/lib/avr4/crtm8.o
                0x0000010e                __vector_12
                0x0000010e                __bad_interrupt
                0x0000010e                __vector_6
                0x0000010e                __vector_3
                0x0000010e                __vector_11
                0x0000010e                __vector_13
                0x0000010e                __vector_17
                0x0000010e                __vector_7
                0x0000010e                __vector_5
                0x0000010e                __vector_4
                0x0000010e                __vector_9
                0x0000010e                __vector_2
                0x0000010e                __vector_15
                0x0000010e                __vector_8
                0x0000010e                __vector_14
                0x0000010e                __vector_10
                0x0000010e                __vector_16
                0x0000010e                __vector_18
 .text          0x00000110        0x0 ./usbdrv/oddebug.o
 .text          0x00000110        0x0 ./usbdrv/usbdrv.o
 .text          0x00000110      0x27a ./usbdrv/usbdrvasm.o
                0x00000110                usbCrc16
                0x0000013a                usbCrc16Append
                0x00000142                __vector_1
 .text          0x0000038a        0x0 ./Src/main.o
 .text          0x0000038a        0x0 c:/avr8tc/bin/../lib/gcc/avr/4.8.1/avr4\libgcc.a(_exit.o)
 .text          0x0000038a        0x0 c:/avr8tc/bin/../lib/gcc/avr/4.8.1/avr4\libgcc.a(_copy_data.o)
 .text          0x0000038a        0x0 c:/avr8tc/bin/../lib/gcc/avr/4.8.1/avr4\libgcc.a(_clear_bss.o)
 .text          0x0000038a        0x0 c:/avr8tc/bin/../lib/gcc/avr/4.8.1/../../../../avr/lib/avr4\libm.a(cmpsf2.o)
 .text          0x0000038a        0x0 c:/avr8tc/bin/../lib/gcc/avr/4.8.1/../../../../avr/lib/avr4\libm.a(divsf3.o)
 .text          0x0000038a        0x0 c:/avr8tc/bin/../lib/gcc/avr/4.8.1/../../../../avr/lib/avr4\libm.a(divsf3x.o)
 .text          0x0000038a        0x0 c:/avr8tc/bin/../lib/gcc/avr/4.8.1/../../../../avr/lib/avr4\libm.a(fixunssfsi.o)
 .text          0x0000038a        0x0 c:/avr8tc/bin/../lib/gcc/avr/4.8.1/../../../../avr/lib/avr4\libm.a(fp_cmp.o)
 .text          0x0000038a        0x0 c:/avr8tc/bin/../lib/gcc/avr/4.8.1/../../../../avr/lib/avr4\libm.a(fp_inf.o)
 .text          0x0000038a        0x0 c:/avr8tc/bin/../lib/gcc/avr/4.8.1/../../../../avr/lib/avr4\libm.a(fp_nan.o)
 .text          0x0000038a        0x0 c:/avr8tc/bin/../lib/gcc/avr/4.8.1/../../../../avr/lib/avr4\libm.a(fp_pscA.o)
 .text          0x0000038a        0x0 c:/avr8tc/bin/../lib/gcc/avr/4.8.1/../../../../avr/lib/avr4\libm.a(fp_pscB.o)
 .text          0x0000038a        0x0 c:/avr8tc/bin/../lib/gcc/avr/4.8.1/../../../../avr/lib/avr4\libm.a(fp_round.o)
 .text          0x0000038a        0x0 c:/avr8tc/bin/../lib/gcc/avr/4.8.1/../../../../avr/lib/avr4\libm.a(fp_split3.o)
 .text          0x0000038a        0x0 c:/avr8tc/bin/../lib/gcc/avr/4.8.1/../../../../avr/lib/avr4\libm.a(fp_zero.o)
 .text          0x0000038a        0x0 c:/avr8tc/bin/../lib/gcc/avr/4.8.1/../../../../avr/lib/avr4\libm.a(gesf2.o)
 .text          0x0000038a        0x0 c:/avr8tc/bin/../lib/gcc/avr/4.8.1/../../../../avr/lib/avr4\libm.a(mulsf3.o)
 .text          0x0000038a        0x0 c:/avr8tc/bin/../lib/gcc/avr/4.8.1/../../../../avr/lib/avr4\libm.a(mulsf3x.o)
                0x0000038a                . = ALIGN (0x2)
 *(.text.*)
 .text.usbResetDataToggling
                0x0000038a       0x14 ./usbdrv/usbdrv.o
 .text.usbResetStall
                0x0000039e       0x14 ./usbdrv/usbdrv.o
 .text.usbGenericSetInterrupt
                0x000003b2       0xc6 ./usbdrv/usbdrv.o
 .text.usbSetInterrupt
                0x00000478       0x2a ./usbdrv/usbdrv.o
                0x00000478                usbSetInterrupt
 .text.usbDriverDescriptor
                0x000004a2       0xb2 ./usbdrv/usbdrv.o
 .text.usbDriverSetup
                0x00000554      0x138 ./usbdrv/usbdrv.o
 .text.usbProcessRx
                0x0000068c      0x106 ./usbdrv/usbdrv.o
 .text.usbDeviceRead
                0x00000792       0xe8 ./usbdrv/usbdrv.o
 .text.usbBuildTxBlock
                0x0000087a       0x7c ./usbdrv/usbdrv.o
 .text.usbHandleResetHook
                0x000008f6       0x14 ./usbdrv/usbdrv.o
 .text.usbPoll  0x0000090a       0x96 ./usbdrv/usbdrv.o
                0x0000090a                usbPoll
 .text.usbInit  0x000009a0       0x3a ./usbdrv/usbdrv.o
                0x000009a0                usbInit
 .text.row_on   0x000009da       0x8a ./Src/main.o
                0x000009da                row_on
 .text.row_off  0x00000a64       0x8a ./Src/main.o
                0x00000a64                row_off
 .text.row_scan
                0x00000aee       0xa4 ./Src/main.o
                0x00000aee                row_scan
 .text.led_row_high
                0x00000b92       0x8a ./Src/main.o
                0x00000b92                led_row_high
 .text.led_row_low
                0x00000c1c       0x8a ./Src/main.o
                0x00000c1c                led_row_low
 .text.all_rows_low
                0x00000ca6       0x26 ./Src/main.o
                0x00000ca6                all_rows_low
 .text.all_rows_high
                0x00000ccc       0x26 ./Src/main.o
                0x00000ccc                all_rows_high
 .text.led_col_low
                0x00000cf2       0xa4 ./Src/main.o
                0x00000cf2                led_col_low
 .text.led_col_high
                0x00000d96       0xa4 ./Src/main.o
                0x00000d96                led_col_high
 .text.all_cols_high
                0x00000e3a       0x26 ./Src/main.o
                0x00000e3a                all_cols_high
 .text.all_cols_low
                0x00000e60       0x26 ./Src/main.o
                0x00000e60                all_cols_low
 .text.row_flash
                0x00000e86       0x96 ./Src/main.o
                0x00000e86                row_flash
 .text.usbFunctionDescriptor
                0x00000f1c       0x42 ./Src/main.o
                0x00000f1c                usbFunctionDescriptor
 .text.usbFunctionSetup
                0x00000f5e       0x50 ./Src/main.o
                0x00000f5e                usbFunctionSetup
 .text.usbFunctionRead
                0x00000fae       0x64 ./Src/main.o
                0x00000fae                usbFunctionRead
 .text.usbFunctionWrite
                0x00001012       0x20 ./Src/main.o
                0x00001012                usbFunctionWrite
 .text.usbFunctionWriteOut
                0x00001032      0x108 ./Src/main.o
                0x00001032                usbFunctionWriteOut
 .text.hardwareInit
                0x0000113a       0x4e ./Src/main.o
 .text.ports_init
                0x00001188       0x9e ./Src/main.o
                0x00001188                ports_init
 .text.main     0x00001226      0x6b6 ./Src/main.o
                0x00001226                main
 .text.libgcc.mul
                0x000018dc        0x0 c:/avr8tc/bin/../lib/gcc/avr/4.8.1/avr4\libgcc.a(_exit.o)
 .text.libgcc.div
                0x000018dc        0x0 c:/avr8tc/bin/../lib/gcc/avr/4.8.1/avr4\libgcc.a(_exit.o)
 .text.libgcc   0x000018dc        0x0 c:/avr8tc/bin/../lib/gcc/avr/4.8.1/avr4\libgcc.a(_exit.o)
 .text.libgcc.prologue
                0x000018dc        0x0 c:/avr8tc/bin/../lib/gcc/avr/4.8.1/avr4\libgcc.a(_exit.o)
 .text.libgcc.builtins
                0x000018dc        0x0 c:/avr8tc/bin/../lib/gcc/avr/4.8.1/avr4\libgcc.a(_exit.o)
 .text.libgcc.fmul
                0x000018dc        0x0 c:/avr8tc/bin/../lib/gcc/avr/4.8.1/avr4\libgcc.a(_exit.o)
 .text.libgcc.fixed
                0x000018dc        0x0 c:/avr8tc/bin/../lib/gcc/avr/4.8.1/avr4\libgcc.a(_exit.o)
 .text.libgcc.mul
                0x000018dc        0x0 c:/avr8tc/bin/../lib/gcc/avr/4.8.1/avr4\libgcc.a(_copy_data.o)
 .text.libgcc.div
                0x000018dc        0x0 c:/avr8tc/bin/../lib/gcc/avr/4.8.1/avr4\libgcc.a(_copy_data.o)
 .text.libgcc   0x000018dc        0x0 c:/avr8tc/bin/../lib/gcc/avr/4.8.1/avr4\libgcc.a(_copy_data.o)
 .text.libgcc.prologue
                0x000018dc        0x0 c:/avr8tc/bin/../lib/gcc/avr/4.8.1/avr4\libgcc.a(_copy_data.o)
 .text.libgcc.builtins
                0x000018dc        0x0 c:/avr8tc/bin/../lib/gcc/avr/4.8.1/avr4\libgcc.a(_copy_data.o)
 .text.libgcc.fmul
                0x000018dc        0x0 c:/avr8tc/bin/../lib/gcc/avr/4.8.1/avr4\libgcc.a(_copy_data.o)
 .text.libgcc.fixed
                0x000018dc        0x0 c:/avr8tc/bin/../lib/gcc/avr/4.8.1/avr4\libgcc.a(_copy_data.o)
 .text.libgcc.mul
                0x000018dc        0x0 c:/avr8tc/bin/../lib/gcc/avr/4.8.1/avr4\libgcc.a(_clear_bss.o)
 .text.libgcc.div
                0x000018dc        0x0 c:/avr8tc/bin/../lib/gcc/avr/4.8.1/avr4\libgcc.a(_clear_bss.o)
 .text.libgcc   0x000018dc        0x0 c:/avr8tc/bin/../lib/gcc/avr/4.8.1/avr4\libgcc.a(_clear_bss.o)
 .text.libgcc.prologue
                0x000018dc        0x0 c:/avr8tc/bin/../lib/gcc/avr/4.8.1/avr4\libgcc.a(_clear_bss.o)
 .text.libgcc.builtins
                0x000018dc        0x0 c:/avr8tc/bin/../lib/gcc/avr/4.8.1/avr4\libgcc.a(_clear_bss.o)
 .text.libgcc.fmul
                0x000018dc        0x0 c:/avr8tc/bin/../lib/gcc/avr/4.8.1/avr4\libgcc.a(_clear_bss.o)
 .text.libgcc.fixed
                0x000018dc        0x0 c:/avr8tc/bin/../lib/gcc/avr/4.8.1/avr4\libgcc.a(_clear_bss.o)
 .text.avr-libc.fplib
                0x000018dc        0x8 c:/avr8tc/bin/../lib/gcc/avr/4.8.1/../../../../avr/lib/avr4\libm.a(cmpsf2.o)
                0x000018dc                __nesf2
                0x000018dc                __eqsf2
                0x000018dc                __cmpsf2
                0x000018dc                __ltsf2
                0x000018dc                __lesf2
 .text.avr-libc.fplib
                0x000018e4        0x4 c:/avr8tc/bin/../lib/gcc/avr/4.8.1/../../../../avr/lib/avr4\libm.a(divsf3.o)
                0x000018e4                __divsf3
 .text.avr-libc.fplib
                0x000018e8       0xcc c:/avr8tc/bin/../lib/gcc/avr/4.8.1/../../../../avr/lib/avr4\libm.a(divsf3x.o)
                0x000018fe                __divsf3x
                0x00001902                __divsf3_pse
 .text.avr-libc.fplib
                0x000019b4       0x58 c:/avr8tc/bin/../lib/gcc/avr/4.8.1/../../../../avr/lib/avr4\libm.a(fixunssfsi.o)
                0x000019b4                __fixunssfsi
 .text.avr-libc.fplib
                0x00001a0c       0x48 c:/avr8tc/bin/../lib/gcc/avr/4.8.1/../../../../avr/lib/avr4\libm.a(fp_cmp.o)
                0x00001a0c                __fp_cmp
 .text.avr-libc.fplib
                0x00001a54        0xc c:/avr8tc/bin/../lib/gcc/avr/4.8.1/../../../../avr/lib/avr4\libm.a(fp_inf.o)
                0x00001a54                __fp_inf
 .text.avr-libc.fplib
                0x00001a60        0x6 c:/avr8tc/bin/../lib/gcc/avr/4.8.1/../../../../avr/lib/avr4\libm.a(fp_nan.o)
                0x00001a60                __fp_nan
 .text.avr-libc.fplib
                0x00001a66        0xe c:/avr8tc/bin/../lib/gcc/avr/4.8.1/../../../../avr/lib/avr4\libm.a(fp_pscA.o)
                0x00001a66                __fp_pscA
 .text.avr-libc.fplib
                0x00001a74        0xe c:/avr8tc/bin/../lib/gcc/avr/4.8.1/../../../../avr/lib/avr4\libm.a(fp_pscB.o)
                0x00001a74                __fp_pscB
 .text.avr-libc.fplib
                0x00001a82       0x22 c:/avr8tc/bin/../lib/gcc/avr/4.8.1/../../../../avr/lib/avr4\libm.a(fp_round.o)
                0x00001a82                __fp_round
 .text.avr-libc.fplib
                0x00001aa4       0x44 c:/avr8tc/bin/../lib/gcc/avr/4.8.1/../../../../avr/lib/avr4\libm.a(fp_split3.o)
                0x00001aa4                __fp_split3
                0x00001ab4                __fp_splitA
 .text.avr-libc.fplib
                0x00001ae8        0xe c:/avr8tc/bin/../lib/gcc/avr/4.8.1/../../../../avr/lib/avr4\libm.a(fp_zero.o)
                0x00001ae8                __fp_zero
                0x00001aea                __fp_szero
 .text.avr-libc.fplib
                0x00001af6        0x8 c:/avr8tc/bin/../lib/gcc/avr/4.8.1/../../../../avr/lib/avr4\libm.a(gesf2.o)
                0x00001af6                __gesf2
                0x00001af6                __gtsf2
 .text.avr-libc.fplib
                0x00001afe        0x4 c:/avr8tc/bin/../lib/gcc/avr/4.8.1/../../../../avr/lib/avr4\libm.a(mulsf3.o)
                0x00001afe                __mulsf3
 .text.avr-libc.fplib
                0x00001b02       0xc2 c:/avr8tc/bin/../lib/gcc/avr/4.8.1/../../../../avr/lib/avr4\libm.a(mulsf3x.o)
                0x00001b16                __mulsf3x
                0x00001b1a                __mulsf3_pse
                0x00001bc4                . = ALIGN (0x2)
 *(.fini9)
 .fini9         0x00001bc4        0x0 c:/avr8tc/bin/../lib/gcc/avr/4.8.1/avr4\libgcc.a(_exit.o)
                0x00001bc4                _exit
                0x00001bc4                exit
 *(.fini9)
 *(.fini8)
 *(.fini8)
 *(.fini7)
 *(.fini7)
 *(.fini6)
 *(.fini6)
 *(.fini5)
 *(.fini5)
 *(.fini4)
 *(.fini4)
 *(.fini3)
 *(.fini3)
 *(.fini2)
 *(.fini2)
 *(.fini1)
 *(.fini1)
 *(.fini0)
 .fini0         0x00001bc4        0x4 c:/avr8tc/bin/../lib/gcc/avr/4.8.1/avr4\libgcc.a(_exit.o)
 *(.fini0)
                0x00001bc8                _etext = .

.data           0x00800060        0x6 load address 0x00001bc8
                0x00800060                PROVIDE (__data_start, .)
 *(.data)
 .data          0x00800060        0x0 c:/avr8tc/bin/../lib/gcc/avr/4.8.1/../../../../avr/lib/avr4/crtm8.o
 .data          0x00800060        0x0 ./usbdrv/oddebug.o
 .data          0x00800060        0x0 ./usbdrv/usbdrv.o
 .data          0x00800060        0x0 ./usbdrv/usbdrvasm.o
 .data          0x00800060        0x0 ./Src/main.o
 .data          0x00800060        0x0 c:/avr8tc/bin/../lib/gcc/avr/4.8.1/avr4\libgcc.a(_exit.o)
 .data          0x00800060        0x0 c:/avr8tc/bin/../lib/gcc/avr/4.8.1/avr4\libgcc.a(_copy_data.o)
 .data          0x00800060        0x0 c:/avr8tc/bin/../lib/gcc/avr/4.8.1/avr4\libgcc.a(_clear_bss.o)
 .data          0x00800060        0x0 c:/avr8tc/bin/../lib/gcc/avr/4.8.1/../../../../avr/lib/avr4\libm.a(cmpsf2.o)
 .data          0x00800060        0x0 c:/avr8tc/bin/../lib/gcc/avr/4.8.1/../../../../avr/lib/avr4\libm.a(divsf3.o)
 .data          0x00800060        0x0 c:/avr8tc/bin/../lib/gcc/avr/4.8.1/../../../../avr/lib/avr4\libm.a(divsf3x.o)
 .data          0x00800060        0x0 c:/avr8tc/bin/../lib/gcc/avr/4.8.1/../../../../avr/lib/avr4\libm.a(fixunssfsi.o)
 .data          0x00800060        0x0 c:/avr8tc/bin/../lib/gcc/avr/4.8.1/../../../../avr/lib/avr4\libm.a(fp_cmp.o)
 .data          0x00800060        0x0 c:/avr8tc/bin/../lib/gcc/avr/4.8.1/../../../../avr/lib/avr4\libm.a(fp_inf.o)
 .data          0x00800060        0x0 c:/avr8tc/bin/../lib/gcc/avr/4.8.1/../../../../avr/lib/avr4\libm.a(fp_nan.o)
 .data          0x00800060        0x0 c:/avr8tc/bin/../lib/gcc/avr/4.8.1/../../../../avr/lib/avr4\libm.a(fp_pscA.o)
 .data          0x00800060        0x0 c:/avr8tc/bin/../lib/gcc/avr/4.8.1/../../../../avr/lib/avr4\libm.a(fp_pscB.o)
 .data          0x00800060        0x0 c:/avr8tc/bin/../lib/gcc/avr/4.8.1/../../../../avr/lib/avr4\libm.a(fp_round.o)
 .data          0x00800060        0x0 c:/avr8tc/bin/../lib/gcc/avr/4.8.1/../../../../avr/lib/avr4\libm.a(fp_split3.o)
 .data          0x00800060        0x0 c:/avr8tc/bin/../lib/gcc/avr/4.8.1/../../../../avr/lib/avr4\libm.a(fp_zero.o)
 .data          0x00800060        0x0 c:/avr8tc/bin/../lib/gcc/avr/4.8.1/../../../../avr/lib/avr4\libm.a(gesf2.o)
 .data          0x00800060        0x0 c:/avr8tc/bin/../lib/gcc/avr/4.8.1/../../../../avr/lib/avr4\libm.a(mulsf3.o)
 .data          0x00800060        0x0 c:/avr8tc/bin/../lib/gcc/avr/4.8.1/../../../../avr/lib/avr4\libm.a(mulsf3x.o)
 *(.data*)
 .data.usbTxLen
                0x00800060        0x1 ./usbdrv/usbdrv.o
                0x00800060                usbTxLen
 .data.usbMsgLen
                0x00800061        0x1 ./usbdrv/usbdrv.o
 .data.midiMsg  0x00800062        0x4 ./Src/main.o
                0x00800062                midiMsg
 *(.rodata)
 *(.rodata*)
 *(.gnu.linkonce.d*)
                0x00800066                . = ALIGN (0x2)
                0x00800066                _edata = .
                0x00800066                PROVIDE (__data_end, .)

.bss            0x00800066       0x7a
                0x00800066                PROVIDE (__bss_start, .)
 *(.bss)
 .bss           0x00800066        0x0 c:/avr8tc/bin/../lib/gcc/avr/4.8.1/../../../../avr/lib/avr4/crtm8.o
 .bss           0x00800066        0x0 ./usbdrv/oddebug.o
 .bss           0x00800066        0x0 ./usbdrv/usbdrv.o
 .bss           0x00800066        0x0 ./usbdrv/usbdrvasm.o
 .bss           0x00800066        0x0 ./Src/main.o
 .bss           0x00800066        0x0 c:/avr8tc/bin/../lib/gcc/avr/4.8.1/avr4\libgcc.a(_exit.o)
 .bss           0x00800066        0x0 c:/avr8tc/bin/../lib/gcc/avr/4.8.1/avr4\libgcc.a(_copy_data.o)
 .bss           0x00800066        0x0 c:/avr8tc/bin/../lib/gcc/avr/4.8.1/avr4\libgcc.a(_clear_bss.o)
 .bss           0x00800066        0x0 c:/avr8tc/bin/../lib/gcc/avr/4.8.1/../../../../avr/lib/avr4\libm.a(cmpsf2.o)
 .bss           0x00800066        0x0 c:/avr8tc/bin/../lib/gcc/avr/4.8.1/../../../../avr/lib/avr4\libm.a(divsf3.o)
 .bss           0x00800066        0x0 c:/avr8tc/bin/../lib/gcc/avr/4.8.1/../../../../avr/lib/avr4\libm.a(divsf3x.o)
 .bss           0x00800066        0x0 c:/avr8tc/bin/../lib/gcc/avr/4.8.1/../../../../avr/lib/avr4\libm.a(fixunssfsi.o)
 .bss           0x00800066        0x0 c:/avr8tc/bin/../lib/gcc/avr/4.8.1/../../../../avr/lib/avr4\libm.a(fp_cmp.o)
 .bss           0x00800066        0x0 c:/avr8tc/bin/../lib/gcc/avr/4.8.1/../../../../avr/lib/avr4\libm.a(fp_inf.o)
 .bss           0x00800066        0x0 c:/avr8tc/bin/../lib/gcc/avr/4.8.1/../../../../avr/lib/avr4\libm.a(fp_nan.o)
 .bss           0x00800066        0x0 c:/avr8tc/bin/../lib/gcc/avr/4.8.1/../../../../avr/lib/avr4\libm.a(fp_pscA.o)
 .bss           0x00800066        0x0 c:/avr8tc/bin/../lib/gcc/avr/4.8.1/../../../../avr/lib/avr4\libm.a(fp_pscB.o)
 .bss           0x00800066        0x0 c:/avr8tc/bin/../lib/gcc/avr/4.8.1/../../../../avr/lib/avr4\libm.a(fp_round.o)
 .bss           0x00800066        0x0 c:/avr8tc/bin/../lib/gcc/avr/4.8.1/../../../../avr/lib/avr4\libm.a(fp_split3.o)
 .bss           0x00800066        0x0 c:/avr8tc/bin/../lib/gcc/avr/4.8.1/../../../../avr/lib/avr4\libm.a(fp_zero.o)
 .bss           0x00800066        0x0 c:/avr8tc/bin/../lib/gcc/avr/4.8.1/../../../../avr/lib/avr4\libm.a(gesf2.o)
 .bss           0x00800066        0x0 c:/avr8tc/bin/../lib/gcc/avr/4.8.1/../../../../avr/lib/avr4\libm.a(mulsf3.o)
 .bss           0x00800066        0x0 c:/avr8tc/bin/../lib/gcc/avr/4.8.1/../../../../avr/lib/avr4\libm.a(mulsf3x.o)
 *(.bss*)
 .bss.usbMsgFlags
                0x00800066        0x1 ./usbdrv/usbdrv.o
 .bss.last_state
                0x00800067        0x4 ./Src/main.o
                0x00800067                last_state
 .bss.curr_state
                0x0080006b        0x1 ./Src/main.o
                0x0080006b                curr_state
 .bss.debounce  0x0080006c       0x28 ./Src/main.o
                0x0080006c                debounce
 .bss.tick      0x00800094        0x1 ./Src/main.o
                0x00800094                tick
 .bss.sendEmptyFrame
                0x00800095        0x1 ./Src/main.o
 *(COMMON)
 COMMON         0x00800096       0x36 ./usbdrv/usbdrv.o
                0x00800096                usbTxBuf
                0x008000a1                usbTxStatus1
                0x008000ad                usbDeviceAddr
                0x008000ae                usbRxToken
                0x008000af                usbInputBufOffset
                0x008000b0                usbMsgPtr
                0x008000b2                usbRxLen
                0x008000b3                usbNewDeviceAddr
                0x008000b4                usbCurrentTok
                0x008000b5                usbConfiguration
                0x008000b6                usbRxBuf
 COMMON         0x008000cc       0x14 ./Src/main.o
                0x008000cc                leds
                0x008000e0                PROVIDE (__bss_end, .)
                0x00001bc8                __data_load_start = LOADADDR (.data)
                0x00001bce                __data_load_end = (__data_load_start + SIZEOF (.data))

.noinit         0x008000e0        0x0
                0x008000e0                PROVIDE (__noinit_start, .)
 *(.noinit*)
                0x008000e0                PROVIDE (__noinit_end, .)
                0x008000e0                _end = .
                0x008000e0                PROVIDE (__heap_start, .)

.eeprom         0x00810000        0x0
 *(.eeprom*)
                0x00810000                __eeprom_end = .

.fuse
 *(.fuse)
 *(.lfuse)
 *(.hfuse)
 *(.efuse)

.lock
 *(.lock*)

.signature
 *(.signature*)

.user_signatures
 *(.user_signatures*)

.stab           0x00000000     0x3738
 *(.stab)
 .stab          0x00000000      0x4d4 ./usbdrv/oddebug.o
 .stab          0x000004d4      0xfd8 ./usbdrv/usbdrv.o
                               0x11d0 (size before relaxing)
 .stab          0x000014ac      0xdec ./usbdrv/usbdrvasm.o
                                0xdf8 (size before relaxing)
 .stab          0x00002298     0x14a0 ./Src/main.o
                               0x1680 (size before relaxing)

.stabstr        0x00000000     0x192b
 *(.stabstr)
 .stabstr       0x00000000     0x192b ./usbdrv/oddebug.o

.stab.excl
 *(.stab.excl)

.stab.exclstr
 *(.stab.exclstr)

.stab.index
 *(.stab.index)

.stab.indexstr
 *(.stab.indexstr)

.comment        0x00000000       0x30
 *(.comment)
 .comment       0x00000000       0x30 ./usbdrv/oddebug.o
                                 0x31 (size before relaxing)
 .comment       0x00000000       0x31 ./usbdrv/usbdrv.o
 .comment       0x00000000       0x31 ./Src/main.o

.note.gnu.build-id
 *(.note.gnu.build-id)

.debug
 *(.debug)

.line
 *(.line)

.debug_srcinfo
 *(.debug_srcinfo)

.debug_sfnames
 *(.debug_sfnames)

.debug_aranges
 *(.debug_aranges)

.debug_pubnames
 *(.debug_pubnames)

.debug_info
 *(.debug_info .gnu.linkonce.wi.*)

.debug_abbrev
 *(.debug_abbrev)

.debug_line
 *(.debug_line .debug_line.* .debug_line_end)

.debug_frame
 *(.debug_frame)

.debug_str
 *(.debug_str)

.debug_loc
 *(.debug_loc)

.debug_macinfo
 *(.debug_macinfo)

.debug_weaknames
 *(.debug_weaknames)

.debug_funcnames
 *(.debug_funcnames)

.debug_typenames
 *(.debug_typenames)

.debug_varnames
 *(.debug_varnames)

.debug_pubtypes
 *(.debug_pubtypes)

.debug_ranges
 *(.debug_ranges)

.debug_macro
 *(.debug_macro)
OUTPUT(midi.elf elf32-avr)
LOAD linker stubs
