Archive member included because of file (symbol)

/usr/lib/gcc/avr/4.8.2/avr5/libgcc.a(_exit.o)
                              /usr/lib/gcc/avr/4.8.2/../../../avr/lib/avr5/crtm32u4.o (exit)
/usr/lib/gcc/avr/4.8.2/avr5/libgcc.a(_copy_data.o)
                              MIDI.o (__do_copy_data)
/usr/lib/gcc/avr/4.8.2/avr5/libgcc.a(_clear_bss.o)
                              lufa/LUFA/Drivers/USB/Core/DeviceStandardReq.o (__do_clear_bss)
/usr/lib/gcc/avr/4.8.2/../../../avr/lib/avr5/libc.a(memcpy_P.o)
                              lufa/LUFA/Drivers/USB/Class/Device/RNDISClassDevice.o (memcpy_P)
/usr/lib/gcc/avr/4.8.2/../../../avr/lib/avr5/libc.a(strlen_P.o)
                              lufa/LUFA/Drivers/USB/Class/Device/CDCClassDevice.o (__strlen_P)
/usr/lib/gcc/avr/4.8.2/../../../avr/lib/avr5/libc.a(memcmp.o)
                              lufa/LUFA/Drivers/USB/Class/Device/HIDClassDevice.o (memcmp)
/usr/lib/gcc/avr/4.8.2/../../../avr/lib/avr5/libc.a(memcpy.o)
                              lufa/LUFA/Drivers/USB/Class/Device/HIDClassDevice.o (memcpy)
/usr/lib/gcc/avr/4.8.2/../../../avr/lib/avr5/libc.a(memset.o)
                              lufa/LUFA/Drivers/USB/Class/Device/HIDClassDevice.o (memset)
/usr/lib/gcc/avr/4.8.2/../../../avr/lib/avr5/libc.a(eerd_byte_atmega32u4.o)
                              lufa/LUFA/Drivers/USB/Core/AVR8/EndpointStream_AVR8.o (__eerd_byte_m32u4)
/usr/lib/gcc/avr/4.8.2/../../../avr/lib/avr5/libc.a(eeupd_byte_atmega32u4.o)
                              lufa/LUFA/Drivers/USB/Core/AVR8/EndpointStream_AVR8.o (__eeupd_byte_m32u4)

Allocating common symbols
Common symbol       size              file

USB_IsInitialized   0x1               lufa/LUFA/Drivers/USB/Core/USBTask.o
USB_DeviceState     0x1               lufa/LUFA/Drivers/USB/Core/USBTask.o
USB_Device_ConfigurationNumber
                    0x1               lufa/LUFA/Drivers/USB/Core/DeviceStandardReq.o
USB_Device_CurrentlySelfPowered
                    0x1               lufa/LUFA/Drivers/USB/Core/DeviceStandardReq.o
USB_ControlRequest  0x8               lufa/LUFA/Drivers/USB/Core/USBTask.o
USB_Device_RemoteWakeupEnabled
                    0x1               lufa/LUFA/Drivers/USB/Core/DeviceStandardReq.o

Discarded input sections

 .bss           0x0000000000000000        0x0 /usr/lib/gcc/avr/4.8.2/../../../avr/lib/avr5/crtm32u4.o
 .text          0x0000000000000000        0x0 MIDI.o
 .bss           0x0000000000000000        0x0 MIDI.o
 .text.noteon_send
                0x0000000000000000       0x3e MIDI.o
 .text          0x0000000000000000        0x0 Descriptors.o
 .bss           0x0000000000000000        0x0 Descriptors.o
 .text          0x0000000000000000        0x0 lufa/LUFA/Drivers/USB/Class/Common/HIDParser.o
 .bss           0x0000000000000000        0x0 lufa/LUFA/Drivers/USB/Class/Common/HIDParser.o
 .text.USB_ProcessHIDReport
                0x0000000000000000      0x70c lufa/LUFA/Drivers/USB/Class/Common/HIDParser.o
 .text.USB_GetHIDReportItemInfo
                0x0000000000000000       0xbc lufa/LUFA/Drivers/USB/Class/Common/HIDParser.o
 .text.USB_SetHIDReportItemInfo
                0x0000000000000000       0xec lufa/LUFA/Drivers/USB/Class/Common/HIDParser.o
 .text.USB_GetHIDReportSize
                0x0000000000000000       0x60 lufa/LUFA/Drivers/USB/Class/Common/HIDParser.o
 .text          0x0000000000000000        0x0 lufa/LUFA/Drivers/USB/Core/AVR8/Device_AVR8.o
 .bss           0x0000000000000000        0x0 lufa/LUFA/Drivers/USB/Core/AVR8/Device_AVR8.o
 .text.USB_Device_SendRemoteWakeup
                0x0000000000000000       0x2c lufa/LUFA/Drivers/USB/Core/AVR8/Device_AVR8.o
 .text          0x0000000000000000        0x0 lufa/LUFA/Drivers/USB/Core/AVR8/EndpointStream_AVR8.o
 .bss           0x0000000000000000        0x0 lufa/LUFA/Drivers/USB/Core/AVR8/EndpointStream_AVR8.o
 .text.Endpoint_Discard_Stream
                0x0000000000000000       0x7e lufa/LUFA/Drivers/USB/Core/AVR8/EndpointStream_AVR8.o
 .text.Endpoint_Null_Stream
                0x0000000000000000       0x7e lufa/LUFA/Drivers/USB/Core/AVR8/EndpointStream_AVR8.o
 .text.Endpoint_Write_Stream_BE
                0x0000000000000000       0xa4 lufa/LUFA/Drivers/USB/Core/AVR8/EndpointStream_AVR8.o
 .text.Endpoint_Read_Stream_BE
                0x0000000000000000       0xa4 lufa/LUFA/Drivers/USB/Core/AVR8/EndpointStream_AVR8.o
 .text.Endpoint_Write_PStream_LE
                0x0000000000000000       0x9a lufa/LUFA/Drivers/USB/Core/AVR8/EndpointStream_AVR8.o
 .text.Endpoint_Write_PStream_BE
                0x0000000000000000       0xa6 lufa/LUFA/Drivers/USB/Core/AVR8/EndpointStream_AVR8.o
 .text.Endpoint_Write_EStream_LE
                0x0000000000000000       0x9c lufa/LUFA/Drivers/USB/Core/AVR8/EndpointStream_AVR8.o
 .text.Endpoint_Write_EStream_BE
                0x0000000000000000       0xa8 lufa/LUFA/Drivers/USB/Core/AVR8/EndpointStream_AVR8.o
 .text.Endpoint_Read_EStream_LE
[...]
Memory Configuration

Name             Origin             Length             Attributes
text             0x0000000000000000 0x0000000000020000 xr
data             0x0000000000800060 0x000000000000ffa0 rw !x
eeprom           0x0000000000810000 0x0000000000010000 rw !x
fuse             0x0000000000820000 0x0000000000000400 rw !x
lock             0x0000000000830000 0x0000000000000400 rw !x
signature        0x0000000000840000 0x0000000000000400 rw !x
user_signatures  0x0000000000850000 0x0000000000000400 rw !x
*default*        0x0000000000000000 0xffffffffffffffff

Linker script and memory map

Address of section .data set to 0x800100
LOAD /usr/lib/gcc/avr/4.8.2/../../../avr/lib/avr5/crtm32u4.o
LOAD MIDI.o
LOAD Descriptors.o
LOAD lufa/LUFA/Drivers/USB/Class/Common/HIDParser.o
LOAD lufa/LUFA/Drivers/USB/Core/AVR8/Device_AVR8.o
LOAD lufa/LUFA/Drivers/USB/Core/AVR8/EndpointStream_AVR8.o
LOAD lufa/LUFA/Drivers/USB/Core/AVR8/Endpoint_AVR8.o
LOAD lufa/LUFA/Drivers/USB/Core/AVR8/Host_AVR8.o
LOAD lufa/LUFA/Drivers/USB/Core/AVR8/PipeStream_AVR8.o
LOAD lufa/LUFA/Drivers/USB/Core/AVR8/Pipe_AVR8.o
LOAD lufa/LUFA/Drivers/USB/Core/AVR8/USBController_AVR8.o
LOAD lufa/LUFA/Drivers/USB/Core/AVR8/USBInterrupt_AVR8.o
LOAD lufa/LUFA/Drivers/USB/Core/ConfigDescriptors.o
LOAD lufa/LUFA/Drivers/USB/Core/DeviceStandardReq.o
LOAD lufa/LUFA/Drivers/USB/Core/Events.o
LOAD lufa/LUFA/Drivers/USB/Core/HostStandardReq.o
LOAD lufa/LUFA/Drivers/USB/Core/USBTask.o
LOAD lufa/LUFA/Drivers/USB/Class/Device/AudioClassDevice.o
LOAD lufa/LUFA/Drivers/USB/Class/Device/CDCClassDevice.o
LOAD lufa/LUFA/Drivers/USB/Class/Device/HIDClassDevice.o
LOAD lufa/LUFA/Drivers/USB/Class/Device/MassStorageClassDevice.o
LOAD lufa/LUFA/Drivers/USB/Class/Device/MIDIClassDevice.o
LOAD lufa/LUFA/Drivers/USB/Class/Device/PrinterClassDevice.o
LOAD lufa/LUFA/Drivers/USB/Class/Device/RNDISClassDevice.o
LOAD lufa/LUFA/Drivers/USB/Class/Host/AndroidAccessoryClassHost.o
LOAD lufa/LUFA/Drivers/USB/Class/Host/AudioClassHost.o
LOAD lufa/LUFA/Drivers/USB/Class/Host/CDCClassHost.o
LOAD lufa/LUFA/Drivers/USB/Class/Host/HIDClassHost.o
LOAD lufa/LUFA/Drivers/USB/Class/Host/MassStorageClassHost.o
LOAD lufa/LUFA/Drivers/USB/Class/Host/MIDIClassHost.o
LOAD lufa/LUFA/Drivers/USB/Class/Host/PrinterClassHost.o
LOAD lufa/LUFA/Drivers/USB/Class/Host/RNDISClassHost.o
LOAD lufa/LUFA/Drivers/USB/Class/Host/StillImageClassHost.o
LOAD /usr/lib/gcc/avr/4.8.2/../../../avr/lib/avr5/libm.a
START GROUP
LOAD /usr/lib/gcc/avr/4.8.2/avr5/libgcc.a
LOAD /usr/lib/gcc/avr/4.8.2/../../../avr/lib/avr5/libm.a
LOAD /usr/lib/gcc/avr/4.8.2/../../../avr/lib/avr5/libc.a
END GROUP

.hash
 *(.hash)

.dynsym
 *(.dynsym)

.dynstr
 *(.dynstr)

.gnu.version
 *(.gnu.version)

.gnu.version_d
 *(.gnu.version_d)

.gnu.version_r
 *(.gnu.version_r)

.rel.init
 *(.rel.init)

.rela.init
 *(.rela.init)

.rel.text
 *(.rel.text)
 *(.rel.text.*)
 *(.rel.gnu.linkonce.t*)

.rela.text
 *(.rela.text)
 *(.rela.text.*)
 *(.rela.gnu.linkonce.t*)

.rel.fini
 *(.rel.fini)

.rela.fini
 *(.rela.fini)

.rel.rodata
 *(.rel.rodata)
 *(.rel.rodata.*)
 *(.rel.gnu.linkonce.r*)

.rela.rodata
 *(.rela.rodata)
 *(.rela.rodata.*)
 *(.rela.gnu.linkonce.r*)

.rel.data
 *(.rel.data)
 *(.rel.data.*)
 *(.rel.gnu.linkonce.d*)

.rela.data
 *(.rela.data)
 *(.rela.data.*)
 *(.rela.gnu.linkonce.d*)

.rel.ctors
 *(.rel.ctors)

.rela.ctors
 *(.rela.ctors)

.rel.dtors
 *(.rel.dtors)

.rela.dtors
 *(.rela.dtors)

.rel.got
 *(.rel.got)

.rela.got
 *(.rela.got)

.rel.bss
 *(.rel.bss)

.rela.bss
 *(.rela.bss)

.rel.plt
 *(.rel.plt)

.rela.plt
 *(.rela.plt)

.text           0x0000000000000000      0xdca
 *(.vectors)
 .vectors       0x0000000000000000       0xac /usr/lib/gcc/avr/4.8.2/../../../avr/lib/avr5/crtm32u4.o
                0x0000000000000000                __vectors
                0x0000000000000000                __vector_default
 *(.vectors)
 *(.progmem.gcc*)
 *(.progmem*)
 .progmem.data  0x00000000000000ac       0xb5 Descriptors.o
                0x00000000000000ac                ProductString
                0x00000000000000cc                ManufacturerString
                0x00000000000000e6                LanguageString
                0x00000000000000ea                ConfigurationDescriptor
                0x000000000000014f                DeviceDescriptor
                0x0000000000000162                . = ALIGN (0x2)
 *fill*         0x0000000000000161        0x1 
                0x0000000000000162                __trampolines_start = .
 *(.trampolines)
 .trampolines   0x0000000000000162        0x0 linker stubs
 *(.trampolines*)
                0x0000000000000162                __trampolines_end = .
 *(.jumptables)
 *(.jumptables*)
 *(.lowtext)
 *(.lowtext*)
                0x0000000000000162                __ctors_start = .
 *(.ctors)
                0x0000000000000162                __ctors_end = .
                0x0000000000000162                __dtors_start = .
 *(.dtors)
                0x0000000000000162                __dtors_end = .
 SORT(*)(.ctors)
 SORT(*)(.dtors)
 *(.init0)
 .init0         0x0000000000000162        0x0 /usr/lib/gcc/avr/4.8.2/../../../avr/lib/avr5/crtm32u4.o
                0x0000000000000162                __init
 *(.init0)
 *(.init1)
 *(.init1)
 *(.init2)
 .init2         0x0000000000000162        0xc /usr/lib/gcc/avr/4.8.2/../../../avr/lib/avr5/crtm32u4.o
 *(.init2)
 *(.init3)
 *(.init3)
 *(.init4)
 .init4         0x000000000000016e       0x16 /usr/lib/gcc/avr/4.8.2/avr5/libgcc.a(_copy_data.o)
                0x000000000000016e                __do_copy_data
 .init4         0x0000000000000184       0x10 /usr/lib/gcc/avr/4.8.2/avr5/libgcc.a(_clear_bss.o)
                0x0000000000000184                __do_clear_bss
 *(.init4)
 *(.init5)
 *(.init5)
 *(.init6)
 *(.init6)
 *(.init7)
 *(.init7)
 *(.init8)
 *(.init8)
 *(.init9)
 .init9         0x0000000000000194        0x4 /usr/lib/gcc/avr/4.8.2/../../../avr/lib/avr5/crtm32u4.o
 *(.init9)
 *(.text)
 .text          0x0000000000000198        0x2 /usr/lib/gcc/avr/4.8.2/../../../avr/lib/avr5/crtm32u4.o
                0x0000000000000198                __vector_38
                0x0000000000000198                __vector_22
                0x0000000000000198                __vector_28
                0x0000000000000198                __vector_1
                0x0000000000000198                __vector_32
                0x0000000000000198                __vector_34
                0x0000000000000198                __vector_24
                0x0000000000000198                __vector_12
                0x0000000000000198                __bad_interrupt
                0x0000000000000198                __vector_6
                0x0000000000000198                __vector_31
                0x0000000000000198                __vector_35
                0x0000000000000198                __vector_39
                0x0000000000000198                __vector_3
                0x0000000000000198                __vector_23
                0x0000000000000198                __vector_30
                0x0000000000000198                __vector_25
                0x0000000000000198                __vector_11
                0x0000000000000198                __vector_13
                0x0000000000000198                __vector_17
                0x0000000000000198                __vector_19
                0x0000000000000198                __vector_7
                0x0000000000000198                __vector_41
                0x0000000000000198                __vector_27
                0x0000000000000198                __vector_5
                0x0000000000000198                __vector_33
                0x0000000000000198                __vector_37
                0x0000000000000198                __vector_4
                0x0000000000000198                __vector_9
                0x0000000000000198                __vector_2
                0x0000000000000198                __vector_21
                0x0000000000000198                __vector_15
                0x0000000000000198                __vector_36
                0x0000000000000198                __vector_29
                0x0000000000000198                __vector_40
                0x0000000000000198                __vector_8
                0x0000000000000198                __vector_26
                0x0000000000000198                __vector_14
                0x0000000000000198                __vector_16
                0x0000000000000198                __vector_18
                0x0000000000000198                __vector_20
                0x0000000000000198                __vector_42
                0x000000000000019a                . = ALIGN (0x2)
 *(.text.*)
 .text.cc_send  0x000000000000019a       0x38 MIDI.o
                0x000000000000019a                cc_send
 .text.SetupHardware
                0x00000000000001d2       0x68 MIDI.o
                0x00000000000001d2                SetupHardware
 .text.raw_ADC  0x000000000000023a       0x1c MIDI.o
                0x000000000000023a                raw_ADC
 .text.led_on   0x0000000000000256        0x4 MIDI.o
                0x0000000000000256                led_on
 .text.led_off  0x000000000000025a        0x4 MIDI.o
                0x000000000000025a                led_off
 .text.startup.main
                0x000000000000025e       0xa4 MIDI.o
                0x000000000000025e                main
 .text.EVENT_USB_Device_Connect
                0x0000000000000302        0x2 MIDI.o
                0x0000000000000302                EVENT_USB_Device_Connect
 .text.EVENT_USB_Device_Disconnect
                0x0000000000000304        0x2 MIDI.o
                0x0000000000000304                EVENT_USB_Device_Disconnect
 .text.EVENT_USB_Device_ConfigurationChanged
                0x0000000000000306        0x6 MIDI.o
                0x0000000000000306                EVENT_USB_Device_ConfigurationChanged
 .text.EVENT_USB_Device_ControlRequest
                0x000000000000030c        0x2 MIDI.o
                0x000000000000030c                EVENT_USB_Device_ControlRequest
 .text.CALLBACK_USB_GetDescriptor
                0x000000000000030e       0x64 Descriptors.o
                0x000000000000030e                CALLBACK_USB_GetDescriptor
 .text.Endpoint_Write_Stream_LE
                0x0000000000000372       0x90 lufa/LUFA/Drivers/USB/Core/AVR8/EndpointStream_AVR8.o
                0x0000000000000372                Endpoint_Write_Stream_LE
 .text.Endpoint_Read_Stream_LE
                0x0000000000000402       0x90 lufa/LUFA/Drivers/USB/Core/AVR8/EndpointStream_AVR8.o
                0x0000000000000402                Endpoint_Read_Stream_LE
 .text.Endpoint_Write_Control_Stream_LE
                0x0000000000000492       0xc2 lufa/LUFA/Drivers/USB/Core/AVR8/EndpointStream_AVR8.o
                0x0000000000000492                Endpoint_Write_Control_Stream_LE
 .text.Endpoint_Write_Control_PStream_LE
                0x0000000000000554       0xc4 lufa/LUFA/Drivers/USB/Core/AVR8/EndpointStream_AVR8.o
                0x0000000000000554                Endpoint_Write_Control_PStream_LE
 .text.Endpoint_ConfigureEndpoint_Prv
                0x0000000000000618       0x6a lufa/LUFA/Drivers/USB/Core/AVR8/Endpoint_AVR8.o
                0x0000000000000618                Endpoint_ConfigureEndpoint_Prv
 .text.Endpoint_ConfigureEndpointTable
                0x0000000000000682       0x7a lufa/LUFA/Drivers/USB/Core/AVR8/Endpoint_AVR8.o
                0x0000000000000682                Endpoint_ConfigureEndpointTable
 .text.Endpoint_ClearStatusStage
                0x00000000000006fc       0x42 lufa/LUFA/Drivers/USB/Core/AVR8/Endpoint_AVR8.o
                0x00000000000006fc                Endpoint_ClearStatusStage
 .text.Endpoint_WaitUntilReady
                0x000000000000073e       0x60 lufa/LUFA/Drivers/USB/Core/AVR8/Endpoint_AVR8.o
                0x000000000000073e                Endpoint_WaitUntilReady
 .text.USB_ResetInterface
                0x000000000000079e       0x80 lufa/LUFA/Drivers/USB/Core/AVR8/USBController_AVR8.o
                0x000000000000079e                USB_ResetInterface
 .text.USB_Init
                0x000000000000081e       0x20 lufa/LUFA/Drivers/USB/Core/AVR8/USBController_AVR8.o
                0x000000000000081e                USB_Init
 .text.USB_INT_DisableAllInterrupts
                0x000000000000083e       0x10 lufa/LUFA/Drivers/USB/Core/AVR8/USBInterrupt_AVR8.o
                0x000000000000083e                USB_INT_DisableAllInterrupts
 .text.USB_INT_ClearAllInterrupts
                0x000000000000084e        0xa lufa/LUFA/Drivers/USB/Core/AVR8/USBInterrupt_AVR8.o
                0x000000000000084e                USB_INT_ClearAllInterrupts
 .text.__vector_10
                0x0000000000000858      0x18c lufa/LUFA/Drivers/USB/Core/AVR8/USBInterrupt_AVR8.o
                0x0000000000000858                __vector_10
 .text.USB_Device_ProcessControlRequest
                0x00000000000009e4      0x2a2 lufa/LUFA/Drivers/USB/Core/DeviceStandardReq.o
                0x00000000000009e4                USB_Device_ProcessControlRequest
 .text.USB_Event_Stub
                0x0000000000000c86        0x2 lufa/LUFA/Drivers/USB/Core/Events.o
                0x0000000000000c86                EVENT_USB_Device_WakeUp
                0x0000000000000c86                USB_Event_Stub
                0x0000000000000c86                EVENT_USB_Device_Suspend
                0x0000000000000c86                EVENT_USB_Device_StartOfFrame
                0x0000000000000c86                EVENT_USB_Device_Reset
 .text.USB_USBTask
                0x0000000000000c88       0x38 lufa/LUFA/Drivers/USB/Core/USBTask.o
                0x0000000000000c88                USB_USBTask
 .text.MIDI_Device_ConfigureEndpoints
                0x0000000000000cc0       0x2e lufa/LUFA/Drivers/USB/Class/Device/MIDIClassDevice.o
                0x0000000000000cc0                MIDI_Device_ConfigureEndpoints
 .text.MIDI_Device_SendEventPacket
                0x0000000000000cee       0x3e lufa/LUFA/Drivers/USB/Class/Device/MIDIClassDevice.o
                0x0000000000000cee                MIDI_Device_SendEventPacket
 .text.MIDI_Device_Flush
                0x0000000000000d2c       0x36 lufa/LUFA/Drivers/USB/Class/Device/MIDIClassDevice.o
                0x0000000000000d2c                MIDI_Device_Flush
 .text.MIDI_Device_USBTask
                0x0000000000000d62       0x1c lufa/LUFA/Drivers/USB/Class/Device/MIDIClassDevice.o
                0x0000000000000d62                MIDI_Device_USBTask
 .text.MIDI_Device_ReceiveEventPacket
                0x0000000000000d7e       0x48 lufa/LUFA/Drivers/USB/Class/Device/MIDIClassDevice.o
                0x0000000000000d7e                MIDI_Device_ReceiveEventPacket
                0x0000000000000dc6                . = ALIGN (0x2)
 *(.fini9)
 .fini9         0x0000000000000dc6        0x0 /usr/lib/gcc/avr/4.8.2/avr5/libgcc.a(_exit.o)
                0x0000000000000dc6                exit
                0x0000000000000dc6                _exit
 *(.fini9)
 *(.fini8)
 *(.fini8)
 *(.fini7)
 *(.fini7)
 *(.fini6)
 *(.fini6)
 *(.fini5)
 *(.fini5)
 *(.fini4)
 *(.fini4)
 *(.fini3)
 *(.fini3)
 *(.fini2)
 *(.fini2)
 *(.fini1)
 *(.fini1)
 *(.fini0)
 .fini0         0x0000000000000dc6        0x4 /usr/lib/gcc/avr/4.8.2/avr5/libgcc.a(_exit.o)
 *(.fini0)
                0x0000000000000dca                _etext = .

.data           0x0000000000800100        0xc load address 0x0000000000000dca
                0x0000000000800100                PROVIDE (__data_start, .)
 *(.data)
 .data          0x0000000000800100        0x0 /usr/lib/gcc/avr/4.8.2/../../../avr/lib/avr5/crtm32u4.o
 .data          0x0000000000800100        0xc MIDI.o
                0x0000000000800100                Keyboard_MIDI_Interface
 .data          0x000000000080010c        0x0 Descriptors.o
 .data          0x000000000080010c        0x0 lufa/LUFA/Drivers/USB/Class/Common/HIDParser.o
 .data          0x000000000080010c        0x0 lufa/LUFA/Drivers/USB/Core/AVR8/Device_AVR8.o
 .data          0x000000000080010c        0x0 lufa/LUFA/Drivers/USB/Core/AVR8/EndpointStream_AVR8.o
 .data          0x000000000080010c        0x0 lufa/LUFA/Drivers/USB/Core/AVR8/Endpoint_AVR8.o
 .data          0x000000000080010c        0x0 lufa/LUFA/Drivers/USB/Core/AVR8/Host_AVR8.o
 .data          0x000000000080010c        0x0 lufa/LUFA/Drivers/USB/Core/AVR8/PipeStream_AVR8.o
 .data          0x000000000080010c        0x0 lufa/LUFA/Drivers/USB/Core/AVR8/Pipe_AVR8.o
 .data          0x000000000080010c        0x0 lufa/LUFA/Drivers/USB/Core/AVR8/USBController_AVR8.o
 .data          0x000000000080010c        0x0 lufa/LUFA/Drivers/USB/Core/AVR8/USBInterrupt_AVR8.o
 .data          0x000000000080010c        0x0 lufa/LUFA/Drivers/USB/Core/ConfigDescriptors.o
 .data          0x000000000080010c        0x0 lufa/LUFA/Drivers/USB/Core/DeviceStandardReq.o
 .data          0x000000000080010c        0x0 lufa/LUFA/Drivers/USB/Core/Events.o
 .data          0x000000000080010c        0x0 lufa/LUFA/Drivers/USB/Core/HostStandardReq.o
 .data          0x000000000080010c        0x0 lufa/LUFA/Drivers/USB/Core/USBTask.o
 .data          0x000000000080010c        0x0 lufa/LUFA/Drivers/USB/Class/Device/AudioClassDevice.o
 .data          0x000000000080010c        0x0 lufa/LUFA/Drivers/USB/Class/Device/CDCClassDevice.o
 .data          0x000000000080010c        0x0 lufa/LUFA/Drivers/USB/Class/Device/HIDClassDevice.o
 .data          0x000000000080010c        0x0 lufa/LUFA/Drivers/USB/Class/Device/MassStorageClassDevice.o
 .data          0x000000000080010c        0x0 lufa/LUFA/Drivers/USB/Class/Device/MIDIClassDevice.o
 .data          0x000000000080010c        0x0 lufa/LUFA/Drivers/USB/Class/Device/PrinterClassDevice.o
 .data          0x000000000080010c        0x0 lufa/LUFA/Drivers/USB/Class/Device/RNDISClassDevice.o
 .data          0x000000000080010c        0x0 lufa/LUFA/Drivers/USB/Class/Host/AndroidAccessoryClassHost.o
 .data          0x000000000080010c        0x0 lufa/LUFA/Drivers/USB/Class/Host/AudioClassHost.o
 .data          0x000000000080010c        0x0 lufa/LUFA/Drivers/USB/Class/Host/CDCClassHost.o
 .data          0x000000000080010c        0x0 lufa/LUFA/Drivers/USB/Class/Host/HIDClassHost.o
 .data          0x000000000080010c        0x0 lufa/LUFA/Drivers/USB/Class/Host/MassStorageClassHost.o
 .data          0x000000000080010c        0x0 lufa/LUFA/Drivers/USB/Class/Host/MIDIClassHost.o
 .data          0x000000000080010c        0x0 lufa/LUFA/Drivers/USB/Class/Host/PrinterClassHost.o
 .data          0x000000000080010c        0x0 lufa/LUFA/Drivers/USB/Class/Host/RNDISClassHost.o
 .data          0x000000000080010c        0x0 lufa/LUFA/Drivers/USB/Class/Host/StillImageClassHost.o
 .data          0x000000000080010c        0x0 /usr/lib/gcc/avr/4.8.2/avr5/libgcc.a(_exit.o)
 .data          0x000000000080010c        0x0 /usr/lib/gcc/avr/4.8.2/avr5/libgcc.a(_copy_data.o)
 .data          0x000000000080010c        0x0 /usr/lib/gcc/avr/4.8.2/avr5/libgcc.a(_clear_bss.o)
 .data          0x000000000080010c        0x0 /usr/lib/gcc/avr/4.8.2/../../../avr/lib/avr5/libc.a(memcpy_P.o)
 .data          0x000000000080010c        0x0 /usr/lib/gcc/avr/4.8.2/../../../avr/lib/avr5/libc.a(strlen_P.o)
 .data          0x000000000080010c        0x0 /usr/lib/gcc/avr/4.8.2/../../../avr/lib/avr5/libc.a(memcmp.o)
 .data          0x000000000080010c        0x0 /usr/lib/gcc/avr/4.8.2/../../../avr/lib/avr5/libc.a(memcpy.o)
 .data          0x000000000080010c        0x0 /usr/lib/gcc/avr/4.8.2/../../../avr/lib/avr5/libc.a(memset.o)
 .data          0x000000000080010c        0x0 /usr/lib/gcc/avr/4.8.2/../../../avr/lib/avr5/libc.a(eerd_byte_atmega32u4.o)
 .data          0x000000000080010c        0x0 /usr/lib/gcc/avr/4.8.2/../../../avr/lib/avr5/libc.a(eeupd_byte_atmega32u4.o)
 *(.data*)
 *(.rodata)
 *(.rodata*)
 *(.gnu.linkonce.d*)
                0x000000000080010c                . = ALIGN (0x2)
                0x000000000080010c                _edata = .
                0x000000000080010c                PROVIDE (__data_end, .)

.bss            0x000000000080010c        0xd
                0x000000000080010c                PROVIDE (__bss_start, .)
 *(.bss)
 *(.bss*)
 *(COMMON)
 COMMON         0x000000000080010c        0x3 lufa/LUFA/Drivers/USB/Core/DeviceStandardReq.o
                0x000000000080010c                USB_Device_ConfigurationNumber
                0x000000000080010d                USB_Device_CurrentlySelfPowered
                0x000000000080010e                USB_Device_RemoteWakeupEnabled
 COMMON         0x000000000080010f        0xa lufa/LUFA/Drivers/USB/Core/USBTask.o
                0x000000000080010f                USB_IsInitialized
                0x0000000000800110                USB_DeviceState
                0x0000000000800111                USB_ControlRequest
                0x0000000000800119                PROVIDE (__bss_end, .)
                0x0000000000000dca                __data_load_start = LOADADDR (.data)
                0x0000000000000dd6                __data_load_end = (__data_load_start + SIZEOF (.data))

.noinit         0x0000000000800119        0x0
                0x0000000000800119                PROVIDE (__noinit_start, .)
 *(.noinit*)
                0x0000000000800119                PROVIDE (__noinit_end, .)
                0x0000000000800119                _end = .
                0x0000000000800119                PROVIDE (__heap_start, .)

.eeprom         0x0000000000810000        0x0
 *(.eeprom*)
                0x0000000000810000                __eeprom_end = .

.fuse
 *(.fuse)
 *(.lfuse)
 *(.hfuse)
 *(.efuse)

.lock
 *(.lock*)

.signature
 *(.signature*)

.user_signatures
 *(.user_signatures*)

.stab           0x0000000000000000      0xb1c
 *(.stab)
 .stab          0x0000000000000000      0x6cc /usr/lib/gcc/avr/4.8.2/../../../avr/lib/avr5/crtm32u4.o
 .stab          0x00000000000006cc       0x84 /usr/lib/gcc/avr/4.8.2/../../../avr/lib/avr5/libc.a(memcpy_P.o)
                                         0x90 (size before relaxing)
 .stab          0x0000000000000750       0x84 /usr/lib/gcc/avr/4.8.2/../../../avr/lib/avr5/libc.a(strlen_P.o)
                                         0x90 (size before relaxing)
 .stab          0x00000000000007d4       0xb4 /usr/lib/gcc/avr/4.8.2/../../../avr/lib/avr5/libc.a(memcmp.o)
                                         0xc0 (size before relaxing)
 .stab          0x0000000000000888       0x84 /usr/lib/gcc/avr/4.8.2/../../../avr/lib/avr5/libc.a(memcpy.o)
                                         0x90 (size before relaxing)
 .stab          0x000000000000090c       0x6c /usr/lib/gcc/avr/4.8.2/../../../avr/lib/avr5/libc.a(memset.o)
                                         0x78 (size before relaxing)
 .stab          0x0000000000000978       0x90 /usr/lib/gcc/avr/4.8.2/../../../avr/lib/avr5/libc.a(eerd_byte_atmega32u4.o)
                                         0x9c (size before relaxing)
 .stab          0x0000000000000a08      0x114 /usr/lib/gcc/avr/4.8.2/../../../avr/lib/avr5/libc.a(eeupd_byte_atmega32u4.o)
                                        0x120 (size before relaxing)

.stabstr        0x0000000000000000      0x1a1
 *(.stabstr)
 .stabstr       0x0000000000000000      0x1a1 /usr/lib/gcc/avr/4.8.2/../../../avr/lib/avr5/crtm32u4.o

.stab.excl
 *(.stab.excl)

.stab.exclstr
 *(.stab.exclstr)

.stab.index
 *(.stab.index)

.stab.indexstr
 *(.stab.indexstr)

.comment        0x0000000000000000       0x11
 *(.comment)
 .comment       0x0000000000000000       0x11 MIDI.o
                                         0x12 (size before relaxing)
 .comment       0x0000000000000000       0x12 Descriptors.o
 .comment       0x0000000000000000       0x12 lufa/LUFA/Drivers/USB/Class/Common/HIDParser.o
 .comment       0x0000000000000000       0x12 lufa/LUFA/Drivers/USB/Core/AVR8/Device_AVR8.o
 .comment       0x0000000000000000       0x12 lufa/LUFA/Drivers/USB/Core/AVR8/EndpointStream_AVR8.o
 .comment       0x0000000000000000       0x12 lufa/LUFA/Drivers/USB/Core/AVR8/Endpoint_AVR8.o
 .comment       0x0000000000000000       0x12 lufa/LUFA/Drivers/USB/Core/AVR8/Host_AVR8.o
 .comment       0x0000000000000000       0x12 lufa/LUFA/Drivers/USB/Core/AVR8/PipeStream_AVR8.o
 .comment       0x0000000000000000       0x12 lufa/LUFA/Drivers/USB/Core/AVR8/Pipe_AVR8.o
 .comment       0x0000000000000000       0x12 lufa/LUFA/Drivers/USB/Core/AVR8/USBController_AVR8.o
 .comment       0x0000000000000000       0x12 lufa/LUFA/Drivers/USB/Core/AVR8/USBInterrupt_AVR8.o
 .comment       0x0000000000000000       0x12 lufa/LUFA/Drivers/USB/Core/ConfigDescriptors.o
 .comment       0x0000000000000000       0x12 lufa/LUFA/Drivers/USB/Core/DeviceStandardReq.o
 .comment       0x0000000000000000       0x12 lufa/LUFA/Drivers/USB/Core/Events.o
 .comment       0x0000000000000000       0x12 lufa/LUFA/Drivers/USB/Core/HostStandardReq.o
 .comment       0x0000000000000000       0x12 lufa/LUFA/Drivers/USB/Core/USBTask.o
 .comment       0x0000000000000000       0x12 lufa/LUFA/Drivers/USB/Class/Device/AudioClassDevice.o
 .comment       0x0000000000000000       0x12 lufa/LUFA/Drivers/USB/Class/Device/CDCClassDevice.o
 .comment       0x0000000000000000       0x12 lufa/LUFA/Drivers/USB/Class/Device/HIDClassDevice.o
 .comment       0x0000000000000000       0x12 lufa/LUFA/Drivers/USB/Class/Device/MassStorageClassDevice.o
 .comment       0x0000000000000000       0x12 lufa/LUFA/Drivers/USB/Class/Device/MIDIClassDevice.o
 .comment       0x0000000000000000       0x12 lufa/LUFA/Drivers/USB/Class/Device/PrinterClassDevice.o
 .comment       0x0000000000000000       0x12 lufa/LUFA/Drivers/USB/Class/Device/RNDISClassDevice.o
 .comment       0x0000000000000000       0x12 lufa/LUFA/Drivers/USB/Class/Host/AndroidAccessoryClassHost.o
 .comment       0x0000000000000000       0x12 lufa/LUFA/Drivers/USB/Class/Host/AudioClassHost.o
 .comment       0x0000000000000000       0x12 lufa/LUFA/Drivers/USB/Class/Host/CDCClassHost.o
 .comment       0x0000000000000000       0x12 lufa/LUFA/Drivers/USB/Class/Host/HIDClassHost.o
 .comment       0x0000000000000000       0x12 lufa/LUFA/Drivers/USB/Class/Host/MassStorageClassHost.o
 .comment       0x0000000000000000       0x12 lufa/LUFA/Drivers/USB/Class/Host/MIDIClassHost.o
 .comment       0x0000000000000000       0x12 lufa/LUFA/Drivers/USB/Class/Host/PrinterClassHost.o
 .comment       0x0000000000000000       0x12 lufa/LUFA/Drivers/USB/Class/Host/RNDISClassHost.o
 .comment       0x0000000000000000       0x12 lufa/LUFA/Drivers/USB/Class/Host/StillImageClassHost.o

.debug
 *(.debug)

.line
 *(.line)

.debug_srcinfo
 *(.debug_srcinfo)

.debug_sfnames
 *(.debug_sfnames)

.debug_aranges  0x0000000000000000      0x678
 *(.debug_aranges)
 .debug_aranges
                0x0000000000000000       0x70 MIDI.o
 .debug_aranges
                0x0000000000000070       0x20 Descriptors.o
 .debug_aranges
                0x0000000000000090       0x38 lufa/LUFA/Drivers/USB/Class/Common/HIDParser.o
 .debug_aranges
                0x00000000000000c8       0x20 lufa/LUFA/Drivers/USB/Core/AVR8/Device_AVR8.o
 .debug_aranges
                0x00000000000000e8       0xc8 lufa/LUFA/Drivers/USB/Core/AVR8/EndpointStream_AVR8.o
 .debug_aranges
                0x00000000000001b0       0x40 lufa/LUFA/Drivers/USB/Core/AVR8/Endpoint_AVR8.o
 .debug_aranges
                0x00000000000001f0       0x18 lufa/LUFA/Drivers/USB/Core/AVR8/Host_AVR8.o
 .debug_aranges
                0x0000000000000208       0x18 lufa/LUFA/Drivers/USB/Core/AVR8/PipeStream_AVR8.o
 .debug_aranges
                0x0000000000000220       0x18 lufa/LUFA/Drivers/USB/Core/AVR8/Pipe_AVR8.o
 .debug_aranges
                0x0000000000000238       0x30 lufa/LUFA/Drivers/USB/Core/AVR8/USBController_AVR8.o
 .debug_aranges
                0x0000000000000268       0x30 lufa/LUFA/Drivers/USB/Core/AVR8/USBInterrupt_AVR8.o
 .debug_aranges
                0x0000000000000298       0x40 lufa/LUFA/Drivers/USB/Core/ConfigDescriptors.o
 .debug_aranges
                0x00000000000002d8       0x20 lufa/LUFA/Drivers/USB/Core/DeviceStandardReq.o
 .debug_aranges
                0x00000000000002f8       0x20 lufa/LUFA/Drivers/USB/Core/Events.o
 .debug_aranges
                0x0000000000000318       0x18 lufa/LUFA/Drivers/USB/Core/HostStandardReq.o
 .debug_aranges
                0x0000000000000330       0x20 lufa/LUFA/Drivers/USB/Core/USBTask.o
 .debug_aranges
                0x0000000000000350       0x30 lufa/LUFA/Drivers/USB/Class/Device/AudioClassDevice.o
 .debug_aranges
                0x0000000000000380       0xa8 lufa/LUFA/Drivers/USB/Class/Device/CDCClassDevice.o
 .debug_aranges
                0x0000000000000428       0x30 lufa/LUFA/Drivers/USB/Class/Device/HIDClassDevice.o
 .debug_aranges
                0x0000000000000458       0x30 lufa/LUFA/Drivers/USB/Class/Device/MassStorageClassDevice.o
 .debug_aranges
                0x0000000000000488       0x40 lufa/LUFA/Drivers/USB/Class/Device/MIDIClassDevice.o
 .debug_aranges
                0x00000000000004c8       0x90 lufa/LUFA/Drivers/USB/Class/Device/PrinterClassDevice.o
 .debug_aranges
                0x0000000000000558       0x48 lufa/LUFA/Drivers/USB/Class/Device/RNDISClassDevice.o
 .debug_aranges
                0x00000000000005a0       0x18 lufa/LUFA/Drivers/USB/Class/Host/AndroidAccessoryClassHost.o
 .debug_aranges
                0x00000000000005b8       0x18 lufa/LUFA/Drivers/USB/Class/Host/AudioClassHost.o
 .debug_aranges
                0x00000000000005d0       0x18 lufa/LUFA/Drivers/USB/Class/Host/CDCClassHost.o
 .debug_aranges
                0x00000000000005e8       0x18 lufa/LUFA/Drivers/USB/Class/Host/HIDClassHost.o
 .debug_aranges
                0x0000000000000600       0x18 lufa/LUFA/Drivers/USB/Class/Host/MassStorageClassHost.o
 .debug_aranges
                0x0000000000000618       0x18 lufa/LUFA/Drivers/USB/Class/Host/MIDIClassHost.o
 .debug_aranges
                0x0000000000000630       0x18 lufa/LUFA/Drivers/USB/Class/Host/PrinterClassHost.o
 .debug_aranges
                0x0000000000000648       0x18 lufa/LUFA/Drivers/USB/Class/Host/RNDISClassHost.o
 .debug_aranges
                0x0000000000000660       0x18 lufa/LUFA/Drivers/USB/Class/Host/StillImageClassHost.o

.debug_pubnames
 *(.debug_pubnames)

.debug_info     0x0000000000000000     0xa900
 *(.debug_info)
 .debug_info    0x0000000000000000      0x778 MIDI.o
 .debug_info    0x0000000000000778      0x98d Descriptors.o
 .debug_info    0x0000000000001105      0x73e lufa/LUFA/Drivers/USB/Class/Common/HIDParser.o
 .debug_info    0x0000000000001843       0xd2 lufa/LUFA/Drivers/USB/Core/AVR8/Device_AVR8.o
 .debug_info    0x0000000000001915     0x1818 lufa/LUFA/Drivers/USB/Core/AVR8/EndpointStream_AVR8.o
 .debug_info    0x000000000000312d      0x614 lufa/LUFA/Drivers/USB/Core/AVR8/Endpoint_AVR8.o
 .debug_info    0x0000000000003741       0x56 lufa/LUFA/Drivers/USB/Core/AVR8/Host_AVR8.o
 .debug_info    0x0000000000003797       0x56 lufa/LUFA/Drivers/USB/Core/AVR8/PipeStream_AVR8.o
 .debug_info    0x00000000000037ed       0x56 lufa/LUFA/Drivers/USB/Core/AVR8/Pipe_AVR8.o
 .debug_info    0x0000000000003843      0x4cb lufa/LUFA/Drivers/USB/Core/AVR8/USBController_AVR8.o
 .debug_info    0x0000000000003d0e      0x673 lufa/LUFA/Drivers/USB/Core/AVR8/USBInterrupt_AVR8.o
 .debug_info    0x0000000000004381      0x3cd lufa/LUFA/Drivers/USB/Core/ConfigDescriptors.o
 .debug_info    0x000000000000474e      0xa57 lufa/LUFA/Drivers/USB/Core/DeviceStandardReq.o
 .debug_info    0x00000000000051a5       0x78 lufa/LUFA/Drivers/USB/Core/Events.o
 .debug_info    0x000000000000521d       0x56 lufa/LUFA/Drivers/USB/Core/HostStandardReq.o
 .debug_info    0x0000000000005273      0x26b lufa/LUFA/Drivers/USB/Core/USBTask.o
 .debug_info    0x00000000000054de      0x8fc lufa/LUFA/Drivers/USB/Class/Device/AudioClassDevice.o
 .debug_info    0x0000000000005dda     0x1028 lufa/LUFA/Drivers/USB/Class/Device/CDCClassDevice.o
 .debug_info    0x0000000000006e02      0xa07 lufa/LUFA/Drivers/USB/Class/Device/HIDClassDevice.o
 .debug_info    0x0000000000007809      0x977 lufa/LUFA/Drivers/USB/Class/Device/MassStorageClassDevice.o
 .debug_info    0x0000000000008180      0x62f lufa/LUFA/Drivers/USB/Class/Device/MIDIClassDevice.o
 .debug_info    0x00000000000087af      0xce5 lufa/LUFA/Drivers/USB/Class/Device/PrinterClassDevice.o
 .debug_info    0x0000000000009494     0x1166 lufa/LUFA/Drivers/USB/Class/Device/RNDISClassDevice.o
 .debug_info    0x000000000000a5fa       0x56 lufa/LUFA/Drivers/USB/Class/Host/AndroidAccessoryClassHost.o
 .debug_info    0x000000000000a650       0x56 lufa/LUFA/Drivers/USB/Class/Host/AudioClassHost.o
 .debug_info    0x000000000000a6a6       0x56 lufa/LUFA/Drivers/USB/Class/Host/CDCClassHost.o
 .debug_info    0x000000000000a6fc       0x56 lufa/LUFA/Drivers/USB/Class/Host/HIDClassHost.o
 .debug_info    0x000000000000a752       0x56 lufa/LUFA/Drivers/USB/Class/Host/MassStorageClassHost.o
 .debug_info    0x000000000000a7a8       0x56 lufa/LUFA/Drivers/USB/Class/Host/MIDIClassHost.o
 .debug_info    0x000000000000a7fe       0x56 lufa/LUFA/Drivers/USB/Class/Host/PrinterClassHost.o
 .debug_info    0x000000000000a854       0x56 lufa/LUFA/Drivers/USB/Class/Host/RNDISClassHost.o
 .debug_info    0x000000000000a8aa       0x56 lufa/LUFA/Drivers/USB/Class/Host/StillImageClassHost.o
 *(.gnu.linkonce.wi.*)

.debug_abbrev   0x0000000000000000     0x2b45
 *(.debug_abbrev)
 .debug_abbrev  0x0000000000000000      0x327 MIDI.o
 .debug_abbrev  0x0000000000000327      0x177 Descriptors.o
 .debug_abbrev  0x000000000000049e      0x21e lufa/LUFA/Drivers/USB/Class/Common/HIDParser.o
 .debug_abbrev  0x00000000000006bc       0x80 lufa/LUFA/Drivers/USB/Core/AVR8/Device_AVR8.o
 .debug_abbrev  0x000000000000073c      0x224 lufa/LUFA/Drivers/USB/Core/AVR8/EndpointStream_AVR8.o
 .debug_abbrev  0x0000000000000960      0x222 lufa/LUFA/Drivers/USB/Core/AVR8/Endpoint_AVR8.o
 .debug_abbrev  0x0000000000000b82       0x26 lufa/LUFA/Drivers/USB/Core/AVR8/Host_AVR8.o
 .debug_abbrev  0x0000000000000ba8       0x26 lufa/LUFA/Drivers/USB/Core/AVR8/PipeStream_AVR8.o
 .debug_abbrev  0x0000000000000bce       0x26 lufa/LUFA/Drivers/USB/Core/AVR8/Pipe_AVR8.o
 .debug_abbrev  0x0000000000000bf4      0x196 lufa/LUFA/Drivers/USB/Core/AVR8/USBController_AVR8.o
 .debug_abbrev  0x0000000000000d8a      0x1d5 lufa/LUFA/Drivers/USB/Core/AVR8/USBInterrupt_AVR8.o
 .debug_abbrev  0x0000000000000f5f      0x183 lufa/LUFA/Drivers/USB/Core/ConfigDescriptors.o
 .debug_abbrev  0x00000000000010e2      0x2c9 lufa/LUFA/Drivers/USB/Core/DeviceStandardReq.o
 .debug_abbrev  0x00000000000013ab       0x44 lufa/LUFA/Drivers/USB/Core/Events.o
 .debug_abbrev  0x00000000000013ef       0x26 lufa/LUFA/Drivers/USB/Core/HostStandardReq.o
 .debug_abbrev  0x0000000000001415      0x168 lufa/LUFA/Drivers/USB/Core/USBTask.o
 .debug_abbrev  0x000000000000157d      0x20c lufa/LUFA/Drivers/USB/Class/Device/AudioClassDevice.o
 .debug_abbrev  0x0000000000001789      0x446 lufa/LUFA/Drivers/USB/Class/Device/CDCClassDevice.o
 .debug_abbrev  0x0000000000001bcf      0x26b lufa/LUFA/Drivers/USB/Class/Device/HIDClassDevice.o
 .debug_abbrev  0x0000000000001e3a      0x2b9 lufa/LUFA/Drivers/USB/Class/Device/MassStorageClassDevice.o
 .debug_abbrev  0x00000000000020f3      0x243 lufa/LUFA/Drivers/USB/Class/Device/MIDIClassDevice.o
 .debug_abbrev  0x0000000000002336      0x343 lufa/LUFA/Drivers/USB/Class/Device/PrinterClassDevice.o
 .debug_abbrev  0x0000000000002679      0x376 lufa/LUFA/Drivers/USB/Class/Device/RNDISClassDevice.o
 .debug_abbrev  0x00000000000029ef       0x26 lufa/LUFA/Drivers/USB/Class/Host/AndroidAccessoryClassHost.o
 .debug_abbrev  0x0000000000002a15       0x26 lufa/LUFA/Drivers/USB/Class/Host/AudioClassHost.o
 .debug_abbrev  0x0000000000002a3b       0x26 lufa/LUFA/Drivers/USB/Class/Host/CDCClassHost.o
 .debug_abbrev  0x0000000000002a61       0x26 lufa/LUFA/Drivers/USB/Class/Host/HIDClassHost.o
 .debug_abbrev  0x0000000000002a87       0x26 lufa/LUFA/Drivers/USB/Class/Host/MassStorageClassHost.o
 .debug_abbrev  0x0000000000002aad       0x26 lufa/LUFA/Drivers/USB/Class/Host/MIDIClassHost.o
 .debug_abbrev  0x0000000000002ad3       0x26 lufa/LUFA/Drivers/USB/Class/Host/PrinterClassHost.o
 .debug_abbrev  0x0000000000002af9       0x26 lufa/LUFA/Drivers/USB/Class/Host/RNDISClassHost.o
 .debug_abbrev  0x0000000000002b1f       0x26 lufa/LUFA/Drivers/USB/Class/Host/StillImageClassHost.o

.debug_line     0x0000000000000000     0x3e34
 *(.debug_line)
 .debug_line    0x0000000000000000      0x359 MIDI.o
 .debug_line    0x0000000000000359      0x182 Descriptors.o
 .debug_line    0x00000000000004db      0x222 lufa/LUFA/Drivers/USB/Class/Common/HIDParser.o
 .debug_line    0x00000000000006fd       0xe6 lufa/LUFA/Drivers/USB/Core/AVR8/Device_AVR8.o
 .debug_line    0x00000000000007e3      0xbc6 lufa/LUFA/Drivers/USB/Core/AVR8/EndpointStream_AVR8.o
 .debug_line    0x00000000000013a9      0x321 lufa/LUFA/Drivers/USB/Core/AVR8/Endpoint_AVR8.o
 .debug_line    0x00000000000016ca       0x1a lufa/LUFA/Drivers/USB/Core/AVR8/Host_AVR8.o
 .debug_line    0x00000000000016e4       0x1a lufa/LUFA/Drivers/USB/Core/AVR8/PipeStream_AVR8.o
 .debug_line    0x00000000000016fe       0x1a lufa/LUFA/Drivers/USB/Core/AVR8/Pipe_AVR8.o
 .debug_line    0x0000000000001718      0x24d lufa/LUFA/Drivers/USB/Core/AVR8/USBController_AVR8.o
 .debug_line    0x0000000000001965      0x358 lufa/LUFA/Drivers/USB/Core/AVR8/USBInterrupt_AVR8.o
 .debug_line    0x0000000000001cbd      0x13d lufa/LUFA/Drivers/USB/Core/ConfigDescriptors.o
 .debug_line    0x0000000000001dfa      0x2f5 lufa/LUFA/Drivers/USB/Core/DeviceStandardReq.o
 .debug_line    0x00000000000020ef       0x50 lufa/LUFA/Drivers/USB/Core/Events.o
 .debug_line    0x000000000000213f       0x1a lufa/LUFA/Drivers/USB/Core/HostStandardReq.o
 .debug_line    0x0000000000002159      0x130 lufa/LUFA/Drivers/USB/Core/USBTask.o
 .debug_line    0x0000000000002289      0x2b7 lufa/LUFA/Drivers/USB/Class/Device/AudioClassDevice.o
 .debug_line    0x0000000000002540      0x5f4 lufa/LUFA/Drivers/USB/Class/Device/CDCClassDevice.o
 .debug_line    0x0000000000002b34      0x377 lufa/LUFA/Drivers/USB/Class/Device/HIDClassDevice.o
 .debug_line    0x0000000000002eab      0x332 lufa/LUFA/Drivers/USB/Class/Device/MassStorageClassDevice.o
 .debug_line    0x00000000000031dd      0x2bc lufa/LUFA/Drivers/USB/Class/Device/MIDIClassDevice.o
 .debug_line    0x0000000000003499      0x492 lufa/LUFA/Drivers/USB/Class/Device/PrinterClassDevice.o
 .debug_line    0x000000000000392b      0x41f lufa/LUFA/Drivers/USB/Class/Device/RNDISClassDevice.o
 .debug_line    0x0000000000003d4a       0x1a lufa/LUFA/Drivers/USB/Class/Host/AndroidAccessoryClassHost.o
 .debug_line    0x0000000000003d64       0x1a lufa/LUFA/Drivers/USB/Class/Host/AudioClassHost.o
 .debug_line    0x0000000000003d7e       0x1a lufa/LUFA/Drivers/USB/Class/Host/CDCClassHost.o
 .debug_line    0x0000000000003d98       0x1a lufa/LUFA/Drivers/USB/Class/Host/HIDClassHost.o
 .debug_line    0x0000000000003db2       0x1a lufa/LUFA/Drivers/USB/Class/Host/MassStorageClassHost.o
 .debug_line    0x0000000000003dcc       0x1a lufa/LUFA/Drivers/USB/Class/Host/MIDIClassHost.o
 .debug_line    0x0000000000003de6       0x1a lufa/LUFA/Drivers/USB/Class/Host/PrinterClassHost.o
 .debug_line    0x0000000000003e00       0x1a lufa/LUFA/Drivers/USB/Class/Host/RNDISClassHost.o
 .debug_line    0x0000000000003e1a       0x1a lufa/LUFA/Drivers/USB/Class/Host/StillImageClassHost.o

.debug_frame    0x0000000000000000      0xf64
 *(.debug_frame)
 .debug_frame   0x0000000000000000       0xf4 MIDI.o
 .debug_frame   0x00000000000000f4       0x24 Descriptors.o
 .debug_frame   0x0000000000000118      0x114 lufa/LUFA/Drivers/USB/Class/Common/HIDParser.o
 .debug_frame   0x000000000000022c       0x24 lufa/LUFA/Drivers/USB/Core/AVR8/Device_AVR8.o
 .debug_frame   0x0000000000000250      0x3ac lufa/LUFA/Drivers/USB/Core/AVR8/EndpointStream_AVR8.o
 .debug_frame   0x00000000000005fc       0x78 lufa/LUFA/Drivers/USB/Core/AVR8/Endpoint_AVR8.o
 .debug_frame   0x0000000000000674       0x58 lufa/LUFA/Drivers/USB/Core/AVR8/USBController_AVR8.o
 .debug_frame   0x00000000000006cc       0x8c lufa/LUFA/Drivers/USB/Core/AVR8/USBInterrupt_AVR8.o
 .debug_frame   0x0000000000000758      0x108 lufa/LUFA/Drivers/USB/Core/ConfigDescriptors.o
 .debug_frame   0x0000000000000860       0x3c lufa/LUFA/Drivers/USB/Core/DeviceStandardReq.o
 .debug_frame   0x000000000000089c       0x24 lufa/LUFA/Drivers/USB/Core/Events.o
 .debug_frame   0x00000000000008c0       0x2c lufa/LUFA/Drivers/USB/Core/USBTask.o
 .debug_frame   0x00000000000008ec       0xa8 lufa/LUFA/Drivers/USB/Class/Device/AudioClassDevice.o
 .debug_frame   0x0000000000000994      0x1a0 lufa/LUFA/Drivers/USB/Class/Device/CDCClassDevice.o
 .debug_frame   0x0000000000000b34       0xe4 lufa/LUFA/Drivers/USB/Class/Device/HIDClassDevice.o
 .debug_frame   0x0000000000000c18       0x80 lufa/LUFA/Drivers/USB/Class/Device/MassStorageClassDevice.o
 .debug_frame   0x0000000000000c98       0x70 lufa/LUFA/Drivers/USB/Class/Device/MIDIClassDevice.o
 .debug_frame   0x0000000000000d08      0x144 lufa/LUFA/Drivers/USB/Class/Device/PrinterClassDevice.o
 .debug_frame   0x0000000000000e4c      0x118 lufa/LUFA/Drivers/USB/Class/Device/RNDISClassDevice.o

.debug_str      0x0000000000000000     0x4032
 *(.debug_str)
 .debug_str     0x0000000000000000      0x509 MIDI.o
                                        0x56a (size before relaxing)
 .debug_str     0x0000000000000509      0xb0e Descriptors.o
                                        0xd69 (size before relaxing)
 .debug_str     0x0000000000001017      0x4a2 lufa/LUFA/Drivers/USB/Class/Common/HIDParser.o
                                        0x6b1 (size before relaxing)
 .debug_str     0x00000000000014b9       0x76 lufa/LUFA/Drivers/USB/Core/AVR8/Device_AVR8.o
                                        0x1ed (size before relaxing)
 .debug_str     0x000000000000152f      0x67d lufa/LUFA/Drivers/USB/Core/AVR8/EndpointStream_AVR8.o
                                        0x85c (size before relaxing)
 .debug_str     0x0000000000001bac      0x2d5 lufa/LUFA/Drivers/USB/Core/AVR8/Endpoint_AVR8.o
                                        0x60f (size before relaxing)
 .debug_str     0x0000000000001e81       0x2c lufa/LUFA/Drivers/USB/Core/AVR8/Host_AVR8.o
                                        0x18c (size before relaxing)
 .debug_str     0x0000000000001ead       0x32 lufa/LUFA/Drivers/USB/Core/AVR8/PipeStream_AVR8.o
                                        0x192 (size before relaxing)
 .debug_str     0x0000000000001edf       0x2c lufa/LUFA/Drivers/USB/Core/AVR8/Pipe_AVR8.o
                                        0x18c (size before relaxing)
 .debug_str     0x0000000000001f0b      0x27b lufa/LUFA/Drivers/USB/Core/AVR8/USBController_AVR8.o
                                        0x54e (size before relaxing)
 .debug_str     0x0000000000002186      0x116 lufa/LUFA/Drivers/USB/Core/AVR8/USBInterrupt_AVR8.o
                                        0x523 (size before relaxing)
 .debug_str     0x000000000000229c      0x226 lufa/LUFA/Drivers/USB/Core/ConfigDescriptors.o
                                        0x3d5 (size before relaxing)
 .debug_str     0x00000000000024c2      0x421 lufa/LUFA/Drivers/USB/Core/DeviceStandardReq.o
                                        0x9c1 (size before relaxing)
 .debug_str     0x00000000000028e3       0x33 lufa/LUFA/Drivers/USB/Core/Events.o
                                        0x193 (size before relaxing)
 .debug_str     0x0000000000002916       0x2d lufa/LUFA/Drivers/USB/Core/HostStandardReq.o
                                        0x18d (size before relaxing)
 .debug_str     0x0000000000002943       0x5d lufa/LUFA/Drivers/USB/Core/USBTask.o
                                        0x374 (size before relaxing)
 .debug_str     0x00000000000029a0      0x280 lufa/LUFA/Drivers/USB/Class/Device/AudioClassDevice.o
                                        0x6a9 (size before relaxing)
 .debug_str     0x0000000000002c20      0x3f1 lufa/LUFA/Drivers/USB/Class/Device/CDCClassDevice.o
                                        0xa61 (size before relaxing)
 .debug_str     0x0000000000003011      0x24a lufa/LUFA/Drivers/USB/Class/Device/HIDClassDevice.o
                                        0x6fb (size before relaxing)
 .debug_str     0x000000000000325b      0x263 lufa/LUFA/Drivers/USB/Class/Device/MassStorageClassDevice.o
                                        0x801 (size before relaxing)
 .debug_str     0x00000000000034be       0x35 lufa/LUFA/Drivers/USB/Class/Device/MIDIClassDevice.o
                                        0x66a (size before relaxing)
 .debug_str     0x00000000000034f3      0x26b lufa/LUFA/Drivers/USB/Class/Device/PrinterClassDevice.o
                                        0x933 (size before relaxing)
 .debug_str     0x000000000000375e      0x6ff lufa/LUFA/Drivers/USB/Class/Device/RNDISClassDevice.o
                                        0xd6b (size before relaxing)
 .debug_str     0x0000000000003e5d       0x3d lufa/LUFA/Drivers/USB/Class/Host/AndroidAccessoryClassHost.o
                                        0x19d (size before relaxing)
 .debug_str     0x0000000000003e9a       0x32 lufa/LUFA/Drivers/USB/Class/Host/AudioClassHost.o
                                        0x192 (size before relaxing)
 .debug_str     0x0000000000003ecc       0x30 lufa/LUFA/Drivers/USB/Class/Host/CDCClassHost.o
                                        0x190 (size before relaxing)
 .debug_str     0x0000000000003efc       0x30 lufa/LUFA/Drivers/USB/Class/Host/HIDClassHost.o
                                        0x190 (size before relaxing)
 .debug_str     0x0000000000003f2c       0x38 lufa/LUFA/Drivers/USB/Class/Host/MassStorageClassHost.o
                                        0x198 (size before relaxing)
 .debug_str     0x0000000000003f64       0x31 lufa/LUFA/Drivers/USB/Class/Host/MIDIClassHost.o
                                        0x191 (size before relaxing)
 .debug_str     0x0000000000003f95       0x34 lufa/LUFA/Drivers/USB/Class/Host/PrinterClassHost.o
                                        0x194 (size before relaxing)
 .debug_str     0x0000000000003fc9       0x32 lufa/LUFA/Drivers/USB/Class/Host/RNDISClassHost.o
                                        0x192 (size before relaxing)
 .debug_str     0x0000000000003ffb       0x37 lufa/LUFA/Drivers/USB/Class/Host/StillImageClassHost.o
                                        0x197 (size before relaxing)

.debug_loc      0x0000000000000000     0x68fc
 *(.debug_loc)
 .debug_loc     0x0000000000000000      0x1d6 MIDI.o
 .debug_loc     0x00000000000001d6      0x186 Descriptors.o
 .debug_loc     0x000000000000035c      0xab2 lufa/LUFA/Drivers/USB/Class/Common/HIDParser.o
 .debug_loc     0x0000000000000e0e     0x1db2 lufa/LUFA/Drivers/USB/Core/AVR8/EndpointStream_AVR8.o
 .debug_loc     0x0000000000002bc0      0x3f2 lufa/LUFA/Drivers/USB/Core/AVR8/Endpoint_AVR8.o
 .debug_loc     0x0000000000002fb2       0x49 lufa/LUFA/Drivers/USB/Core/AVR8/USBController_AVR8.o
 .debug_loc     0x0000000000002ffb      0x247 lufa/LUFA/Drivers/USB/Core/AVR8/USBInterrupt_AVR8.o
 .debug_loc     0x0000000000003242      0x5bd lufa/LUFA/Drivers/USB/Core/ConfigDescriptors.o
 .debug_loc     0x00000000000037ff      0x2be lufa/LUFA/Drivers/USB/Core/DeviceStandardReq.o
 .debug_loc     0x0000000000003abd       0x49 lufa/LUFA/Drivers/USB/Core/USBTask.o
 .debug_loc     0x0000000000003b06      0x37c lufa/LUFA/Drivers/USB/Class/Device/AudioClassDevice.o
 .debug_loc     0x0000000000003e82      0xa9d lufa/LUFA/Drivers/USB/Class/Device/CDCClassDevice.o
 .debug_loc     0x000000000000491f      0x43e lufa/LUFA/Drivers/USB/Class/Device/HIDClassDevice.o
 .debug_loc     0x0000000000004d5d      0x29f lufa/LUFA/Drivers/USB/Class/Device/MassStorageClassDevice.o
 .debug_loc     0x0000000000004ffc      0x2b8 lufa/LUFA/Drivers/USB/Class/Device/MIDIClassDevice.o
 .debug_loc     0x00000000000052b4      0x84c lufa/LUFA/Drivers/USB/Class/Device/PrinterClassDevice.o
 .debug_loc     0x0000000000005b00      0xdfc lufa/LUFA/Drivers/USB/Class/Device/RNDISClassDevice.o

.debug_macinfo
 *(.debug_macinfo)

.debug_pubtypes
 *(.debug_pubtypes)

.debug_ranges   0x0000000000000000      0x718
 *(.debug_ranges)
 .debug_ranges  0x0000000000000000       0x60 MIDI.o
 .debug_ranges  0x0000000000000060       0x10 Descriptors.o
 .debug_ranges  0x0000000000000070       0xd0 lufa/LUFA/Drivers/USB/Class/Common/HIDParser.o
 .debug_ranges  0x0000000000000140       0x10 lufa/LUFA/Drivers/USB/Core/AVR8/Device_AVR8.o
 .debug_ranges  0x0000000000000150      0x250 lufa/LUFA/Drivers/USB/Core/AVR8/EndpointStream_AVR8.o
 .debug_ranges  0x00000000000003a0       0x90 lufa/LUFA/Drivers/USB/Core/AVR8/Endpoint_AVR8.o
 .debug_ranges  0x0000000000000430       0x20 lufa/LUFA/Drivers/USB/Core/AVR8/USBController_AVR8.o
 .debug_ranges  0x0000000000000450       0x20 lufa/LUFA/Drivers/USB/Core/AVR8/USBInterrupt_AVR8.o
 .debug_ranges  0x0000000000000470       0x30 lufa/LUFA/Drivers/USB/Core/ConfigDescriptors.o
 .debug_ranges  0x00000000000004a0       0x28 lufa/LUFA/Drivers/USB/Core/DeviceStandardReq.o
 .debug_ranges  0x00000000000004c8       0x10 lufa/LUFA/Drivers/USB/Core/Events.o
 .debug_ranges  0x00000000000004d8       0x10 lufa/LUFA/Drivers/USB/Core/USBTask.o
 .debug_ranges  0x00000000000004e8       0x20 lufa/LUFA/Drivers/USB/Class/Device/AudioClassDevice.o
 .debug_ranges  0x0000000000000508       0x98 lufa/LUFA/Drivers/USB/Class/Device/CDCClassDevice.o
 .debug_ranges  0x00000000000005a0       0x20 lufa/LUFA/Drivers/USB/Class/Device/HIDClassDevice.o
 .debug_ranges  0x00000000000005c0       0x20 lufa/LUFA/Drivers/USB/Class/Device/MassStorageClassDevice.o
 .debug_ranges  0x00000000000005e0       0x30 lufa/LUFA/Drivers/USB/Class/Device/MIDIClassDevice.o
 .debug_ranges  0x0000000000000610       0x80 lufa/LUFA/Drivers/USB/Class/Device/PrinterClassDevice.o
 .debug_ranges  0x0000000000000690       0x88 lufa/LUFA/Drivers/USB/Class/Device/RNDISClassDevice.o

.debug_macro
 *(.debug_macro)
OUTPUT(MIDI.elf elf32-avr)
LOAD linker stubs

Cross Reference Table

Symbol                                            File
Audio_Device_ConfigureEndpoints                   lufa/LUFA/Drivers/USB/Class/Device/AudioClassDevice.o
Audio_Device_Event_Stub                           lufa/LUFA/Drivers/USB/Class/Device/AudioClassDevice.o
Audio_Device_ProcessControlRequest                lufa/LUFA/Drivers/USB/Class/Device/AudioClassDevice.o
CALLBACK_Audio_Device_GetSetEndpointProperty      lufa/LUFA/Drivers/USB/Class/Device/AudioClassDevice.o
CALLBACK_Audio_Device_GetSetInterfaceProperty     lufa/LUFA/Drivers/USB/Class/Device/AudioClassDevice.o
CALLBACK_HIDParser_FilterHIDReportItem            lufa/LUFA/Drivers/USB/Class/Common/HIDParser.o
CALLBACK_HID_Device_CreateHIDReport               lufa/LUFA/Drivers/USB/Class/Device/HIDClassDevice.o
CALLBACK_HID_Device_ProcessHIDReport              lufa/LUFA/Drivers/USB/Class/Device/HIDClassDevice.o
CALLBACK_MS_Device_SCSICommandReceived            lufa/LUFA/Drivers/USB/Class/Device/MassStorageClassDevice.o
CALLBACK_USB_GetDescriptor                        Descriptors.o
                                                  lufa/LUFA/Drivers/USB/Core/DeviceStandardReq.o
CDC_Device_BytesReceived                          lufa/LUFA/Drivers/USB/Class/Device/CDCClassDevice.o
CDC_Device_ConfigureEndpoints                     lufa/LUFA/Drivers/USB/Class/Device/CDCClassDevice.o
CDC_Device_CreateBlockingStream                   lufa/LUFA/Drivers/USB/Class/Device/CDCClassDevice.o
CDC_Device_CreateStream                           lufa/LUFA/Drivers/USB/Class/Device/CDCClassDevice.o
CDC_Device_Event_Stub                             lufa/LUFA/Drivers/USB/Class/Device/CDCClassDevice.o
CDC_Device_Flush                                  lufa/LUFA/Drivers/USB/Class/Device/CDCClassDevice.o
CDC_Device_ProcessControlRequest                  lufa/LUFA/Drivers/USB/Class/Device/CDCClassDevice.o
CDC_Device_ReceiveByte                            lufa/LUFA/Drivers/USB/Class/Device/CDCClassDevice.o
CDC_Device_SendByte                               lufa/LUFA/Drivers/USB/Class/Device/CDCClassDevice.o
CDC_Device_SendControlLineStateChange             lufa/LUFA/Drivers/USB/Class/Device/CDCClassDevice.o
CDC_Device_SendData                               lufa/LUFA/Drivers/USB/Class/Device/CDCClassDevice.o
CDC_Device_SendData_P                             lufa/LUFA/Drivers/USB/Class/Device/CDCClassDevice.o
CDC_Device_SendString                             lufa/LUFA/Drivers/USB/Class/Device/CDCClassDevice.o
CDC_Device_SendString_P                           lufa/LUFA/Drivers/USB/Class/Device/CDCClassDevice.o
CDC_Device_USBTask                                lufa/LUFA/Drivers/USB/Class/Device/CDCClassDevice.o
ConfigurationDescriptor                           Descriptors.o
DeviceDescriptor                                  Descriptors.o
EVENT_Audio_Device_StreamStartStop                lufa/LUFA/Drivers/USB/Class/Device/AudioClassDevice.o
EVENT_CDC_Device_BreakSent                        lufa/LUFA/Drivers/USB/Class/Device/CDCClassDevice.o
EVENT_CDC_Device_ControLineStateChanged           lufa/LUFA/Drivers/USB/Class/Device/CDCClassDevice.o
EVENT_CDC_Device_LineEncodingChanged              lufa/LUFA/Drivers/USB/Class/Device/CDCClassDevice.o
EVENT_PRNT_Device_SoftReset                       lufa/LUFA/Drivers/USB/Class/Device/PrinterClassDevice.o
EVENT_USB_Device_ConfigurationChanged             MIDI.o
                                                  lufa/LUFA/Drivers/USB/Core/DeviceStandardReq.o
EVENT_USB_Device_Connect                          MIDI.o
                                                  lufa/LUFA/Drivers/USB/Core/AVR8/USBInterrupt_AVR8.o
EVENT_USB_Device_ControlRequest                   MIDI.o
                                                  lufa/LUFA/Drivers/USB/Core/DeviceStandardReq.o
EVENT_USB_Device_Disconnect                       MIDI.o
                                                  lufa/LUFA/Drivers/USB/Core/AVR8/USBInterrupt_AVR8.o
EVENT_USB_Device_Reset                            lufa/LUFA/Drivers/USB/Core/Events.o
                                                  lufa/LUFA/Drivers/USB/Core/AVR8/USBInterrupt_AVR8.o
EVENT_USB_Device_StartOfFrame                     lufa/LUFA/Drivers/USB/Core/Events.o
                                                  lufa/LUFA/Drivers/USB/Core/AVR8/USBInterrupt_AVR8.o
EVENT_USB_Device_Suspend                          lufa/LUFA/Drivers/USB/Core/Events.o
                                                  lufa/LUFA/Drivers/USB/Core/AVR8/USBInterrupt_AVR8.o
EVENT_USB_Device_WakeUp                           lufa/LUFA/Drivers/USB/Core/Events.o
                                                  lufa/LUFA/Drivers/USB/Core/AVR8/USBInterrupt_AVR8.o
Endpoint_ClearEndpoints                           lufa/LUFA/Drivers/USB/Core/AVR8/Endpoint_AVR8.o
Endpoint_ClearStatusStage                         lufa/LUFA/Drivers/USB/Core/AVR8/Endpoint_AVR8.o
                                                  lufa/LUFA/Drivers/USB/Class/Device/PrinterClassDevice.o
                                                  lufa/LUFA/Drivers/USB/Class/Device/MassStorageClassDevice.o
                                                  lufa/LUFA/Drivers/USB/Class/Device/HIDClassDevice.o
                                                  lufa/LUFA/Drivers/USB/Class/Device/CDCClassDevice.o
                                                  lufa/LUFA/Drivers/USB/Class/Device/AudioClassDevice.o
                                                  lufa/LUFA/Drivers/USB/Core/DeviceStandardReq.o
Endpoint_ConfigureEndpointTable                   lufa/LUFA/Drivers/USB/Core/AVR8/Endpoint_AVR8.o
                                                  lufa/LUFA/Drivers/USB/Class/Device/RNDISClassDevice.o
                                                  lufa/LUFA/Drivers/USB/Class/Device/PrinterClassDevice.o
                                                  lufa/LUFA/Drivers/USB/Class/Device/MIDIClassDevice.o
                                                  lufa/LUFA/Drivers/USB/Class/Device/MassStorageClassDevice.o
                                                  lufa/LUFA/Drivers/USB/Class/Device/HIDClassDevice.o
                                                  lufa/LUFA/Drivers/USB/Class/Device/CDCClassDevice.o
                                                  lufa/LUFA/Drivers/USB/Class/Device/AudioClassDevice.o
Endpoint_ConfigureEndpoint_Prv                    lufa/LUFA/Drivers/USB/Core/AVR8/Endpoint_AVR8.o
                                                  lufa/LUFA/Drivers/USB/Core/AVR8/USBInterrupt_AVR8.o
                                                  lufa/LUFA/Drivers/USB/Core/AVR8/USBController_AVR8.o
Endpoint_Discard_Stream                           lufa/LUFA/Drivers/USB/Core/AVR8/EndpointStream_AVR8.o
Endpoint_Null_Stream                              lufa/LUFA/Drivers/USB/Core/AVR8/EndpointStream_AVR8.o
Endpoint_Read_Control_EStream_BE                  lufa/LUFA/Drivers/USB/Core/AVR8/EndpointStream_AVR8.o
Endpoint_Read_Control_EStream_LE                  lufa/LUFA/Drivers/USB/Core/AVR8/EndpointStream_AVR8.o
Endpoint_Read_Control_Stream_BE                   lufa/LUFA/Drivers/USB/Core/AVR8/EndpointStream_AVR8.o
Endpoint_Read_Control_Stream_LE                   lufa/LUFA/Drivers/USB/Core/AVR8/EndpointStream_AVR8.o
                                                  lufa/LUFA/Drivers/USB/Class/Device/RNDISClassDevice.o
                                                  lufa/LUFA/Drivers/USB/Class/Device/HIDClassDevice.o
                                                  lufa/LUFA/Drivers/USB/Class/Device/AudioClassDevice.o
Endpoint_Read_EStream_BE                          lufa/LUFA/Drivers/USB/Core/AVR8/EndpointStream_AVR8.o
Endpoint_Read_EStream_LE                          lufa/LUFA/Drivers/USB/Core/AVR8/EndpointStream_AVR8.o
Endpoint_Read_Stream_BE                           lufa/LUFA/Drivers/USB/Core/AVR8/EndpointStream_AVR8.o
Endpoint_Read_Stream_LE                           lufa/LUFA/Drivers/USB/Core/AVR8/EndpointStream_AVR8.o
                                                  lufa/LUFA/Drivers/USB/Class/Device/RNDISClassDevice.o
                                                  lufa/LUFA/Drivers/USB/Class/Device/MIDIClassDevice.o
                                                  lufa/LUFA/Drivers/USB/Class/Device/MassStorageClassDevice.o
Endpoint_WaitUntilReady                           lufa/LUFA/Drivers/USB/Core/AVR8/Endpoint_AVR8.o
                                                  lufa/LUFA/Drivers/USB/Class/Device/RNDISClassDevice.o
                                                  lufa/LUFA/Drivers/USB/Class/Device/PrinterClassDevice.o
                                                  lufa/LUFA/Drivers/USB/Class/Device/MIDIClassDevice.o
                                                  lufa/LUFA/Drivers/USB/Class/Device/CDCClassDevice.o
                                                  lufa/LUFA/Drivers/USB/Core/AVR8/EndpointStream_AVR8.o
Endpoint_Write_Control_EStream_BE                 lufa/LUFA/Drivers/USB/Core/AVR8/EndpointStream_AVR8.o
Endpoint_Write_Control_EStream_LE                 lufa/LUFA/Drivers/USB/Core/AVR8/EndpointStream_AVR8.o
Endpoint_Write_Control_PStream_BE                 lufa/LUFA/Drivers/USB/Core/AVR8/EndpointStream_AVR8.o
Endpoint_Write_Control_PStream_LE                 lufa/LUFA/Drivers/USB/Core/AVR8/EndpointStream_AVR8.o
                                                  lufa/LUFA/Drivers/USB/Core/DeviceStandardReq.o
Endpoint_Write_Control_Stream_BE                  lufa/LUFA/Drivers/USB/Core/AVR8/EndpointStream_AVR8.o
Endpoint_Write_Control_Stream_LE                  lufa/LUFA/Drivers/USB/Core/AVR8/EndpointStream_AVR8.o
                                                  lufa/LUFA/Drivers/USB/Class/Device/RNDISClassDevice.o
                                                  lufa/LUFA/Drivers/USB/Class/Device/PrinterClassDevice.o
                                                  lufa/LUFA/Drivers/USB/Class/Device/HIDClassDevice.o
                                                  lufa/LUFA/Drivers/USB/Class/Device/AudioClassDevice.o
                                                  lufa/LUFA/Drivers/USB/Core/DeviceStandardReq.o
Endpoint_Write_EStream_BE                         lufa/LUFA/Drivers/USB/Core/AVR8/EndpointStream_AVR8.o
Endpoint_Write_EStream_LE                         lufa/LUFA/Drivers/USB/Core/AVR8/EndpointStream_AVR8.o
Endpoint_Write_PStream_BE                         lufa/LUFA/Drivers/USB/Core/AVR8/EndpointStream_AVR8.o
Endpoint_Write_PStream_LE                         lufa/LUFA/Drivers/USB/Core/AVR8/EndpointStream_AVR8.o
                                                  lufa/LUFA/Drivers/USB/Class/Device/CDCClassDevice.o
Endpoint_Write_Stream_BE                          lufa/LUFA/Drivers/USB/Core/AVR8/EndpointStream_AVR8.o
Endpoint_Write_Stream_LE                          lufa/LUFA/Drivers/USB/Core/AVR8/EndpointStream_AVR8.o
                                                  lufa/LUFA/Drivers/USB/Class/Device/RNDISClassDevice.o
                                                  lufa/LUFA/Drivers/USB/Class/Device/PrinterClassDevice.o
                                                  lufa/LUFA/Drivers/USB/Class/Device/MIDIClassDevice.o
                                                  lufa/LUFA/Drivers/USB/Class/Device/MassStorageClassDevice.o
                                                  lufa/LUFA/Drivers/USB/Class/Device/HIDClassDevice.o
                                                  lufa/LUFA/Drivers/USB/Class/Device/CDCClassDevice.o
HID_Device_ConfigureEndpoints                     lufa/LUFA/Drivers/USB/Class/Device/HIDClassDevice.o
HID_Device_ProcessControlRequest                  lufa/LUFA/Drivers/USB/Class/Device/HIDClassDevice.o
HID_Device_USBTask                                lufa/LUFA/Drivers/USB/Class/Device/HIDClassDevice.o
Keyboard_MIDI_Interface                           MIDI.o
LanguageString                                    Descriptors.o
MIDI_Device_ConfigureEndpoints                    lufa/LUFA/Drivers/USB/Class/Device/MIDIClassDevice.o
                                                  MIDI.o
MIDI_Device_Flush                                 lufa/LUFA/Drivers/USB/Class/Device/MIDIClassDevice.o
                                                  MIDI.o
MIDI_Device_ReceiveEventPacket                    lufa/LUFA/Drivers/USB/Class/Device/MIDIClassDevice.o
                                                  MIDI.o
MIDI_Device_SendEventPacket                       lufa/LUFA/Drivers/USB/Class/Device/MIDIClassDevice.o
                                                  MIDI.o
MIDI_Device_USBTask                               lufa/LUFA/Drivers/USB/Class/Device/MIDIClassDevice.o
                                                  MIDI.o
MS_Device_ConfigureEndpoints                      lufa/LUFA/Drivers/USB/Class/Device/MassStorageClassDevice.o
MS_Device_ProcessControlRequest                   lufa/LUFA/Drivers/USB/Class/Device/MassStorageClassDevice.o
MS_Device_USBTask                                 lufa/LUFA/Drivers/USB/Class/Device/MassStorageClassDevice.o
ManufacturerString                                Descriptors.o
PRNT_Device_BytesReceived                         lufa/LUFA/Drivers/USB/Class/Device/PrinterClassDevice.o
PRNT_Device_ConfigureEndpoints                    lufa/LUFA/Drivers/USB/Class/Device/PrinterClassDevice.o
PRNT_Device_CreateBlockingStream                  lufa/LUFA/Drivers/USB/Class/Device/PrinterClassDevice.o
PRNT_Device_CreateStream                          lufa/LUFA/Drivers/USB/Class/Device/PrinterClassDevice.o
PRNT_Device_Event_Stub                            lufa/LUFA/Drivers/USB/Class/Device/PrinterClassDevice.o
PRNT_Device_Flush                                 lufa/LUFA/Drivers/USB/Class/Device/PrinterClassDevice.o
PRNT_Device_ProcessControlRequest                 lufa/LUFA/Drivers/USB/Class/Device/PrinterClassDevice.o
PRNT_Device_ReceiveByte                           lufa/LUFA/Drivers/USB/Class/Device/PrinterClassDevice.o
PRNT_Device_SendByte                              lufa/LUFA/Drivers/USB/Class/Device/PrinterClassDevice.o
PRNT_Device_SendData                              lufa/LUFA/Drivers/USB/Class/Device/PrinterClassDevice.o
PRNT_Device_SendString                            lufa/LUFA/Drivers/USB/Class/Device/PrinterClassDevice.o
PRNT_Device_USBTask                               lufa/LUFA/Drivers/USB/Class/Device/PrinterClassDevice.o
ProductString                                     Descriptors.o
RNDIS_Device_ConfigureEndpoints                   lufa/LUFA/Drivers/USB/Class/Device/RNDISClassDevice.o
RNDIS_Device_IsPacketReceived                     lufa/LUFA/Drivers/USB/Class/Device/RNDISClassDevice.o
RNDIS_Device_ProcessControlRequest                lufa/LUFA/Drivers/USB/Class/Device/RNDISClassDevice.o
RNDIS_Device_ReadPacket                           lufa/LUFA/Drivers/USB/Class/Device/RNDISClassDevice.o
RNDIS_Device_SendPacket                           lufa/LUFA/Drivers/USB/Class/Device/RNDISClassDevice.o
RNDIS_Device_USBTask                              lufa/LUFA/Drivers/USB/Class/Device/RNDISClassDevice.o
SetupHardware                                     MIDI.o
USB_ControlRequest                                lufa/LUFA/Drivers/USB/Class/Device/RNDISClassDevice.o
                                                  lufa/LUFA/Drivers/USB/Class/Device/PrinterClassDevice.o
                                                  lufa/LUFA/Drivers/USB/Class/Device/MassStorageClassDevice.o
                                                  lufa/LUFA/Drivers/USB/Class/Device/HIDClassDevice.o
                                                  lufa/LUFA/Drivers/USB/Class/Device/CDCClassDevice.o
                                                  lufa/LUFA/Drivers/USB/Class/Device/AudioClassDevice.o
                                                  lufa/LUFA/Drivers/USB/Core/USBTask.o
                                                  lufa/LUFA/Drivers/USB/Core/DeviceStandardReq.o
                                                  lufa/LUFA/Drivers/USB/Core/AVR8/Endpoint_AVR8.o
                                                  lufa/LUFA/Drivers/USB/Core/AVR8/EndpointStream_AVR8.o
USB_DeviceState                                   lufa/LUFA/Drivers/USB/Class/Device/RNDISClassDevice.o
                                                  lufa/LUFA/Drivers/USB/Class/Device/PrinterClassDevice.o
                                                  lufa/LUFA/Drivers/USB/Class/Device/MIDIClassDevice.o
                                                  lufa/LUFA/Drivers/USB/Class/Device/MassStorageClassDevice.o
                                                  lufa/LUFA/Drivers/USB/Class/Device/HIDClassDevice.o
                                                  lufa/LUFA/Drivers/USB/Class/Device/CDCClassDevice.o
                                                  lufa/LUFA/Drivers/USB/Core/USBTask.o
                                                  lufa/LUFA/Drivers/USB/Core/DeviceStandardReq.o
                                                  lufa/LUFA/Drivers/USB/Core/AVR8/USBInterrupt_AVR8.o
                                                  lufa/LUFA/Drivers/USB/Core/AVR8/USBController_AVR8.o
                                                  lufa/LUFA/Drivers/USB/Core/AVR8/Endpoint_AVR8.o
                                                  lufa/LUFA/Drivers/USB/Core/AVR8/EndpointStream_AVR8.o
USB_Device_ConfigurationNumber                    lufa/LUFA/Drivers/USB/Core/DeviceStandardReq.o
                                                  lufa/LUFA/Drivers/USB/Core/AVR8/USBInterrupt_AVR8.o
                                                  lufa/LUFA/Drivers/USB/Core/AVR8/USBController_AVR8.o
USB_Device_CurrentlySelfPowered                   lufa/LUFA/Drivers/USB/Core/DeviceStandardReq.o
                                                  lufa/LUFA/Drivers/USB/Core/AVR8/USBController_AVR8.o
USB_Device_ProcessControlRequest                  lufa/LUFA/Drivers/USB/Core/DeviceStandardReq.o
                                                  lufa/LUFA/Drivers/USB/Core/USBTask.o
USB_Device_RemoteWakeupEnabled                    lufa/LUFA/Drivers/USB/Core/DeviceStandardReq.o
                                                  lufa/LUFA/Drivers/USB/Core/AVR8/USBController_AVR8.o
USB_Device_SendRemoteWakeup                       lufa/LUFA/Drivers/USB/Core/AVR8/Device_AVR8.o
USB_Disable                                       lufa/LUFA/Drivers/USB/Core/AVR8/USBController_AVR8.o
USB_Event_Stub                                    lufa/LUFA/Drivers/USB/Core/Events.o
USB_GetHIDReportItemInfo                          lufa/LUFA/Drivers/USB/Class/Common/HIDParser.o
USB_GetHIDReportSize                              lufa/LUFA/Drivers/USB/Class/Common/HIDParser.o
USB_GetNextDescriptorComp                         lufa/LUFA/Drivers/USB/Core/ConfigDescriptors.o
USB_GetNextDescriptorOfType                       lufa/LUFA/Drivers/USB/Core/ConfigDescriptors.o
USB_GetNextDescriptorOfTypeAfter                  lufa/LUFA/Drivers/USB/Core/ConfigDescriptors.o
USB_GetNextDescriptorOfTypeBefore                 lufa/LUFA/Drivers/USB/Core/ConfigDescriptors.o
USB_INT_ClearAllInterrupts                        lufa/LUFA/Drivers/USB/Core/AVR8/USBInterrupt_AVR8.o
                                                  lufa/LUFA/Drivers/USB/Core/AVR8/USBController_AVR8.o
USB_INT_DisableAllInterrupts                      lufa/LUFA/Drivers/USB/Core/AVR8/USBInterrupt_AVR8.o
                                                  lufa/LUFA/Drivers/USB/Core/AVR8/USBController_AVR8.o
USB_Init                                          lufa/LUFA/Drivers/USB/Core/AVR8/USBController_AVR8.o
                                                  MIDI.o
USB_IsInitialized                                 lufa/LUFA/Drivers/USB/Core/USBTask.o
                                                  lufa/LUFA/Drivers/USB/Core/AVR8/USBController_AVR8.o
USB_ProcessHIDReport                              lufa/LUFA/Drivers/USB/Class/Common/HIDParser.o
USB_ResetInterface                                lufa/LUFA/Drivers/USB/Core/AVR8/USBController_AVR8.o
USB_SetHIDReportItemInfo                          lufa/LUFA/Drivers/USB/Class/Common/HIDParser.o
USB_USBTask                                       lufa/LUFA/Drivers/USB/Core/USBTask.o
                                                  lufa/LUFA/Drivers/USB/Class/Device/PrinterClassDevice.o
                                                  lufa/LUFA/Drivers/USB/Class/Device/MassStorageClassDevice.o
                                                  lufa/LUFA/Drivers/USB/Class/Device/CDCClassDevice.o
                                                  lufa/LUFA/Drivers/USB/Core/AVR8/EndpointStream_AVR8.o
                                                  MIDI.o
__bad_interrupt                                   /usr/lib/gcc/avr/4.8.2/../../../avr/lib/avr5/crtm32u4.o
__bss_end                                         /usr/lib/gcc/avr/4.8.2/avr5/libgcc.a(_clear_bss.o)
__bss_start                                       /usr/lib/gcc/avr/4.8.2/avr5/libgcc.a(_clear_bss.o)
__data_end                                        /usr/lib/gcc/avr/4.8.2/avr5/libgcc.a(_copy_data.o)
__data_load_start                                 /usr/lib/gcc/avr/4.8.2/avr5/libgcc.a(_copy_data.o)
__data_start                                      /usr/lib/gcc/avr/4.8.2/avr5/libgcc.a(_copy_data.o)
__do_clear_bss                                    /usr/lib/gcc/avr/4.8.2/avr5/libgcc.a(_clear_bss.o)
                                                  lufa/LUFA/Drivers/USB/Core/USBTask.o
                                                  lufa/LUFA/Drivers/USB/Core/DeviceStandardReq.o
__do_copy_data                                    /usr/lib/gcc/avr/4.8.2/avr5/libgcc.a(_copy_data.o)
                                                  lufa/LUFA/Drivers/USB/Class/Device/RNDISClassDevice.o
                                                  lufa/LUFA/Drivers/USB/Class/Device/CDCClassDevice.o
                                                  MIDI.o
__eerd_byte_m32u4                                 /usr/lib/gcc/avr/4.8.2/../../../avr/lib/avr5/libc.a(eerd_byte_atmega32u4.o)
                                                  lufa/LUFA/Drivers/USB/Core/AVR8/EndpointStream_AVR8.o
__eeupd_byte_m32u4                                /usr/lib/gcc/avr/4.8.2/../../../avr/lib/avr5/libc.a(eeupd_byte_atmega32u4.o)
                                                  lufa/LUFA/Drivers/USB/Core/AVR8/EndpointStream_AVR8.o
__eeupd_r18_m32u4                                 /usr/lib/gcc/avr/4.8.2/../../../avr/lib/avr5/libc.a(eeupd_byte_atmega32u4.o)
__heap_end                                        /usr/lib/gcc/avr/4.8.2/../../../avr/lib/avr5/crtm32u4.o
__init                                            /usr/lib/gcc/avr/4.8.2/../../../avr/lib/avr5/crtm32u4.o
__stack                                           /usr/lib/gcc/avr/4.8.2/../../../avr/lib/avr5/crtm32u4.o
__strlen_P                                        /usr/lib/gcc/avr/4.8.2/../../../avr/lib/avr5/libc.a(strlen_P.o)
                                                  lufa/LUFA/Drivers/USB/Class/Device/CDCClassDevice.o
__vector_1                                        /usr/lib/gcc/avr/4.8.2/../../../avr/lib/avr5/crtm32u4.o
__vector_10                                       lufa/LUFA/Drivers/USB/Core/AVR8/USBInterrupt_AVR8.o
                                                  /usr/lib/gcc/avr/4.8.2/../../../avr/lib/avr5/crtm32u4.o
__vector_11                                       /usr/lib/gcc/avr/4.8.2/../../../avr/lib/avr5/crtm32u4.o
__vector_12                                       /usr/lib/gcc/avr/4.8.2/../../../avr/lib/avr5/crtm32u4.o
__vector_13                                       /usr/lib/gcc/avr/4.8.2/../../../avr/lib/avr5/crtm32u4.o
__vector_14                                       /usr/lib/gcc/avr/4.8.2/../../../avr/lib/avr5/crtm32u4.o
__vector_15                                       /usr/lib/gcc/avr/4.8.2/../../../avr/lib/avr5/crtm32u4.o
__vector_16                                       /usr/lib/gcc/avr/4.8.2/../../../avr/lib/avr5/crtm32u4.o
__vector_17                                       /usr/lib/gcc/avr/4.8.2/../../../avr/lib/avr5/crtm32u4.o
__vector_18                                       /usr/lib/gcc/avr/4.8.2/../../../avr/lib/avr5/crtm32u4.o
__vector_19                                       /usr/lib/gcc/avr/4.8.2/../../../avr/lib/avr5/crtm32u4.o
__vector_2                                        /usr/lib/gcc/avr/4.8.2/../../../avr/lib/avr5/crtm32u4.o
__vector_20                                       /usr/lib/gcc/avr/4.8.2/../../../avr/lib/avr5/crtm32u4.o
__vector_21                                       /usr/lib/gcc/avr/4.8.2/../../../avr/lib/avr5/crtm32u4.o
__vector_22                                       /usr/lib/gcc/avr/4.8.2/../../../avr/lib/avr5/crtm32u4.o
__vector_23                                       /usr/lib/gcc/avr/4.8.2/../../../avr/lib/avr5/crtm32u4.o
__vector_24                                       /usr/lib/gcc/avr/4.8.2/../../../avr/lib/avr5/crtm32u4.o
__vector_25                                       /usr/lib/gcc/avr/4.8.2/../../../avr/lib/avr5/crtm32u4.o
__vector_26                                       /usr/lib/gcc/avr/4.8.2/../../../avr/lib/avr5/crtm32u4.o
__vector_27                                       /usr/lib/gcc/avr/4.8.2/../../../avr/lib/avr5/crtm32u4.o
__vector_28                                       /usr/lib/gcc/avr/4.8.2/../../../avr/lib/avr5/crtm32u4.o
__vector_29                                       /usr/lib/gcc/avr/4.8.2/../../../avr/lib/avr5/crtm32u4.o
__vector_3                                        /usr/lib/gcc/avr/4.8.2/../../../avr/lib/avr5/crtm32u4.o
__vector_30                                       /usr/lib/gcc/avr/4.8.2/../../../avr/lib/avr5/crtm32u4.o
__vector_31                                       /usr/lib/gcc/avr/4.8.2/../../../avr/lib/avr5/crtm32u4.o
__vector_32                                       /usr/lib/gcc/avr/4.8.2/../../../avr/lib/avr5/crtm32u4.o
__vector_33                                       /usr/lib/gcc/avr/4.8.2/../../../avr/lib/avr5/crtm32u4.o
__vector_34                                       /usr/lib/gcc/avr/4.8.2/../../../avr/lib/avr5/crtm32u4.o
__vector_35                                       /usr/lib/gcc/avr/4.8.2/../../../avr/lib/avr5/crtm32u4.o
__vector_36                                       /usr/lib/gcc/avr/4.8.2/../../../avr/lib/avr5/crtm32u4.o
__vector_37                                       /usr/lib/gcc/avr/4.8.2/../../../avr/lib/avr5/crtm32u4.o
__vector_38                                       /usr/lib/gcc/avr/4.8.2/../../../avr/lib/avr5/crtm32u4.o
__vector_39                                       /usr/lib/gcc/avr/4.8.2/../../../avr/lib/avr5/crtm32u4.o
__vector_4                                        /usr/lib/gcc/avr/4.8.2/../../../avr/lib/avr5/crtm32u4.o
__vector_40                                       /usr/lib/gcc/avr/4.8.2/../../../avr/lib/avr5/crtm32u4.o
__vector_41                                       /usr/lib/gcc/avr/4.8.2/../../../avr/lib/avr5/crtm32u4.o
__vector_42                                       /usr/lib/gcc/avr/4.8.2/../../../avr/lib/avr5/crtm32u4.o
__vector_5                                        /usr/lib/gcc/avr/4.8.2/../../../avr/lib/avr5/crtm32u4.o
__vector_6                                        /usr/lib/gcc/avr/4.8.2/../../../avr/lib/avr5/crtm32u4.o
__vector_7                                        /usr/lib/gcc/avr/4.8.2/../../../avr/lib/avr5/crtm32u4.o
__vector_8                                        /usr/lib/gcc/avr/4.8.2/../../../avr/lib/avr5/crtm32u4.o
__vector_9                                        /usr/lib/gcc/avr/4.8.2/../../../avr/lib/avr5/crtm32u4.o
__vector_default                                  /usr/lib/gcc/avr/4.8.2/../../../avr/lib/avr5/crtm32u4.o
__vectors                                         /usr/lib/gcc/avr/4.8.2/../../../avr/lib/avr5/crtm32u4.o
_exit                                             /usr/lib/gcc/avr/4.8.2/avr5/libgcc.a(_exit.o)
cc_send                                           MIDI.o
exit                                              /usr/lib/gcc/avr/4.8.2/avr5/libgcc.a(_exit.o)
                                                  /usr/lib/gcc/avr/4.8.2/../../../avr/lib/avr5/crtm32u4.o
led_off                                           MIDI.o
led_on                                            MIDI.o
main                                              MIDI.o
                                                  /usr/lib/gcc/avr/4.8.2/../../../avr/lib/avr5/crtm32u4.o
memcmp                                            /usr/lib/gcc/avr/4.8.2/../../../avr/lib/avr5/libc.a(memcmp.o)
                                                  lufa/LUFA/Drivers/USB/Class/Device/HIDClassDevice.o
memcpy                                            /usr/lib/gcc/avr/4.8.2/../../../avr/lib/avr5/libc.a(memcpy.o)
                                                  lufa/LUFA/Drivers/USB/Class/Device/RNDISClassDevice.o
                                                  lufa/LUFA/Drivers/USB/Class/Device/HIDClassDevice.o
memcpy_P                                          /usr/lib/gcc/avr/4.8.2/../../../avr/lib/avr5/libc.a(memcpy_P.o)
                                                  lufa/LUFA/Drivers/USB/Class/Device/RNDISClassDevice.o
memset                                            /usr/lib/gcc/avr/4.8.2/../../../avr/lib/avr5/libc.a(memset.o)
                                                  lufa/LUFA/Drivers/USB/Class/Device/HIDClassDevice.o
noteon_send                                       MIDI.o
raw_ADC                                           MIDI.o
